<?xml version="1.0" encoding="ISO-8859-1" ?>
<link_info>
   <banner>MSP430 Linker PC v21.6.0.LTS</banner>
   <copyright>Copyright (c) 2003-2018 Texas Instruments Incorporated</copyright>
   <link_time>0x64c9d526</link_time>
   <link_errors>0x0</link_errors>
   <output_file>final_project.out</output_file>
   <entry_point>
      <name>_c_int00_noargs</name>
      <address>0x782c</address>
   </entry_point>
   <input_file_list>
      <input_file id="fl-2">
         <path>.\</path>
         <kind>object</kind>
         <file>project.obj</file>
         <name>project.obj</name>
      </input_file>
      <input_file id="fl-7">
         <kind>object</kind>
         <file>&lt;internal&gt;</file>
         <name>&lt;internal&gt;</name>
      </input_file>
      <input_file id="fl-1d">
         <path>C:\ti\ccs1200\ccs\tools\compiler\ti-cgt-msp430_21.6.0.LTS\lib\</path>
         <kind>archive</kind>
         <file>rts430_eabi.lib</file>
         <name>printf.c.obj</name>
      </input_file>
      <input_file id="fl-1e">
         <path>C:\ti\ccs1200\ccs\tools\compiler\ti-cgt-msp430_21.6.0.LTS\lib\</path>
         <kind>archive</kind>
         <file>rts430_eabi.lib</file>
         <name>_printfi.c.obj</name>
      </input_file>
      <input_file id="fl-1f">
         <path>C:\ti\ccs1200\ccs\tools\compiler\ti-cgt-msp430_21.6.0.LTS\lib\</path>
         <kind>archive</kind>
         <file>rts430_eabi.lib</file>
         <name>fputc.c.obj</name>
      </input_file>
      <input_file id="fl-20">
         <path>C:\ti\ccs1200\ccs\tools\compiler\ti-cgt-msp430_21.6.0.LTS\lib\</path>
         <kind>archive</kind>
         <file>rts430_eabi.lib</file>
         <name>fputs.c.obj</name>
      </input_file>
      <input_file id="fl-21">
         <path>C:\ti\ccs1200\ccs\tools\compiler\ti-cgt-msp430_21.6.0.LTS\lib\</path>
         <kind>archive</kind>
         <file>rts430_eabi.lib</file>
         <name>_io_perm.c.obj</name>
      </input_file>
      <input_file id="fl-22">
         <path>C:\ti\ccs1200\ccs\tools\compiler\ti-cgt-msp430_21.6.0.LTS\lib\</path>
         <kind>archive</kind>
         <file>rts430_eabi.lib</file>
         <name>setvbuf.c.obj</name>
      </input_file>
      <input_file id="fl-23">
         <path>C:\ti\ccs1200\ccs\tools\compiler\ti-cgt-msp430_21.6.0.LTS\lib\</path>
         <kind>archive</kind>
         <file>rts430_eabi.lib</file>
         <name>div16u.asm.obj</name>
      </input_file>
      <input_file id="fl-24">
         <path>C:\ti\ccs1200\ccs\tools\compiler\ti-cgt-msp430_21.6.0.LTS\lib\</path>
         <kind>archive</kind>
         <file>rts430_eabi.lib</file>
         <name>div32u.asm.obj</name>
      </input_file>
      <input_file id="fl-25">
         <path>C:\ti\ccs1200\ccs\tools\compiler\ti-cgt-msp430_21.6.0.LTS\lib\</path>
         <kind>archive</kind>
         <file>rts430_eabi.lib</file>
         <name>epilog.asm.obj</name>
      </input_file>
      <input_file id="fl-26">
         <path>C:\ti\ccs1200\ccs\tools\compiler\ti-cgt-msp430_21.6.0.LTS\lib\</path>
         <kind>archive</kind>
         <file>rts430_eabi.lib</file>
         <name>int14.asm.obj</name>
      </input_file>
      <input_file id="fl-27">
         <path>C:\ti\ccs1200\ccs\tools\compiler\ti-cgt-msp430_21.6.0.LTS\lib\</path>
         <kind>archive</kind>
         <file>rts430_eabi.lib</file>
         <name>int15.asm.obj</name>
      </input_file>
      <input_file id="fl-28">
         <path>C:\ti\ccs1200\ccs\tools\compiler\ti-cgt-msp430_21.6.0.LTS\lib\</path>
         <kind>archive</kind>
         <file>rts430_eabi.lib</file>
         <name>int16.asm.obj</name>
      </input_file>
      <input_file id="fl-29">
         <path>C:\ti\ccs1200\ccs\tools\compiler\ti-cgt-msp430_21.6.0.LTS\lib\</path>
         <kind>archive</kind>
         <file>rts430_eabi.lib</file>
         <name>int17.asm.obj</name>
      </input_file>
      <input_file id="fl-2a">
         <path>C:\ti\ccs1200\ccs\tools\compiler\ti-cgt-msp430_21.6.0.LTS\lib\</path>
         <kind>archive</kind>
         <file>rts430_eabi.lib</file>
         <name>int18.asm.obj</name>
      </input_file>
      <input_file id="fl-2b">
         <path>C:\ti\ccs1200\ccs\tools\compiler\ti-cgt-msp430_21.6.0.LTS\lib\</path>
         <kind>archive</kind>
         <file>rts430_eabi.lib</file>
         <name>int19.asm.obj</name>
      </input_file>
      <input_file id="fl-2c">
         <path>C:\ti\ccs1200\ccs\tools\compiler\ti-cgt-msp430_21.6.0.LTS\lib\</path>
         <kind>archive</kind>
         <file>rts430_eabi.lib</file>
         <name>int21.asm.obj</name>
      </input_file>
      <input_file id="fl-2d">
         <path>C:\ti\ccs1200\ccs\tools\compiler\ti-cgt-msp430_21.6.0.LTS\lib\</path>
         <kind>archive</kind>
         <file>rts430_eabi.lib</file>
         <name>int22.asm.obj</name>
      </input_file>
      <input_file id="fl-2e">
         <path>C:\ti\ccs1200\ccs\tools\compiler\ti-cgt-msp430_21.6.0.LTS\lib\</path>
         <kind>archive</kind>
         <file>rts430_eabi.lib</file>
         <name>int23.asm.obj</name>
      </input_file>
      <input_file id="fl-2f">
         <path>C:\ti\ccs1200\ccs\tools\compiler\ti-cgt-msp430_21.6.0.LTS\lib\</path>
         <kind>archive</kind>
         <file>rts430_eabi.lib</file>
         <name>int24.asm.obj</name>
      </input_file>
      <input_file id="fl-30">
         <path>C:\ti\ccs1200\ccs\tools\compiler\ti-cgt-msp430_21.6.0.LTS\lib\</path>
         <kind>archive</kind>
         <file>rts430_eabi.lib</file>
         <name>int25.asm.obj</name>
      </input_file>
      <input_file id="fl-31">
         <path>C:\ti\ccs1200\ccs\tools\compiler\ti-cgt-msp430_21.6.0.LTS\lib\</path>
         <kind>archive</kind>
         <file>rts430_eabi.lib</file>
         <name>int26.asm.obj</name>
      </input_file>
      <input_file id="fl-32">
         <path>C:\ti\ccs1200\ccs\tools\compiler\ti-cgt-msp430_21.6.0.LTS\lib\</path>
         <kind>archive</kind>
         <file>rts430_eabi.lib</file>
         <name>int27.asm.obj</name>
      </input_file>
      <input_file id="fl-33">
         <path>C:\ti\ccs1200\ccs\tools\compiler\ti-cgt-msp430_21.6.0.LTS\lib\</path>
         <kind>archive</kind>
         <file>rts430_eabi.lib</file>
         <name>int28.asm.obj</name>
      </input_file>
      <input_file id="fl-34">
         <path>C:\ti\ccs1200\ccs\tools\compiler\ti-cgt-msp430_21.6.0.LTS\lib\</path>
         <kind>archive</kind>
         <file>rts430_eabi.lib</file>
         <name>int29.asm.obj</name>
      </input_file>
      <input_file id="fl-35">
         <path>C:\ti\ccs1200\ccs\tools\compiler\ti-cgt-msp430_21.6.0.LTS\lib\</path>
         <kind>archive</kind>
         <file>rts430_eabi.lib</file>
         <name>int30.asm.obj</name>
      </input_file>
      <input_file id="fl-36">
         <path>C:\ti\ccs1200\ccs\tools\compiler\ti-cgt-msp430_21.6.0.LTS\lib\</path>
         <kind>archive</kind>
         <file>rts430_eabi.lib</file>
         <name>isr_trap.asm.obj</name>
      </input_file>
      <input_file id="fl-37">
         <path>C:\ti\ccs1200\ccs\tools\compiler\ti-cgt-msp430_21.6.0.LTS\lib\</path>
         <kind>archive</kind>
         <file>rts430_eabi.lib</file>
         <name>lsr16.asm.obj</name>
      </input_file>
      <input_file id="fl-38">
         <path>C:\ti\ccs1200\ccs\tools\compiler\ti-cgt-msp430_21.6.0.LTS\lib\</path>
         <kind>archive</kind>
         <file>rts430_eabi.lib</file>
         <name>mult16.asm.obj</name>
      </input_file>
      <input_file id="fl-39">
         <path>C:\ti\ccs1200\ccs\tools\compiler\ti-cgt-msp430_21.6.0.LTS\lib\</path>
         <kind>archive</kind>
         <file>rts430_eabi.lib</file>
         <name>mult16_hw.asm.obj</name>
      </input_file>
      <input_file id="fl-3a">
         <path>C:\ti\ccs1200\ccs\tools\compiler\ti-cgt-msp430_21.6.0.LTS\lib\</path>
         <kind>archive</kind>
         <file>rts430_eabi.lib</file>
         <name>mult1632_hw.asm.obj</name>
      </input_file>
      <input_file id="fl-3b">
         <path>C:\ti\ccs1200\ccs\tools\compiler\ti-cgt-msp430_21.6.0.LTS\lib\</path>
         <kind>archive</kind>
         <file>rts430_eabi.lib</file>
         <name>mult32_hw.asm.obj</name>
      </input_file>
      <input_file id="fl-3c">
         <path>C:\ti\ccs1200\ccs\tools\compiler\ti-cgt-msp430_21.6.0.LTS\lib\</path>
         <kind>archive</kind>
         <file>rts430_eabi.lib</file>
         <name>mult3264_hw.asm.obj</name>
      </input_file>
      <input_file id="fl-3d">
         <path>C:\ti\ccs1200\ccs\tools\compiler\ti-cgt-msp430_21.6.0.LTS\lib\</path>
         <kind>archive</kind>
         <file>rts430_eabi.lib</file>
         <name>mult64_hw.asm.obj</name>
      </input_file>
      <input_file id="fl-3e">
         <path>C:\ti\ccs1200\ccs\tools\compiler\ti-cgt-msp430_21.6.0.LTS\lib\</path>
         <kind>archive</kind>
         <file>rts430_eabi.lib</file>
         <name>boot.c.obj</name>
      </input_file>
      <input_file id="fl-3f">
         <path>C:\ti\ccs1200\ccs\tools\compiler\ti-cgt-msp430_21.6.0.LTS\lib\</path>
         <kind>archive</kind>
         <file>rts430_eabi.lib</file>
         <name>autoinit.c.obj</name>
      </input_file>
      <input_file id="fl-40">
         <path>C:\ti\ccs1200\ccs\tools\compiler\ti-cgt-msp430_21.6.0.LTS\lib\</path>
         <kind>archive</kind>
         <file>rts430_eabi.lib</file>
         <name>copy_zero_init.c.obj</name>
      </input_file>
      <input_file id="fl-41">
         <path>C:\ti\ccs1200\ccs\tools\compiler\ti-cgt-msp430_21.6.0.LTS\lib\</path>
         <kind>archive</kind>
         <file>rts430_eabi.lib</file>
         <name>exit_gvars.c.obj</name>
      </input_file>
      <input_file id="fl-42">
         <path>C:\ti\ccs1200\ccs\tools\compiler\ti-cgt-msp430_21.6.0.LTS\lib\</path>
         <kind>archive</kind>
         <file>rts430_eabi.lib</file>
         <name>cpy_tbl.c.obj</name>
      </input_file>
      <input_file id="fl-43">
         <path>C:\ti\ccs1200\ccs\tools\compiler\ti-cgt-msp430_21.6.0.LTS\lib\</path>
         <kind>archive</kind>
         <file>rts430_eabi.lib</file>
         <name>mpu_init.c.obj</name>
      </input_file>
      <input_file id="fl-44">
         <path>C:\ti\ccs1200\ccs\tools\compiler\ti-cgt-msp430_21.6.0.LTS\lib\</path>
         <kind>archive</kind>
         <file>rts430_eabi.lib</file>
         <name>lsr64.c.obj</name>
      </input_file>
      <input_file id="fl-45">
         <path>C:\ti\ccs1200\ccs\tools\compiler\ti-cgt-msp430_21.6.0.LTS\lib\</path>
         <kind>archive</kind>
         <file>rts430_eabi.lib</file>
         <name>div64u.c.obj</name>
      </input_file>
      <input_file id="fl-46">
         <path>C:\ti\ccs1200\ccs\tools\compiler\ti-cgt-msp430_21.6.0.LTS\lib\</path>
         <kind>archive</kind>
         <file>rts430_eabi.lib</file>
         <name>pre_init.c.obj</name>
      </input_file>
      <input_file id="fl-47">
         <path>C:\ti\ccs1200\ccs\tools\compiler\ti-cgt-msp430_21.6.0.LTS\lib\</path>
         <kind>archive</kind>
         <file>rts430_eabi.lib</file>
         <name>startup.c.obj</name>
      </input_file>
      <input_file id="fl-48">
         <path>C:\ti\ccs1200\ccs\tools\compiler\ti-cgt-msp430_21.6.0.LTS\lib\</path>
         <kind>archive</kind>
         <file>rts430_eabi.lib</file>
         <name>copy_decompress_none.c.obj</name>
      </input_file>
      <input_file id="fl-49">
         <path>C:\ti\ccs1200\ccs\tools\compiler\ti-cgt-msp430_21.6.0.LTS\lib\</path>
         <kind>archive</kind>
         <file>rts430_eabi.lib</file>
         <name>copy_decompress_lzss.c.obj</name>
      </input_file>
      <input_file id="fl-4a">
         <path>C:\ti\ccs1200\ccs\tools\compiler\ti-cgt-msp430_21.6.0.LTS\lib\</path>
         <kind>archive</kind>
         <file>rts430_eabi.lib</file>
         <name>cmpd.c.obj</name>
      </input_file>
      <input_file id="fl-4b">
         <path>C:\ti\ccs1200\ccs\tools\compiler\ti-cgt-msp430_21.6.0.LTS\lib\</path>
         <kind>archive</kind>
         <file>rts430_eabi.lib</file>
         <name>divd.c.obj</name>
      </input_file>
      <input_file id="fl-4c">
         <path>C:\ti\ccs1200\ccs\tools\compiler\ti-cgt-msp430_21.6.0.LTS\lib\</path>
         <kind>archive</kind>
         <file>rts430_eabi.lib</file>
         <name>fixdi.c.obj</name>
      </input_file>
      <input_file id="fl-4d">
         <path>C:\ti\ccs1200\ccs\tools\compiler\ti-cgt-msp430_21.6.0.LTS\lib\</path>
         <kind>archive</kind>
         <file>rts430_eabi.lib</file>
         <name>fixdli.c.obj</name>
      </input_file>
      <input_file id="fl-4e">
         <path>C:\ti\ccs1200\ccs\tools\compiler\ti-cgt-msp430_21.6.0.LTS\lib\</path>
         <kind>archive</kind>
         <file>rts430_eabi.lib</file>
         <name>fltid.c.obj</name>
      </input_file>
      <input_file id="fl-4f">
         <path>C:\ti\ccs1200\ccs\tools\compiler\ti-cgt-msp430_21.6.0.LTS\lib\</path>
         <kind>archive</kind>
         <file>rts430_eabi.lib</file>
         <name>fltlid.c.obj</name>
      </input_file>
      <input_file id="fl-50">
         <path>C:\ti\ccs1200\ccs\tools\compiler\ti-cgt-msp430_21.6.0.LTS\lib\</path>
         <kind>archive</kind>
         <file>rts430_eabi.lib</file>
         <name>frcdivd.c.obj</name>
      </input_file>
      <input_file id="fl-51">
         <path>C:\ti\ccs1200\ccs\tools\compiler\ti-cgt-msp430_21.6.0.LTS\lib\</path>
         <kind>archive</kind>
         <file>rts430_eabi.lib</file>
         <name>mpyd.c.obj</name>
      </input_file>
      <input_file id="fl-52">
         <path>C:\ti\ccs1200\ccs\tools\compiler\ti-cgt-msp430_21.6.0.LTS\lib\</path>
         <kind>archive</kind>
         <file>rts430_eabi.lib</file>
         <name>negd.c.obj</name>
      </input_file>
      <input_file id="fl-53">
         <path>C:\ti\ccs1200\ccs\tools\compiler\ti-cgt-msp430_21.6.0.LTS\lib\</path>
         <kind>archive</kind>
         <file>rts430_eabi.lib</file>
         <name>subd.c.obj</name>
      </input_file>
      <input_file id="fl-54">
         <path>C:\ti\ccs1200\ccs\tools\compiler\ti-cgt-msp430_21.6.0.LTS\lib\</path>
         <kind>archive</kind>
         <file>rts430_eabi.lib</file>
         <name>exit.c.obj</name>
      </input_file>
      <input_file id="fl-55">
         <path>C:\ti\ccs1200\ccs\tools\compiler\ti-cgt-msp430_21.6.0.LTS\lib\</path>
         <kind>archive</kind>
         <file>rts430_eabi.lib</file>
         <name>_lock.c.obj</name>
      </input_file>
      <input_file id="fl-56">
         <path>C:\ti\ccs1200\ccs\tools\compiler\ti-cgt-msp430_21.6.0.LTS\lib\</path>
         <kind>archive</kind>
         <file>rts430_eabi.lib</file>
         <name>_ltoa.c.obj</name>
      </input_file>
      <input_file id="fl-57">
         <path>C:\ti\ccs1200\ccs\tools\compiler\ti-cgt-msp430_21.6.0.LTS\lib\</path>
         <kind>archive</kind>
         <file>rts430_eabi.lib</file>
         <name>args_main.c.obj</name>
      </input_file>
      <input_file id="fl-58">
         <path>C:\ti\ccs1200\ccs\tools\compiler\ti-cgt-msp430_21.6.0.LTS\lib\</path>
         <kind>archive</kind>
         <file>rts430_eabi.lib</file>
         <name>atoi.c.obj</name>
      </input_file>
      <input_file id="fl-59">
         <path>C:\ti\ccs1200\ccs\tools\compiler\ti-cgt-msp430_21.6.0.LTS\lib\</path>
         <kind>archive</kind>
         <file>rts430_eabi.lib</file>
         <name>ctype.c.obj</name>
      </input_file>
      <input_file id="fl-5a">
         <path>C:\ti\ccs1200\ccs\tools\compiler\ti-cgt-msp430_21.6.0.LTS\lib\</path>
         <kind>archive</kind>
         <file>rts430_eabi.lib</file>
         <name>defs.c.obj</name>
      </input_file>
      <input_file id="fl-5b">
         <path>C:\ti\ccs1200\ccs\tools\compiler\ti-cgt-msp430_21.6.0.LTS\lib\</path>
         <kind>archive</kind>
         <file>rts430_eabi.lib</file>
         <name>memccpy.c.obj</name>
      </input_file>
      <input_file id="fl-5c">
         <path>C:\ti\ccs1200\ccs\tools\compiler\ti-cgt-msp430_21.6.0.LTS\lib\</path>
         <kind>archive</kind>
         <file>rts430_eabi.lib</file>
         <name>memchr.c.obj</name>
      </input_file>
      <input_file id="fl-5d">
         <path>C:\ti\ccs1200\ccs\tools\compiler\ti-cgt-msp430_21.6.0.LTS\lib\</path>
         <kind>archive</kind>
         <file>rts430_eabi.lib</file>
         <name>memcpy.c.obj</name>
      </input_file>
      <input_file id="fl-5e">
         <path>C:\ti\ccs1200\ccs\tools\compiler\ti-cgt-msp430_21.6.0.LTS\lib\</path>
         <kind>archive</kind>
         <file>rts430_eabi.lib</file>
         <name>memory.c.obj</name>
      </input_file>
      <input_file id="fl-5f">
         <path>C:\ti\ccs1200\ccs\tools\compiler\ti-cgt-msp430_21.6.0.LTS\lib\</path>
         <kind>archive</kind>
         <file>rts430_eabi.lib</file>
         <name>memset.c.obj</name>
      </input_file>
      <input_file id="fl-60">
         <path>C:\ti\ccs1200\ccs\tools\compiler\ti-cgt-msp430_21.6.0.LTS\lib\</path>
         <kind>archive</kind>
         <file>rts430_eabi.lib</file>
         <name>strchr.c.obj</name>
      </input_file>
      <input_file id="fl-61">
         <path>C:\ti\ccs1200\ccs\tools\compiler\ti-cgt-msp430_21.6.0.LTS\lib\</path>
         <kind>archive</kind>
         <file>rts430_eabi.lib</file>
         <name>strlen.c.obj</name>
      </input_file>
      <input_file id="fl-62">
         <path>C:\ti\ccs1200\ccs\tools\compiler\ti-cgt-msp430_21.6.0.LTS\lib\</path>
         <kind>archive</kind>
         <file>rts430_eabi.lib</file>
         <name>toupper.c.obj</name>
      </input_file>
      <input_file id="fl-63">
         <path>C:\ti\ccs1200\ccs\tools\compiler\ti-cgt-msp430_21.6.0.LTS\lib\</path>
         <kind>archive</kind>
         <file>rts430_eabi.lib</file>
         <name>write.c.obj</name>
      </input_file>
      <input_file id="fl-64">
         <path>C:\ti\ccs1200\ccs\tools\compiler\ti-cgt-msp430_21.6.0.LTS\lib\</path>
         <kind>archive</kind>
         <file>rts430_eabi.lib</file>
         <name>host_device.c.obj</name>
      </input_file>
      <input_file id="fl-65">
         <path>C:\ti\ccs1200\ccs\tools\compiler\ti-cgt-msp430_21.6.0.LTS\lib\</path>
         <kind>archive</kind>
         <file>rts430_eabi.lib</file>
         <name>errno.c.obj</name>
      </input_file>
      <input_file id="fl-66">
         <path>C:\ti\ccs1200\ccs\tools\compiler\ti-cgt-msp430_21.6.0.LTS\lib\</path>
         <kind>archive</kind>
         <file>rts430_eabi.lib</file>
         <name>abs.c.obj</name>
      </input_file>
      <input_file id="fl-67">
         <path>C:\ti\ccs1200\ccs\tools\compiler\ti-cgt-msp430_21.6.0.LTS\lib\</path>
         <kind>archive</kind>
         <file>rts430_eabi.lib</file>
         <name>wcslen.c.obj</name>
      </input_file>
      <input_file id="fl-68">
         <path>C:\ti\ccs1200\ccs\tools\compiler\ti-cgt-msp430_21.6.0.LTS\lib\</path>
         <kind>archive</kind>
         <file>rts430_eabi.lib</file>
         <name>s_frexp.c.obj</name>
      </input_file>
      <input_file id="fl-69">
         <path>C:\ti\ccs1200\ccs\tools\compiler\ti-cgt-msp430_21.6.0.LTS\lib\</path>
         <kind>archive</kind>
         <file>rts430_eabi.lib</file>
         <name>s_scalbn.c.obj</name>
      </input_file>
      <input_file id="fl-6a">
         <path>C:\ti\ccs1200\ccs\tools\compiler\ti-cgt-msp430_21.6.0.LTS\lib\</path>
         <kind>archive</kind>
         <file>rts430_eabi.lib</file>
         <name>fflush.c.obj</name>
      </input_file>
      <input_file id="fl-6b">
         <path>C:\ti\ccs1200\ccs\tools\compiler\ti-cgt-msp430_21.6.0.LTS\lib\</path>
         <kind>archive</kind>
         <file>rts430_eabi.lib</file>
         <name>fopen.c.obj</name>
      </input_file>
      <input_file id="fl-6c">
         <path>C:\ti\ccs1200\ccs\tools\compiler\ti-cgt-msp430_21.6.0.LTS\lib\</path>
         <kind>archive</kind>
         <file>rts430_eabi.lib</file>
         <name>fseek.c.obj</name>
      </input_file>
      <input_file id="fl-6d">
         <path>C:\ti\ccs1200\ccs\tools\compiler\ti-cgt-msp430_21.6.0.LTS\lib\</path>
         <kind>archive</kind>
         <file>rts430_eabi.lib</file>
         <name>asr16.asm.obj</name>
      </input_file>
      <input_file id="fl-6e">
         <path>C:\ti\ccs1200\ccs\tools\compiler\ti-cgt-msp430_21.6.0.LTS\lib\</path>
         <kind>archive</kind>
         <file>rts430_eabi.lib</file>
         <name>asr32.asm.obj</name>
      </input_file>
      <input_file id="fl-6f">
         <path>C:\ti\ccs1200\ccs\tools\compiler\ti-cgt-msp430_21.6.0.LTS\lib\</path>
         <kind>archive</kind>
         <file>rts430_eabi.lib</file>
         <name>div32s.asm.obj</name>
      </input_file>
      <input_file id="fl-70">
         <path>C:\ti\ccs1200\ccs\tools\compiler\ti-cgt-msp430_21.6.0.LTS\lib\</path>
         <kind>archive</kind>
         <file>rts430_eabi.lib</file>
         <name>lsl16.asm.obj</name>
      </input_file>
      <input_file id="fl-71">
         <path>C:\ti\ccs1200\ccs\tools\compiler\ti-cgt-msp430_21.6.0.LTS\lib\</path>
         <kind>archive</kind>
         <file>rts430_eabi.lib</file>
         <name>lsl32.asm.obj</name>
      </input_file>
      <input_file id="fl-72">
         <path>C:\ti\ccs1200\ccs\tools\compiler\ti-cgt-msp430_21.6.0.LTS\lib\</path>
         <kind>archive</kind>
         <file>rts430_eabi.lib</file>
         <name>lsr32.asm.obj</name>
      </input_file>
      <input_file id="fl-73">
         <path>C:\ti\ccs1200\ccs\tools\compiler\ti-cgt-msp430_21.6.0.LTS\lib\</path>
         <kind>archive</kind>
         <file>rts430_eabi.lib</file>
         <name>mult32.asm.obj</name>
      </input_file>
      <input_file id="fl-74">
         <path>C:\ti\ccs1200\ccs\tools\compiler\ti-cgt-msp430_21.6.0.LTS\lib\</path>
         <kind>archive</kind>
         <file>rts430_eabi.lib</file>
         <name>lsl64.c.obj</name>
      </input_file>
      <input_file id="fl-75">
         <path>C:\ti\ccs1200\ccs\tools\compiler\ti-cgt-msp430_21.6.0.LTS\lib\</path>
         <kind>archive</kind>
         <file>rts430_eabi.lib</file>
         <name>addd.c.obj</name>
      </input_file>
      <input_file id="fl-76">
         <path>C:\ti\ccs1200\ccs\tools\compiler\ti-cgt-msp430_21.6.0.LTS\lib\</path>
         <kind>archive</kind>
         <file>rts430_eabi.lib</file>
         <name>frcmpyd.c.obj</name>
      </input_file>
      <input_file id="fl-77">
         <path>C:\ti\ccs1200\ccs\tools\compiler\ti-cgt-msp430_21.6.0.LTS\lib\</path>
         <kind>archive</kind>
         <file>rts430_eabi.lib</file>
         <name>hostclose.c.obj</name>
      </input_file>
      <input_file id="fl-78">
         <path>C:\ti\ccs1200\ccs\tools\compiler\ti-cgt-msp430_21.6.0.LTS\lib\</path>
         <kind>archive</kind>
         <file>rts430_eabi.lib</file>
         <name>hostlseek.c.obj</name>
      </input_file>
      <input_file id="fl-79">
         <path>C:\ti\ccs1200\ccs\tools\compiler\ti-cgt-msp430_21.6.0.LTS\lib\</path>
         <kind>archive</kind>
         <file>rts430_eabi.lib</file>
         <name>hostopen.c.obj</name>
      </input_file>
      <input_file id="fl-7a">
         <path>C:\ti\ccs1200\ccs\tools\compiler\ti-cgt-msp430_21.6.0.LTS\lib\</path>
         <kind>archive</kind>
         <file>rts430_eabi.lib</file>
         <name>hostread.c.obj</name>
      </input_file>
      <input_file id="fl-7b">
         <path>C:\ti\ccs1200\ccs\tools\compiler\ti-cgt-msp430_21.6.0.LTS\lib\</path>
         <kind>archive</kind>
         <file>rts430_eabi.lib</file>
         <name>hostrename.c.obj</name>
      </input_file>
      <input_file id="fl-7c">
         <path>C:\ti\ccs1200\ccs\tools\compiler\ti-cgt-msp430_21.6.0.LTS\lib\</path>
         <kind>archive</kind>
         <file>rts430_eabi.lib</file>
         <name>hostunlink.c.obj</name>
      </input_file>
      <input_file id="fl-7d">
         <path>C:\ti\ccs1200\ccs\tools\compiler\ti-cgt-msp430_21.6.0.LTS\lib\</path>
         <kind>archive</kind>
         <file>rts430_eabi.lib</file>
         <name>hostwrite.c.obj</name>
      </input_file>
      <input_file id="fl-7e">
         <path>C:\ti\ccs1200\ccs\tools\compiler\ti-cgt-msp430_21.6.0.LTS\lib\</path>
         <kind>archive</kind>
         <file>rts430_eabi.lib</file>
         <name>trgmsg.c.obj</name>
      </input_file>
      <input_file id="fl-7f">
         <path>C:\ti\ccs1200\ccs\tools\compiler\ti-cgt-msp430_21.6.0.LTS\lib\</path>
         <kind>archive</kind>
         <file>rts430_eabi.lib</file>
         <name>open.c.obj</name>
      </input_file>
      <input_file id="fl-80">
         <path>C:\ti\ccs1200\ccs\tools\compiler\ti-cgt-msp430_21.6.0.LTS\lib\</path>
         <kind>archive</kind>
         <file>rts430_eabi.lib</file>
         <name>lseek.c.obj</name>
      </input_file>
      <input_file id="fl-81">
         <path>C:\ti\ccs1200\ccs\tools\compiler\ti-cgt-msp430_21.6.0.LTS\lib\</path>
         <kind>archive</kind>
         <file>rts430_eabi.lib</file>
         <name>s_copysign.c.obj</name>
      </input_file>
      <input_file id="fl-82">
         <path>C:\ti\ccs1200\ccs\tools\compiler\ti-cgt-msp430_21.6.0.LTS\lib\</path>
         <kind>archive</kind>
         <file>rts430_eabi.lib</file>
         <name>fclose.c.obj</name>
      </input_file>
      <input_file id="fl-83">
         <path>C:\ti\ccs1200\ccs\tools\compiler\ti-cgt-msp430_21.6.0.LTS\lib\</path>
         <kind>archive</kind>
         <file>rts430_eabi.lib</file>
         <name>getdevice.c.obj</name>
      </input_file>
      <input_file id="fl-84">
         <path>C:\ti\ccs1200\ccs\tools\compiler\ti-cgt-msp430_21.6.0.LTS\lib\</path>
         <kind>archive</kind>
         <file>rts430_eabi.lib</file>
         <name>mult3264.asm.obj</name>
      </input_file>
      <input_file id="fl-85">
         <path>C:\ti\ccs1200\ccs\tools\compiler\ti-cgt-msp430_21.6.0.LTS\lib\</path>
         <kind>archive</kind>
         <file>rts430_eabi.lib</file>
         <name>mult64.asm.obj</name>
      </input_file>
      <input_file id="fl-86">
         <path>C:\ti\ccs1200\ccs\tools\compiler\ti-cgt-msp430_21.6.0.LTS\lib\</path>
         <kind>archive</kind>
         <file>rts430_eabi.lib</file>
         <name>asr64.c.obj</name>
      </input_file>
      <input_file id="fl-87">
         <path>C:\ti\ccs1200\ccs\tools\compiler\ti-cgt-msp430_21.6.0.LTS\lib\</path>
         <kind>archive</kind>
         <file>rts430_eabi.lib</file>
         <name>strcmp.c.obj</name>
      </input_file>
      <input_file id="fl-88">
         <path>C:\ti\ccs1200\ccs\tools\compiler\ti-cgt-msp430_21.6.0.LTS\lib\</path>
         <kind>archive</kind>
         <file>rts430_eabi.lib</file>
         <name>strcpy.c.obj</name>
      </input_file>
      <input_file id="fl-89">
         <path>C:\ti\ccs1200\ccs\tools\compiler\ti-cgt-msp430_21.6.0.LTS\lib\</path>
         <kind>archive</kind>
         <file>rts430_eabi.lib</file>
         <name>strncpy.c.obj</name>
      </input_file>
      <input_file id="fl-8a">
         <path>C:\ti\ccs1200\ccs\tools\compiler\ti-cgt-msp430_21.6.0.LTS\lib\</path>
         <kind>archive</kind>
         <file>rts430_eabi.lib</file>
         <name>remove.c.obj</name>
      </input_file>
      <input_file id="fl-8b">
         <path>C:\ti\ccs1200\ccs\tools\compiler\ti-cgt-msp430_21.6.0.LTS\lib\</path>
         <kind>archive</kind>
         <file>rts430_eabi.lib</file>
         <name>close.c.obj</name>
      </input_file>
      <input_file id="fl-8c">
         <path>C:\ti\ccs1200\ccs\tools\compiler\ti-cgt-msp430_21.6.0.LTS\lib\</path>
         <kind>archive</kind>
         <file>rts430_eabi.lib</file>
         <name>mult1632.asm.obj</name>
      </input_file>
      <input_file id="fl-8d">
         <path>C:\ti\ccs1200\ccs\tools\compiler\ti-cgt-msp430_21.6.0.LTS\lib\</path>
         <kind>archive</kind>
         <file>rts430_eabi.lib</file>
         <name>unlink.c.obj</name>
      </input_file>
   </input_file_list>
   <object_component_list>
      <object_component id="oc-5af">
         <name>.bss</name>
         <uninitialized>true</uninitialized>
         <run_address>0x14fa</run_address>
         <size>0x2</size>
         <input_file_ref idref="fl-5e"/>
      </object_component>
      <object_component id="oc-5c4">
         <name>.common:__TI_tmpnams</name>
         <uninitialized>true</uninitialized>
         <run_address>0x1452</run_address>
         <size>0xa0</size>
      </object_component>
      <object_component id="oc-5cf">
         <name>.common:parmbuf</name>
         <uninitialized>true</uninitialized>
         <run_address>0x14f2</run_address>
         <size>0x8</size>
      </object_component>
      <object_component id="oc-1ee">
         <name>.data</name>
         <load_address>0x143a</load_address>
         <run_address>0x143a</run_address>
         <size>0x8</size>
         <input_file_ref idref="fl-2"/>
      </object_component>
      <object_component id="oc-330">
         <name>.data:__TI_cleanup_ptr</name>
         <load_address>0x1442</load_address>
         <run_address>0x1442</run_address>
         <size>0x2</size>
         <input_file_ref idref="fl-41"/>
      </object_component>
      <object_component id="oc-32d">
         <name>.data:__TI_dtors_ptr</name>
         <load_address>0x1444</load_address>
         <run_address>0x1444</run_address>
         <size>0x2</size>
         <input_file_ref idref="fl-41"/>
      </object_component>
      <object_component id="oc-32a">
         <name>.data</name>
         <load_address>0x144e</load_address>
         <run_address>0x144e</run_address>
         <size>0x2</size>
         <input_file_ref idref="fl-54"/>
      </object_component>
      <object_component id="oc-258">
         <name>.data:_lock</name>
         <load_address>0x1446</load_address>
         <run_address>0x1446</run_address>
         <size>0x2</size>
         <input_file_ref idref="fl-55"/>
      </object_component>
      <object_component id="oc-26b">
         <name>.data:_unlock</name>
         <load_address>0x1448</load_address>
         <run_address>0x1448</run_address>
         <size>0x2</size>
         <input_file_ref idref="fl-55"/>
      </object_component>
      <object_component id="oc-25b">
         <name>.data:_ftable</name>
         <load_address>0x134c</load_address>
         <run_address>0x134c</run_address>
         <size>0x78</size>
         <input_file_ref idref="fl-5a"/>
      </object_component>
      <object_component id="oc-50b">
         <name>.data</name>
         <load_address>0x144a</load_address>
         <run_address>0x144a</run_address>
         <size>0x2</size>
         <input_file_ref idref="fl-5a"/>
      </object_component>
      <object_component id="oc-5b4">
         <name>.data</name>
         <load_address>0x1450</load_address>
         <run_address>0x1450</run_address>
         <size>0x2</size>
         <input_file_ref idref="fl-5e"/>
      </object_component>
      <object_component id="oc-479">
         <name>.data:_device</name>
         <load_address>0x13c4</load_address>
         <run_address>0x13c4</run_address>
         <size>0x4e</size>
         <input_file_ref idref="fl-64"/>
      </object_component>
      <object_component id="oc-3f1">
         <name>.data:_stream</name>
         <load_address>0x1412</load_address>
         <run_address>0x1412</run_address>
         <size>0x28</size>
         <input_file_ref idref="fl-64"/>
      </object_component>
      <object_component id="oc-42f">
         <name>.data</name>
         <load_address>0x144c</load_address>
         <run_address>0x144c</run_address>
         <size>0x2</size>
         <input_file_ref idref="fl-65"/>
      </object_component>
      <object_component id="oc-160">
         <name>.sysmem</name>
         <uninitialized>true</uninitialized>
         <run_address>0x1100</run_address>
         <size>0x8</size>
         <input_file_ref idref="fl-5e"/>
      </object_component>
      <object_component id="oc-77c">
         <name>.sysmem</name>
         <uninitialized>true</uninitialized>
         <run_address>0x1100</run_address>
         <size>0x0</size>
      </object_component>
      <object_component id="oc-15c">
         <name>.stack</name>
         <uninitialized>true</uninitialized>
         <run_address>0x30b0</run_address>
         <size>0x2</size>
         <input_file_ref idref="fl-3e"/>
      </object_component>
      <object_component id="oc-77b">
         <name>.stack</name>
         <uninitialized>true</uninitialized>
         <run_address>0x30b0</run_address>
         <size>0x0</size>
      </object_component>
      <object_component id="oc-6a2">
         <name>.text:__mspabi_addd</name>
         <load_address>0x3100</load_address>
         <run_address>0x3100</run_address>
         <size>0x736</size>
         <input_file_ref idref="fl-75"/>
      </object_component>
      <object_component id="oc-644">
         <name>.text:__TI_frcdivd</name>
         <load_address>0x3836</load_address>
         <run_address>0x3836</run_address>
         <size>0x478</size>
         <input_file_ref idref="fl-50"/>
      </object_component>
      <object_component id="oc-54f">
         <name>.text:__mspabi_divull</name>
         <load_address>0x3cae</load_address>
         <run_address>0x3cae</run_address>
         <size>0x360</size>
         <input_file_ref idref="fl-45"/>
      </object_component>
      <object_component id="oc-58d">
         <name>.text:__mspabi_mpyd</name>
         <load_address>0x400e</load_address>
         <run_address>0x400e</run_address>
         <size>0x2c0</size>
         <input_file_ref idref="fl-51"/>
      </object_component>
      <object_component id="oc-2fe">
         <name>.text:__TI_printfi:__TI_printfi</name>
         <load_address>0x42ce</load_address>
         <run_address>0x42ce</run_address>
         <size>0x288</size>
         <input_file_ref idref="fl-1e"/>
      </object_component>
      <object_component id="oc-43a">
         <name>.text:_pproc_fgea</name>
         <load_address>0x4556</load_address>
         <run_address>0x4556</run_address>
         <size>0x26e</size>
         <input_file_ref idref="fl-1e"/>
      </object_component>
      <object_component id="oc-3a3">
         <name>.text:__TI_printfi:_setfield___TI_printfi</name>
         <load_address>0x47c4</load_address>
         <run_address>0x47c4</run_address>
         <size>0x252</size>
         <input_file_ref idref="fl-1e"/>
      </object_component>
      <object_component id="oc-5a0">
         <name>.text:acvt</name>
         <load_address>0x4a16</load_address>
         <run_address>0x4a16</run_address>
         <size>0x244</size>
         <input_file_ref idref="fl-1e"/>
      </object_component>
      <object_component id="oc-593">
         <name>.text:__mspabi_divd</name>
         <load_address>0x4c5a</load_address>
         <run_address>0x4c5a</run_address>
         <size>0x238</size>
         <input_file_ref idref="fl-4b"/>
      </object_component>
      <object_component id="oc-4b5">
         <name>.text:__TI_printfi:_getarg_diouxp___TI_printfi</name>
         <load_address>0x4e92</load_address>
         <run_address>0x4e92</run_address>
         <size>0x1ec</size>
         <input_file_ref idref="fl-1e"/>
      </object_component>
      <object_component id="oc-56d">
         <name>.text:ecvt</name>
         <load_address>0x507e</load_address>
         <run_address>0x507e</run_address>
         <size>0x1de</size>
         <input_file_ref idref="fl-1e"/>
      </object_component>
      <object_component id="oc-580">
         <name>.text:fcvt</name>
         <load_address>0x525c</load_address>
         <run_address>0x525c</run_address>
         <size>0x1c4</size>
         <input_file_ref idref="fl-1e"/>
      </object_component>
      <object_component id="oc-4da">
         <name>.text:_pconv_e</name>
         <load_address>0x5420</load_address>
         <run_address>0x5420</run_address>
         <size>0x1a6</size>
         <input_file_ref idref="fl-1e"/>
      </object_component>
      <object_component id="oc-4e0">
         <name>.text:_pconv_a</name>
         <load_address>0x55c6</load_address>
         <run_address>0x55c6</run_address>
         <size>0x174</size>
         <input_file_ref idref="fl-1e"/>
      </object_component>
      <object_component id="oc-63c">
         <name>.text:__TI_frcmpyd</name>
         <load_address>0x573a</load_address>
         <run_address>0x573a</run_address>
         <size>0x172</size>
         <input_file_ref idref="fl-76"/>
      </object_component>
      <object_component id="oc-653">
         <name>.text:scalbn</name>
         <load_address>0x58ac</load_address>
         <run_address>0x58ac</run_address>
         <size>0x16a</size>
         <input_file_ref idref="fl-69"/>
      </object_component>
      <object_component id="oc-434">
         <name>.text:__TI_printfi:_pproc_diouxp___TI_printfi</name>
         <load_address>0x5a16</load_address>
         <run_address>0x5a16</run_address>
         <size>0x14c</size>
         <input_file_ref idref="fl-1e"/>
      </object_component>
      <object_component id="oc-4bb">
         <name>.text:__TI_printfi:_ltostr___TI_printfi</name>
         <load_address>0x5b62</load_address>
         <run_address>0x5b62</run_address>
         <size>0x12e</size>
         <input_file_ref idref="fl-1e"/>
      </object_component>
      <object_component id="oc-4ce">
         <name>.text:_pconv_g</name>
         <load_address>0x5c90</load_address>
         <run_address>0x5c90</run_address>
         <size>0xf8</size>
         <input_file_ref idref="fl-1e"/>
      </object_component>
      <object_component id="oc-4fe">
         <name>.text:aligned_alloc</name>
         <load_address>0x5d88</load_address>
         <run_address>0x5d88</run_address>
         <size>0xf6</size>
         <input_file_ref idref="fl-5e"/>
      </object_component>
      <object_component id="oc-18f">
         <name>.text:Port1_ISR</name>
         <load_address>0x5e7e</load_address>
         <run_address>0x5e7e</run_address>
         <size>0xee</size>
         <input_file_ref idref="fl-2"/>
      </object_component>
      <object_component id="oc-2e4">
         <name>.text:fputs</name>
         <load_address>0x5f6c</load_address>
         <run_address>0x5f6c</run_address>
         <size>0xea</size>
         <input_file_ref idref="fl-20"/>
      </object_component>
      <object_component id="oc-39d">
         <name>.text:__TI_printfi:_pproc_fwp___TI_printfi</name>
         <load_address>0x6056</load_address>
         <run_address>0x6056</run_address>
         <size>0xe0</size>
         <input_file_ref idref="fl-1e"/>
      </object_component>
      <object_component id="oc-4e6">
         <name>.text:__mspabi_cmpd</name>
         <load_address>0x6136</load_address>
         <run_address>0x6136</run_address>
         <size>0xdc</size>
         <input_file_ref idref="fl-4a"/>
      </object_component>
      <object_component id="oc-45a">
         <name>.text:free</name>
         <load_address>0x6212</load_address>
         <run_address>0x6212</run_address>
         <size>0xd2</size>
         <input_file_ref idref="fl-5e"/>
      </object_component>
      <object_component id="oc-3e5">
         <name>.text:setvbuf</name>
         <load_address>0x62e4</load_address>
         <run_address>0x62e4</run_address>
         <size>0xd0</size>
         <input_file_ref idref="fl-22"/>
      </object_component>
      <object_component id="oc-3af">
         <name>.text:__TI_printfi:_pproc_wstr___TI_printfi</name>
         <load_address>0x63b4</load_address>
         <run_address>0x63b4</run_address>
         <size>0xc4</size>
         <input_file_ref idref="fl-1e"/>
      </object_component>
      <object_component id="oc-59a">
         <name>.text:frexp</name>
         <load_address>0x6478</load_address>
         <run_address>0x6478</run_address>
         <size>0xb0</size>
         <input_file_ref idref="fl-68"/>
      </object_component>
      <object_component id="oc-3a9">
         <name>.text:__TI_printfi:_pproc_str___TI_printfi</name>
         <load_address>0x6528</load_address>
         <run_address>0x6528</run_address>
         <size>0xac</size>
         <input_file_ref idref="fl-1e"/>
      </object_component>
      <object_component id="oc-61f">
         <name>.text:__mspabi_fltlid</name>
         <load_address>0x65d4</load_address>
         <run_address>0x65d4</run_address>
         <size>0xac</size>
         <input_file_ref idref="fl-4f"/>
      </object_component>
      <object_component id="oc-6ab">
         <name>.text:__mpyll</name>
         <load_address>0x6680</load_address>
         <run_address>0x6680</run_address>
         <size>0x96</size>
         <input_file_ref idref="fl-3d"/>
      </object_component>
      <object_component id="oc-225">
         <name>.text:main</name>
         <load_address>0x6716</load_address>
         <run_address>0x6716</run_address>
         <size>0x96</size>
         <input_file_ref idref="fl-2"/>
      </object_component>
      <object_component id="oc-579">
         <name>.text:_mcpy</name>
         <load_address>0x67ac</load_address>
         <run_address>0x67ac</run_address>
         <size>0x92</size>
         <input_file_ref idref="fl-1e"/>
      </object_component>
      <object_component id="oc-2eb">
         <name>.text:fputc</name>
         <load_address>0x683e</load_address>
         <run_address>0x683e</run_address>
         <size>0x90</size>
         <input_file_ref idref="fl-1f"/>
      </object_component>
      <object_component id="oc-573">
         <name>.text:_ecpy</name>
         <load_address>0x68ce</load_address>
         <run_address>0x68ce</run_address>
         <size>0x8e</size>
         <input_file_ref idref="fl-1e"/>
      </object_component>
      <object_component id="oc-529">
         <name>.text:HOSTlseek</name>
         <load_address>0x695c</load_address>
         <run_address>0x695c</run_address>
         <size>0x88</size>
         <input_file_ref idref="fl-78"/>
      </object_component>
      <object_component id="oc-619">
         <name>.text:__TI_ltoa</name>
         <load_address>0x69e4</load_address>
         <run_address>0x69e4</run_address>
         <size>0x84</size>
         <input_file_ref idref="fl-56"/>
      </object_component>
      <object_component id="oc-47">
         <name>.text:decompress:lzss:__TI_decompress_lzss</name>
         <load_address>0x6a68</load_address>
         <run_address>0x6a68</run_address>
         <size>0x7c</size>
         <input_file_ref idref="fl-49"/>
      </object_component>
      <object_component id="oc-35b">
         <name>.text:__TI_wrt_ok</name>
         <load_address>0x6ae4</load_address>
         <run_address>0x6ae4</run_address>
         <size>0x7a</size>
         <input_file_ref idref="fl-21"/>
      </object_component>
      <object_component id="oc-4d4">
         <name>.text:_pconv_f</name>
         <load_address>0x6b5e</load_address>
         <run_address>0x6b5e</run_address>
         <size>0x7a</size>
         <input_file_ref idref="fl-1e"/>
      </object_component>
      <object_component id="oc-505">
         <name>.text:__TI_closefile</name>
         <load_address>0x6bd8</load_address>
         <run_address>0x6bd8</run_address>
         <size>0x72</size>
         <input_file_ref idref="fl-82"/>
      </object_component>
      <object_component id="oc-613">
         <name>.text:__mspabi_fixdli</name>
         <load_address>0x6c4a</load_address>
         <run_address>0x6c4a</run_address>
         <size>0x72</size>
         <input_file_ref idref="fl-4d"/>
      </object_component>
      <object_component id="oc-3df">
         <name>.text:fseeko</name>
         <load_address>0x6cbc</load_address>
         <run_address>0x6cbc</run_address>
         <size>0x70</size>
         <input_file_ref idref="fl-6c"/>
      </object_component>
      <object_component id="oc-535">
         <name>.text:HOSTrename</name>
         <load_address>0x6d2c</load_address>
         <run_address>0x6d2c</run_address>
         <size>0x6a</size>
         <input_file_ref idref="fl-7b"/>
      </object_component>
      <object_component id="oc-5b7">
         <name>.text:split</name>
         <load_address>0x6d96</load_address>
         <run_address>0x6d96</run_address>
         <size>0x68</size>
         <input_file_ref idref="fl-5e"/>
      </object_component>
      <object_component id="oc-511">
         <name>.text:HOSTopen</name>
         <load_address>0x6dfe</load_address>
         <run_address>0x6dfe</run_address>
         <size>0x66</size>
         <input_file_ref idref="fl-79"/>
      </object_component>
      <object_component id="oc-523">
         <name>.text:HOSTwrite</name>
         <load_address>0x6e64</load_address>
         <run_address>0x6e64</run_address>
         <size>0x62</size>
         <input_file_ref idref="fl-7d"/>
      </object_component>
      <object_component id="oc-367">
         <name>.text:__TI_doflush</name>
         <load_address>0x6ec6</load_address>
         <run_address>0x6ec6</run_address>
         <size>0x62</size>
         <input_file_ref idref="fl-6a"/>
      </object_component>
      <object_component id="oc-51d">
         <name>.text:HOSTread</name>
         <load_address>0x6f28</load_address>
         <run_address>0x6f28</run_address>
         <size>0x60</size>
         <input_file_ref idref="fl-7a"/>
      </object_component>
      <object_component id="oc-69b">
         <name>.text:l_lsr_const</name>
         <load_address>0x6f88</load_address>
         <run_address>0x6f88</run_address>
         <size>0x5c</size>
         <input_file_ref idref="fl-72"/>
      </object_component>
      <object_component id="oc-2bc">
         <name>.text:__TI_auto_init_nobinit_nopinit_hold_wdt:__TI_auto_init_nobinit_nopinit_hold_wdt</name>
         <load_address>0x6fe4</load_address>
         <run_address>0x6fe4</run_address>
         <size>0x58</size>
         <input_file_ref idref="fl-3f"/>
      </object_component>
      <object_component id="oc-66d">
         <name>.text:getdevice</name>
         <load_address>0x703c</load_address>
         <run_address>0x703c</run_address>
         <size>0x58</size>
         <input_file_ref idref="fl-83"/>
      </object_component>
      <object_component id="oc-555">
         <name>.text</name>
         <load_address>0x7094</load_address>
         <run_address>0x7094</run_address>
         <size>0x58</size>
         <input_file_ref idref="fl-24"/>
      </object_component>
      <object_component id="oc-41a">
         <name>.text:atoi</name>
         <load_address>0x70ec</load_address>
         <run_address>0x70ec</run_address>
         <size>0x52</size>
         <input_file_ref idref="fl-58"/>
      </object_component>
      <object_component id="oc-586">
         <name>.text:_fcpy</name>
         <load_address>0x713e</load_address>
         <run_address>0x713e</run_address>
         <size>0x4e</size>
         <input_file_ref idref="fl-1e"/>
      </object_component>
      <object_component id="oc-168">
         <name>.text</name>
         <load_address>0x718c</load_address>
         <run_address>0x718c</run_address>
         <size>0x4c</size>
         <input_file_ref idref="fl-37"/>
      </object_component>
      <object_component id="oc-6b0">
         <name>.text:__mpyull</name>
         <load_address>0x71d8</load_address>
         <run_address>0x71d8</run_address>
         <size>0x4a</size>
         <input_file_ref idref="fl-3c"/>
      </object_component>
      <object_component id="oc-6fb">
         <name>.text:__mspabi_srall</name>
         <load_address>0x7222</load_address>
         <run_address>0x7222</run_address>
         <size>0x4a</size>
         <input_file_ref idref="fl-86"/>
      </object_component>
      <object_component id="oc-5be">
         <name>.text:close</name>
         <load_address>0x726c</load_address>
         <run_address>0x726c</run_address>
         <size>0x4a</size>
         <input_file_ref idref="fl-8b"/>
      </object_component>
      <object_component id="oc-55a">
         <name>.text:__mspabi_srlll</name>
         <load_address>0x72b6</load_address>
         <run_address>0x72b6</run_address>
         <size>0x46</size>
         <input_file_ref idref="fl-44"/>
      </object_component>
      <object_component id="oc-517">
         <name>.text:HOSTclose</name>
         <load_address>0x72fc</load_address>
         <run_address>0x72fc</run_address>
         <size>0x44</size>
         <input_file_ref idref="fl-77"/>
      </object_component>
      <object_component id="oc-5fd">
         <name>.text:__mspabi_sllll</name>
         <load_address>0x7340</load_address>
         <run_address>0x7340</run_address>
         <size>0x44</size>
         <input_file_ref idref="fl-74"/>
      </object_component>
      <object_component id="oc-29e">
         <name>.text:exit</name>
         <load_address>0x7384</load_address>
         <run_address>0x7384</run_address>
         <size>0x44</size>
         <input_file_ref idref="fl-54"/>
      </object_component>
      <object_component id="oc-52f">
         <name>.text:HOSTunlink</name>
         <load_address>0x73c8</load_address>
         <run_address>0x73c8</run_address>
         <size>0x40</size>
         <input_file_ref idref="fl-7c"/>
      </object_component>
      <object_component id="oc-694">
         <name>.text</name>
         <load_address>0x7408</load_address>
         <run_address>0x7408</run_address>
         <size>0x40</size>
         <input_file_ref idref="fl-6f"/>
      </object_component>
      <object_component id="oc-6bd">
         <name>.text:l_asr_const</name>
         <load_address>0x7448</load_address>
         <run_address>0x7448</run_address>
         <size>0x3e</size>
         <input_file_ref idref="fl-6e"/>
      </object_component>
      <object_component id="oc-5e5">
         <name>.text:l_lsl_const</name>
         <load_address>0x7486</load_address>
         <run_address>0x7486</run_address>
         <size>0x3e</size>
         <input_file_ref idref="fl-71"/>
      </object_component>
      <object_component id="oc-1f2">
         <name>.text:printf</name>
         <load_address>0x74c4</load_address>
         <run_address>0x74c4</run_address>
         <size>0x3c</size>
         <input_file_ref idref="fl-1d"/>
      </object_component>
      <object_component id="oc-466">
         <name>.text:__TI_cleanup</name>
         <load_address>0x7500</load_address>
         <run_address>0x7500</run_address>
         <size>0x34</size>
         <input_file_ref idref="fl-6b"/>
      </object_component>
      <object_component id="oc-6e0">
         <name>.text:finddevice</name>
         <load_address>0x7534</load_address>
         <run_address>0x7534</run_address>
         <size>0x34</size>
         <input_file_ref idref="fl-83"/>
      </object_component>
      <object_component id="oc-5d2">
         <name>.text:__TI_writemsg</name>
         <load_address>0x7568</load_address>
         <run_address>0x7568</run_address>
         <size>0x2e</size>
         <input_file_ref idref="fl-7e"/>
      </object_component>
      <object_component id="oc-625">
         <name>.text:__mspabi_subd</name>
         <load_address>0x7596</load_address>
         <run_address>0x7596</run_address>
         <size>0x2e</size>
         <input_file_ref idref="fl-53"/>
      </object_component>
      <object_component id="oc-6cd">
         <name>.text:copysign</name>
         <load_address>0x75c4</load_address>
         <run_address>0x75c4</run_address>
         <size>0x2e</size>
         <input_file_ref idref="fl-81"/>
      </object_component>
      <object_component id="oc-6b8">
         <name>.text</name>
         <load_address>0x75f2</load_address>
         <run_address>0x75f2</run_address>
         <size>0x2e</size>
         <input_file_ref idref="fl-3b"/>
      </object_component>
      <object_component id="oc-204">
         <name>.text:UART_send_string</name>
         <load_address>0x7620</load_address>
         <run_address>0x7620</run_address>
         <size>0x2c</size>
         <input_file_ref idref="fl-2"/>
      </object_component>
      <object_component id="oc-5d8">
         <name>.text:__TI_readmsg</name>
         <load_address>0x764c</load_address>
         <run_address>0x764c</run_address>
         <size>0x2c</size>
         <input_file_ref idref="fl-7e"/>
      </object_component>
      <object_component id="oc-60b">
         <name>.text</name>
         <load_address>0x7678</load_address>
         <run_address>0x7678</run_address>
         <size>0x2c</size>
         <input_file_ref idref="fl-6d"/>
      </object_component>
      <object_component id="oc-163">
         <name>.text</name>
         <load_address>0x76a4</load_address>
         <run_address>0x76a4</run_address>
         <size>0x2c</size>
         <input_file_ref idref="fl-70"/>
      </object_component>
      <object_component id="oc-6da">
         <name>.text:strncpy</name>
         <load_address>0x76d0</load_address>
         <run_address>0x76d0</run_address>
         <size>0x2c</size>
         <input_file_ref idref="fl-89"/>
      </object_component>
      <object_component id="oc-4c8">
         <name>.text:__mspabi_negd</name>
         <load_address>0x76fc</load_address>
         <run_address>0x76fc</run_address>
         <size>0x2a</size>
         <input_file_ref idref="fl-52"/>
      </object_component>
      <object_component id="oc-62b">
         <name>.text:__mspabi_fixdi</name>
         <load_address>0x7726</load_address>
         <run_address>0x7726</run_address>
         <size>0x28</size>
         <input_file_ref idref="fl-4c"/>
      </object_component>
      <object_component id="oc-4f7">
         <name>.text:free_list_insert</name>
         <load_address>0x774e</load_address>
         <run_address>0x774e</run_address>
         <size>0x28</size>
         <input_file_ref idref="fl-5e"/>
      </object_component>
      <object_component id="oc-5c5">
         <name>.text:unlink</name>
         <load_address>0x7776</load_address>
         <run_address>0x7776</run_address>
         <size>0x28</size>
         <input_file_ref idref="fl-8d"/>
      </object_component>
      <object_component id="oc-44d">
         <name>.text:lseek</name>
         <load_address>0x779e</load_address>
         <run_address>0x779e</run_address>
         <size>0x26</size>
         <input_file_ref idref="fl-80"/>
      </object_component>
      <object_component id="oc-36d">
         <name>.text:write</name>
         <load_address>0x77c4</load_address>
         <run_address>0x77c4</run_address>
         <size>0x24</size>
         <input_file_ref idref="fl-63"/>
      </object_component>
      <object_component id="oc-291">
         <name>.text:UART_setup</name>
         <load_address>0x77e8</load_address>
         <run_address>0x77e8</run_address>
         <size>0x22</size>
         <input_file_ref idref="fl-2"/>
      </object_component>
      <object_component id="oc-407">
         <name>.text:memccpy</name>
         <load_address>0x780a</load_address>
         <run_address>0x780a</run_address>
         <size>0x22</size>
         <input_file_ref idref="fl-5b"/>
      </object_component>
      <object_component id="oc-1a7">
         <name>.text:_c_int00_noargs</name>
         <load_address>0x782c</load_address>
         <run_address>0x782c</run_address>
         <size>0x1c</size>
         <input_file_ref idref="fl-3e"/>
      </object_component>
      <object_component id="oc-4f1">
         <name>.text:free_list_remove</name>
         <load_address>0x7848</load_address>
         <run_address>0x7848</run_address>
         <size>0x1c</size>
         <input_file_ref idref="fl-5e"/>
      </object_component>
      <object_component id="oc-659">
         <name>.text:strchr</name>
         <load_address>0x7864</load_address>
         <run_address>0x7864</run_address>
         <size>0x1a</size>
         <input_file_ref idref="fl-60"/>
      </object_component>
      <object_component id="oc-710">
         <name>.text:strcmp</name>
         <load_address>0x787e</load_address>
         <run_address>0x787e</run_address>
         <size>0x18</size>
         <input_file_ref idref="fl-87"/>
      </object_component>
      <object_component id="oc-48d">
         <name>.text</name>
         <load_address>0x7896</load_address>
         <run_address>0x7896</run_address>
         <size>0x16</size>
         <input_file_ref idref="fl-23"/>
      </object_component>
      <object_component id="oc-272">
         <name>.text:UART_send_character</name>
         <load_address>0x78ac</load_address>
         <run_address>0x78ac</run_address>
         <size>0x14</size>
         <input_file_ref idref="fl-2"/>
      </object_component>
      <object_component id="oc-195">
         <name>.text:decompress:ZI:__TI_zero_init_nomemset:__TI_zero_init_nomemset</name>
         <load_address>0x78c0</load_address>
         <run_address>0x78c0</run_address>
         <size>0x14</size>
         <input_file_ref idref="fl-40"/>
      </object_component>
      <object_component id="oc-361">
         <name>.text:memchr</name>
         <load_address>0x78d4</load_address>
         <run_address>0x78d4</run_address>
         <size>0x14</size>
         <input_file_ref idref="fl-5c"/>
      </object_component>
      <object_component id="oc-3fa">
         <name>.text:memset</name>
         <load_address>0x78e8</load_address>
         <run_address>0x78e8</run_address>
         <size>0x14</size>
         <input_file_ref idref="fl-5f"/>
      </object_component>
      <object_component id="oc-3d3">
         <name>.text</name>
         <load_address>0x78fc</load_address>
         <run_address>0x78fc</run_address>
         <size>0x14</size>
         <input_file_ref idref="fl-39"/>
      </object_component>
      <object_component id="oc-28b">
         <name>.text:timerB_setup</name>
         <load_address>0x7910</load_address>
         <run_address>0x7910</run_address>
         <size>0x14</size>
         <input_file_ref idref="fl-2"/>
      </object_component>
      <object_component id="oc-429">
         <name>.text:wcslen</name>
         <load_address>0x7924</load_address>
         <run_address>0x7924</run_address>
         <size>0x14</size>
         <input_file_ref idref="fl-67"/>
      </object_component>
      <object_component id="oc-4d">
         <name>.text:decompress:none:__TI_decompress_none</name>
         <load_address>0x7938</load_address>
         <run_address>0x7938</run_address>
         <size>0x12</size>
         <input_file_ref idref="fl-48"/>
      </object_component>
      <object_component id="oc-603">
         <name>.text:l_lsr</name>
         <load_address>0x794a</load_address>
         <run_address>0x794a</run_address>
         <size>0x12</size>
         <input_file_ref idref="fl-72"/>
      </object_component>
      <object_component id="oc-17d">
         <name>.text:memcpy</name>
         <load_address>0x795c</load_address>
         <run_address>0x795c</run_address>
         <size>0x12</size>
         <input_file_ref idref="fl-5d"/>
      </object_component>
      <object_component id="oc-16d">
         <name>.text</name>
         <load_address>0x796e</load_address>
         <run_address>0x796e</run_address>
         <size>0x10</size>
         <input_file_ref idref="fl-25"/>
      </object_component>
      <object_component id="oc-5ee">
         <name>.text:strcpy</name>
         <load_address>0x797e</load_address>
         <run_address>0x797e</run_address>
         <size>0x10</size>
         <input_file_ref idref="fl-88"/>
      </object_component>
      <object_component id="oc-1f8">
         <name>.text:clearStates</name>
         <load_address>0x798e</load_address>
         <run_address>0x798e</run_address>
         <size>0xe</size>
         <input_file_ref idref="fl-2"/>
      </object_component>
      <object_component id="oc-210">
         <name>.text:setCaesar</name>
         <load_address>0x799c</load_address>
         <run_address>0x799c</run_address>
         <size>0xe</size>
         <input_file_ref idref="fl-2"/>
      </object_component>
      <object_component id="oc-1fe">
         <name>.text:setSubstitution</name>
         <load_address>0x79aa</load_address>
         <run_address>0x79aa</run_address>
         <size>0xe</size>
         <input_file_ref idref="fl-2"/>
      </object_component>
      <object_component id="oc-20a">
         <name>.text:setVigenere</name>
         <load_address>0x79b8</load_address>
         <run_address>0x79b8</run_address>
         <size>0xe</size>
         <input_file_ref idref="fl-2"/>
      </object_component>
      <object_component id="oc-278">
         <name>.text:strlen</name>
         <load_address>0x79c6</load_address>
         <run_address>0x79c6</run_address>
         <size>0xe</size>
         <input_file_ref idref="fl-61"/>
      </object_component>
      <object_component id="oc-285">
         <name>.text:switch_setup</name>
         <load_address>0x79d4</load_address>
         <run_address>0x79d4</run_address>
         <size>0xe</size>
         <input_file_ref idref="fl-2"/>
      </object_component>
      <object_component id="oc-65f">
         <name>.text:__mspabi_fltid</name>
         <load_address>0x79e2</load_address>
         <run_address>0x79e2</run_address>
         <size>0xc</size>
         <input_file_ref idref="fl-4e"/>
      </object_component>
      <object_component id="oc-4c2">
         <name>.text:toupper</name>
         <load_address>0x79ee</load_address>
         <run_address>0x79ee</run_address>
         <size>0xc</size>
         <input_file_ref idref="fl-62"/>
      </object_component>
      <object_component id="oc-632">
         <name>.text:abs</name>
         <load_address>0x79fa</load_address>
         <run_address>0x79fa</run_address>
         <size>0xa</size>
         <input_file_ref idref="fl-66"/>
      </object_component>
      <object_component id="oc-460">
         <name>.text:malloc</name>
         <load_address>0x7a04</load_address>
         <run_address>0x7a04</run_address>
         <size>0x8</size>
         <input_file_ref idref="fl-5e"/>
      </object_component>
      <object_component id="oc-264">
         <name>.text:_outc</name>
         <load_address>0x7a0c</load_address>
         <run_address>0x7a0c</run_address>
         <size>0x6</size>
         <input_file_ref idref="fl-1d"/>
      </object_component>
      <object_component id="oc-298">
         <name>.text:abort</name>
         <load_address>0x7a12</load_address>
         <run_address>0x7a12</run_address>
         <size>0x6</size>
         <input_file_ref idref="fl-54"/>
      </object_component>
      <object_component id="oc-25e">
         <name>.text:_outs</name>
         <load_address>0x7a18</load_address>
         <run_address>0x7a18</run_address>
         <size>0x4</size>
         <input_file_ref idref="fl-1d"/>
      </object_component>
      <object_component id="oc-21f">
         <name>.text:_system_pre_init</name>
         <load_address>0x7a1c</load_address>
         <run_address>0x7a1c</run_address>
         <size>0x4</size>
         <input_file_ref idref="fl-46"/>
      </object_component>
      <object_component id="oc-2d7">
         <name>.text:_nop</name>
         <load_address>0x7a20</load_address>
         <run_address>0x7a20</run_address>
         <size>0x2</size>
         <input_file_ref idref="fl-55"/>
      </object_component>
      <object_component id="oc-335">
         <name>.text:_system_post_cinit</name>
         <load_address>0x7a22</load_address>
         <run_address>0x7a22</run_address>
         <size>0x2</size>
         <input_file_ref idref="fl-47"/>
      </object_component>
      <object_component id="oc-18a">
         <name>.text:_isr:__TI_ISR_TRAP</name>
         <load_address>0x7c26</load_address>
         <run_address>0x7c26</run_address>
         <size>0x8</size>
         <input_file_ref idref="fl-36"/>
      </object_component>
      <object_component id="oc-77a">
         <name>.cinit..data.load</name>
         <load_address>0x7c2e</load_address>
         <run_address>0x7c2e</run_address>
         <size>0x46</size>
      </object_component>
      <object_component id="oc-777">
         <name>__TI_handler_table</name>
         <load_address>0x7c74</load_address>
         <run_address>0x7c74</run_address>
         <size>0x6</size>
      </object_component>
      <object_component id="oc-779">
         <name>.cinit..bss.load</name>
         <load_address>0x7c7a</load_address>
         <run_address>0x7c7a</run_address>
         <size>0x4</size>
      </object_component>
      <object_component id="oc-778">
         <name>__TI_cinit_table</name>
         <load_address>0x7c7e</load_address>
         <run_address>0x7c7e</run_address>
         <size>0x8</size>
      </object_component>
      <object_component id="oc-49a">
         <name>.const:.string:_ctypes_</name>
         <load_address>0x7a24</load_address>
         <run_address>0x7a24</run_address>
         <size>0x101</size>
         <input_file_ref idref="fl-59"/>
      </object_component>
      <object_component id="oc-1f1">
         <name>.const:.string</name>
         <load_address>0x7b26</load_address>
         <run_address>0x7b26</run_address>
         <size>0xda</size>
         <input_file_ref idref="fl-2"/>
      </object_component>
      <object_component id="oc-400">
         <name>.const:.string</name>
         <load_address>0x7c00</load_address>
         <run_address>0x7c00</run_address>
         <size>0x26</size>
         <input_file_ref idref="fl-1e"/>
      </object_component>
      <object_component id="oc-679">
         <name>.cio</name>
         <uninitialized>true</uninitialized>
         <run_address>0x122c</run_address>
         <size>0x120</size>
         <input_file_ref idref="fl-7e"/>
      </object_component>
      <object_component id="oc-728">
         <name>.binit</name>
         <load_address>0x3100</load_address>
         <run_address>0x3100</run_address>
         <size>0x0</size>
      </object_component>
      <object_component id="oc-53">
         <name>.int14</name>
         <load_address>0xffdc</load_address>
         <run_address>0xffdc</run_address>
         <size>0x2</size>
         <input_file_ref idref="fl-26"/>
      </object_component>
      <object_component id="oc-54">
         <name>.int15</name>
         <load_address>0xffde</load_address>
         <run_address>0xffde</run_address>
         <size>0x2</size>
         <input_file_ref idref="fl-27"/>
      </object_component>
      <object_component id="oc-55">
         <name>.int16</name>
         <load_address>0xffe0</load_address>
         <run_address>0xffe0</run_address>
         <size>0x2</size>
         <input_file_ref idref="fl-28"/>
      </object_component>
      <object_component id="oc-56">
         <name>.int17</name>
         <load_address>0xffe2</load_address>
         <run_address>0xffe2</run_address>
         <size>0x2</size>
         <input_file_ref idref="fl-29"/>
      </object_component>
      <object_component id="oc-57">
         <name>.int18</name>
         <load_address>0xffe4</load_address>
         <run_address>0xffe4</run_address>
         <size>0x2</size>
         <input_file_ref idref="fl-2a"/>
      </object_component>
      <object_component id="oc-58">
         <name>.int19</name>
         <load_address>0xffe6</load_address>
         <run_address>0xffe6</run_address>
         <size>0x2</size>
         <input_file_ref idref="fl-2b"/>
      </object_component>
      <object_component id="oc-59">
         <name>.int20</name>
         <load_address>0xffe8</load_address>
         <run_address>0xffe8</run_address>
         <size>0x2</size>
         <input_file_ref idref="fl-2"/>
      </object_component>
      <object_component id="oc-5a">
         <name>.int21</name>
         <load_address>0xffea</load_address>
         <run_address>0xffea</run_address>
         <size>0x2</size>
         <input_file_ref idref="fl-2c"/>
      </object_component>
      <object_component id="oc-5b">
         <name>.int22</name>
         <load_address>0xffec</load_address>
         <run_address>0xffec</run_address>
         <size>0x2</size>
         <input_file_ref idref="fl-2d"/>
      </object_component>
      <object_component id="oc-5c">
         <name>.int23</name>
         <load_address>0xffee</load_address>
         <run_address>0xffee</run_address>
         <size>0x2</size>
         <input_file_ref idref="fl-2e"/>
      </object_component>
      <object_component id="oc-5d">
         <name>.int24</name>
         <load_address>0xfff0</load_address>
         <run_address>0xfff0</run_address>
         <size>0x2</size>
         <input_file_ref idref="fl-2f"/>
      </object_component>
      <object_component id="oc-5e">
         <name>.int25</name>
         <load_address>0xfff2</load_address>
         <run_address>0xfff2</run_address>
         <size>0x2</size>
         <input_file_ref idref="fl-30"/>
      </object_component>
      <object_component id="oc-5f">
         <name>.int26</name>
         <load_address>0xfff4</load_address>
         <run_address>0xfff4</run_address>
         <size>0x2</size>
         <input_file_ref idref="fl-31"/>
      </object_component>
      <object_component id="oc-60">
         <name>.int27</name>
         <load_address>0xfff6</load_address>
         <run_address>0xfff6</run_address>
         <size>0x2</size>
         <input_file_ref idref="fl-32"/>
      </object_component>
      <object_component id="oc-61">
         <name>.int28</name>
         <load_address>0xfff8</load_address>
         <run_address>0xfff8</run_address>
         <size>0x2</size>
         <input_file_ref idref="fl-33"/>
      </object_component>
      <object_component id="oc-62">
         <name>.int29</name>
         <load_address>0xfffa</load_address>
         <run_address>0xfffa</run_address>
         <size>0x2</size>
         <input_file_ref idref="fl-34"/>
      </object_component>
      <object_component id="oc-63">
         <name>.int30</name>
         <load_address>0xfffc</load_address>
         <run_address>0xfffc</run_address>
         <size>0x2</size>
         <input_file_ref idref="fl-35"/>
      </object_component>
      <object_component id="oc-15f">
         <name>.reset</name>
         <load_address>0xfffe</load_address>
         <run_address>0xfffe</run_address>
         <size>0x2</size>
         <input_file_ref idref="fl-3e"/>
      </object_component>
      <object_component id="oc-27f">
         <name>.debug_info</name>
         <load_address>0x0</load_address>
         <run_address>0x0</run_address>
         <size>0x361</size>
         <input_file_ref idref="fl-2"/>
      </object_component>
      <object_component id="oc-1ef">
         <name>.debug_info</name>
         <load_address>0x361</load_address>
         <run_address>0x361</run_address>
         <size>0x14a</size>
         <input_file_ref idref="fl-2"/>
      </object_component>
      <object_component id="oc-226">
         <name>.debug_info</name>
         <load_address>0x4ab</load_address>
         <run_address>0x4ab</run_address>
         <size>0x209</size>
         <input_file_ref idref="fl-2"/>
      </object_component>
      <object_component id="oc-211">
         <name>.debug_info</name>
         <load_address>0x6b4</load_address>
         <run_address>0x6b4</run_address>
         <size>0x113</size>
         <input_file_ref idref="fl-2"/>
      </object_component>
      <object_component id="oc-1ff">
         <name>.debug_info</name>
         <load_address>0x7c7</load_address>
         <run_address>0x7c7</run_address>
         <size>0x11f</size>
         <input_file_ref idref="fl-2"/>
      </object_component>
      <object_component id="oc-20b">
         <name>.debug_info</name>
         <load_address>0x8e6</load_address>
         <run_address>0x8e6</run_address>
         <size>0x117</size>
         <input_file_ref idref="fl-2"/>
      </object_component>
      <object_component id="oc-1f9">
         <name>.debug_info</name>
         <load_address>0x9fd</load_address>
         <run_address>0x9fd</run_address>
         <size>0x117</size>
         <input_file_ref idref="fl-2"/>
      </object_component>
      <object_component id="oc-292">
         <name>.debug_info</name>
         <load_address>0xb14</load_address>
         <run_address>0xb14</run_address>
         <size>0x115</size>
         <input_file_ref idref="fl-2"/>
      </object_component>
      <object_component id="oc-286">
         <name>.debug_info</name>
         <load_address>0xc29</load_address>
         <run_address>0xc29</run_address>
         <size>0x119</size>
         <input_file_ref idref="fl-2"/>
      </object_component>
      <object_component id="oc-28c">
         <name>.debug_info</name>
         <load_address>0xd42</load_address>
         <run_address>0xd42</run_address>
         <size>0x119</size>
         <input_file_ref idref="fl-2"/>
      </object_component>
      <object_component id="oc-273">
         <name>.debug_info</name>
         <load_address>0xe5b</load_address>
         <run_address>0xe5b</run_address>
         <size>0x156</size>
         <input_file_ref idref="fl-2"/>
      </object_component>
      <object_component id="oc-205">
         <name>.debug_info</name>
         <load_address>0xfb1</load_address>
         <run_address>0xfb1</run_address>
         <size>0x17f</size>
         <input_file_ref idref="fl-2"/>
      </object_component>
      <object_component id="oc-190">
         <name>.debug_info</name>
         <load_address>0x1130</load_address>
         <run_address>0x1130</run_address>
         <size>0x1fb</size>
         <input_file_ref idref="fl-2"/>
      </object_component>
      <object_component id="oc-317">
         <name>.debug_info</name>
         <load_address>0x132b</load_address>
         <run_address>0x132b</run_address>
         <size>0x26b</size>
         <input_file_ref idref="fl-2"/>
      </object_component>
      <object_component id="oc-178">
         <name>.debug_info</name>
         <load_address>0x1596</load_address>
         <run_address>0x1596</run_address>
         <size>0x84</size>
         <input_file_ref idref="fl-2"/>
      </object_component>
      <object_component id="oc-3b6">
         <name>.debug_info</name>
         <load_address>0x161a</load_address>
         <run_address>0x161a</run_address>
         <size>0x282</size>
         <input_file_ref idref="fl-2"/>
      </object_component>
      <object_component id="oc-321">
         <name>.debug_info</name>
         <load_address>0x189c</load_address>
         <run_address>0x189c</run_address>
         <size>0xd9</size>
         <input_file_ref idref="fl-2"/>
      </object_component>
      <object_component id="oc-30d">
         <name>.debug_info</name>
         <load_address>0x1975</load_address>
         <run_address>0x1975</run_address>
         <size>0x2c</size>
         <input_file_ref idref="fl-2"/>
      </object_component>
      <object_component id="oc-31c">
         <name>.debug_info</name>
         <load_address>0x19a1</load_address>
         <run_address>0x19a1</run_address>
         <size>0x35</size>
         <input_file_ref idref="fl-2"/>
      </object_component>
      <object_component id="oc-26f">
         <name>.debug_info</name>
         <load_address>0x19d6</load_address>
         <run_address>0x19d6</run_address>
         <size>0x2bd</size>
         <input_file_ref idref="fl-1d"/>
      </object_component>
      <object_component id="oc-265">
         <name>.debug_info</name>
         <load_address>0x1c93</load_address>
         <run_address>0x1c93</run_address>
         <size>0x162</size>
         <input_file_ref idref="fl-1d"/>
      </object_component>
      <object_component id="oc-261">
         <name>.debug_info</name>
         <load_address>0x1df5</load_address>
         <run_address>0x1df5</run_address>
         <size>0x166</size>
         <input_file_ref idref="fl-1d"/>
      </object_component>
      <object_component id="oc-1f6">
         <name>.debug_info</name>
         <load_address>0x1f5b</load_address>
         <run_address>0x1f5b</run_address>
         <size>0x184</size>
         <input_file_ref idref="fl-1d"/>
      </object_component>
      <object_component id="oc-308">
         <name>.debug_info</name>
         <load_address>0x20df</load_address>
         <run_address>0x20df</run_address>
         <size>0xb2</size>
         <input_file_ref idref="fl-1d"/>
      </object_component>
      <object_component id="oc-37e">
         <name>.debug_info</name>
         <load_address>0x2191</load_address>
         <run_address>0x2191</run_address>
         <size>0x439</size>
         <input_file_ref idref="fl-1e"/>
      </object_component>
      <object_component id="oc-39e">
         <name>.debug_info</name>
         <load_address>0x25ca</load_address>
         <run_address>0x25ca</run_address>
         <size>0x25a</size>
         <input_file_ref idref="fl-1e"/>
      </object_component>
      <object_component id="oc-4b6">
         <name>.debug_info</name>
         <load_address>0x2824</load_address>
         <run_address>0x2824</run_address>
         <size>0x1df</size>
         <input_file_ref idref="fl-1e"/>
      </object_component>
      <object_component id="oc-4bc">
         <name>.debug_info</name>
         <load_address>0x2a03</load_address>
         <run_address>0x2a03</run_address>
         <size>0x2b3</size>
         <input_file_ref idref="fl-1e"/>
      </object_component>
      <object_component id="oc-435">
         <name>.debug_info</name>
         <load_address>0x2cb6</load_address>
         <run_address>0x2cb6</run_address>
         <size>0x291</size>
         <input_file_ref idref="fl-1e"/>
      </object_component>
      <object_component id="oc-56e">
         <name>.debug_info</name>
         <load_address>0x2f47</load_address>
         <run_address>0x2f47</run_address>
         <size>0x3e2</size>
         <input_file_ref idref="fl-1e"/>
[...]
      <symbol id="sm-808">
         <name>_stream</name>
         <value>0x1412</value>
         <object_component_ref idref="oc-3f1"/>
      </symbol>
      <symbol id="sm-809">
         <name>_device</name>
         <value>0x13c4</value>
         <object_component_ref idref="oc-479"/>
      </symbol>
      <symbol id="sm-810">
         <name>errno</name>
         <value>0x144c</value>
         <object_component_ref idref="oc-42f"/>
      </symbol>
      <symbol id="sm-81a">
         <name>abs</name>
         <value>0x79fa</value>
         <object_component_ref idref="oc-632"/>
      </symbol>
      <symbol id="sm-832">
         <name>wcslen</name>
         <value>0x7924</value>
         <object_component_ref idref="oc-429"/>
      </symbol>
      <symbol id="sm-84e">
         <name>frexpl</name>
         <value>0x6478</value>
         <object_component_ref idref="oc-59a"/>
      </symbol>
      <symbol id="sm-84f">
         <name>frexp</name>
         <value>0x6478</value>
         <object_component_ref idref="oc-59a"/>
      </symbol>
      <symbol id="sm-867">
         <name>scalbn</name>
         <value>0x58ac</value>
         <object_component_ref idref="oc-653"/>
      </symbol>
      <symbol id="sm-868">
         <name>scalbnl</name>
         <value>0x58ac</value>
         <object_component_ref idref="oc-653"/>
      </symbol>
      <symbol id="sm-869">
         <name>ldexpl</name>
         <value>0x58ac</value>
         <object_component_ref idref="oc-653"/>
      </symbol>
      <symbol id="sm-86a">
         <name>ldexp</name>
         <value>0x58ac</value>
         <object_component_ref idref="oc-653"/>
      </symbol>
      <symbol id="sm-87b">
         <name>__TI_doflush</name>
         <value>0x6ec6</value>
         <object_component_ref idref="oc-367"/>
      </symbol>
      <symbol id="sm-887">
         <name>__TI_cleanup</name>
         <value>0x7500</value>
         <object_component_ref idref="oc-466"/>
      </symbol>
      <symbol id="sm-89c">
         <name>fseeko</name>
         <value>0x6cbc</value>
         <object_component_ref idref="oc-3df"/>
      </symbol>
      <symbol id="sm-89d">
         <name>fseek</name>
         <value>0x6cbc</value>
         <object_component_ref idref="oc-3df"/>
      </symbol>
      <symbol id="sm-8a5">
         <name>__mspabi_srai</name>
         <value>0x7678</value>
         <object_component_ref idref="oc-60b"/>
      </symbol>
      <symbol id="sm-8a6">
         <name>__mspabi_srai_8</name>
         <value>0x7692</value>
         <object_component_ref idref="oc-60b"/>
      </symbol>
      <symbol id="sm-8a7">
         <name>__mspabi_srai_9</name>
         <value>0x7690</value>
         <object_component_ref idref="oc-60b"/>
      </symbol>
      <symbol id="sm-8a8">
         <name>__mspabi_srai_6</name>
         <value>0x7696</value>
         <object_component_ref idref="oc-60b"/>
      </symbol>
      <symbol id="sm-8a9">
         <name>__mspabi_srai_7</name>
         <value>0x7694</value>
         <object_component_ref idref="oc-60b"/>
      </symbol>
      <symbol id="sm-8aa">
         <name>__mspabi_srai_4</name>
         <value>0x769a</value>
         <object_component_ref idref="oc-60b"/>
      </symbol>
      <symbol id="sm-8ab">
         <name>__mspabi_srai_5</name>
         <value>0x7698</value>
         <object_component_ref idref="oc-60b"/>
      </symbol>
      <symbol id="sm-8ac">
         <name>__mspabi_srai_2</name>
         <value>0x769e</value>
         <object_component_ref idref="oc-60b"/>
      </symbol>
      <symbol id="sm-8ad">
         <name>__mspabi_srai_3</name>
         <value>0x769c</value>
         <object_component_ref idref="oc-60b"/>
      </symbol>
      <symbol id="sm-8ae">
         <name>__mspabi_srai_1</name>
         <value>0x76a0</value>
         <object_component_ref idref="oc-60b"/>
      </symbol>
      <symbol id="sm-8af">
         <name>__mspabi_srai_15</name>
         <value>0x7684</value>
         <object_component_ref idref="oc-60b"/>
      </symbol>
      <symbol id="sm-8b0">
         <name>__mspabi_srai_14</name>
         <value>0x7686</value>
         <object_component_ref idref="oc-60b"/>
      </symbol>
      <symbol id="sm-8b1">
         <name>__mspabi_srai_13</name>
         <value>0x7688</value>
         <object_component_ref idref="oc-60b"/>
      </symbol>
      <symbol id="sm-8b2">
         <name>__mspabi_srai_12</name>
         <value>0x768a</value>
         <object_component_ref idref="oc-60b"/>
      </symbol>
      <symbol id="sm-8b3">
         <name>__mspabi_srai_11</name>
         <value>0x768c</value>
         <object_component_ref idref="oc-60b"/>
      </symbol>
      <symbol id="sm-8b4">
         <name>__mspabi_srai_10</name>
         <value>0x768e</value>
         <object_component_ref idref="oc-60b"/>
      </symbol>
      <symbol id="sm-8bc">
         <name>__mspabi_sral_15</name>
         <value>0x7448</value>
         <object_component_ref idref="oc-6bd"/>
      </symbol>
      <symbol id="sm-8bd">
         <name>__mspabi_sral_14</name>
         <value>0x744c</value>
         <object_component_ref idref="oc-6bd"/>
      </symbol>
      <symbol id="sm-8be">
         <name>__mspabi_sral_13</name>
         <value>0x7450</value>
         <object_component_ref idref="oc-6bd"/>
      </symbol>
      <symbol id="sm-8bf">
         <name>__mspabi_sral_12</name>
         <value>0x7454</value>
         <object_component_ref idref="oc-6bd"/>
      </symbol>
      <symbol id="sm-8c0">
         <name>__mspabi_sral_11</name>
         <value>0x7458</value>
         <object_component_ref idref="oc-6bd"/>
      </symbol>
      <symbol id="sm-8c1">
         <name>__mspabi_sral_10</name>
         <value>0x745c</value>
         <object_component_ref idref="oc-6bd"/>
      </symbol>
      <symbol id="sm-8c2">
         <name>__mspabi_sral_8</name>
         <value>0x7464</value>
         <object_component_ref idref="oc-6bd"/>
      </symbol>
      <symbol id="sm-8c3">
         <name>__mspabi_sral_9</name>
         <value>0x7460</value>
         <object_component_ref idref="oc-6bd"/>
      </symbol>
      <symbol id="sm-8c4">
         <name>__mspabi_sral_6</name>
         <value>0x746c</value>
         <object_component_ref idref="oc-6bd"/>
      </symbol>
      <symbol id="sm-8c5">
         <name>__mspabi_sral_7</name>
         <value>0x7468</value>
         <object_component_ref idref="oc-6bd"/>
      </symbol>
      <symbol id="sm-8c6">
         <name>__mspabi_sral_4</name>
         <value>0x7474</value>
         <object_component_ref idref="oc-6bd"/>
      </symbol>
      <symbol id="sm-8c7">
         <name>__mspabi_sral_5</name>
         <value>0x7470</value>
         <object_component_ref idref="oc-6bd"/>
      </symbol>
      <symbol id="sm-8c8">
         <name>__mspabi_sral_2</name>
         <value>0x747c</value>
         <object_component_ref idref="oc-6bd"/>
      </symbol>
      <symbol id="sm-8c9">
         <name>__mspabi_sral_3</name>
         <value>0x7478</value>
         <object_component_ref idref="oc-6bd"/>
      </symbol>
      <symbol id="sm-8ca">
         <name>__mspabi_sral_1</name>
         <value>0x7480</value>
         <object_component_ref idref="oc-6bd"/>
      </symbol>
      <symbol id="sm-8d6">
         <name>__mspabi_remli</name>
         <value>0x7408</value>
         <object_component_ref idref="oc-694"/>
      </symbol>
      <symbol id="sm-8d7">
         <name>__mspabi_divli</name>
         <value>0x7408</value>
         <object_component_ref idref="oc-694"/>
      </symbol>
      <symbol id="sm-8df">
         <name>__mspabi_slli</name>
         <value>0x76a4</value>
         <object_component_ref idref="oc-163"/>
      </symbol>
      <symbol id="sm-8e0">
         <name>__mspabi_slli_9</name>
         <value>0x76bc</value>
         <object_component_ref idref="oc-163"/>
      </symbol>
      <symbol id="sm-8e1">
         <name>__mspabi_slli_8</name>
         <value>0x76be</value>
         <object_component_ref idref="oc-163"/>
      </symbol>
      <symbol id="sm-8e2">
         <name>__mspabi_slli_7</name>
         <value>0x76c0</value>
         <object_component_ref idref="oc-163"/>
      </symbol>
      <symbol id="sm-8e3">
         <name>__mspabi_slli_6</name>
         <value>0x76c2</value>
         <object_component_ref idref="oc-163"/>
      </symbol>
      <symbol id="sm-8e4">
         <name>__mspabi_slli_5</name>
         <value>0x76c4</value>
         <object_component_ref idref="oc-163"/>
      </symbol>
      <symbol id="sm-8e5">
         <name>__mspabi_slli_4</name>
         <value>0x76c6</value>
         <object_component_ref idref="oc-163"/>
      </symbol>
      <symbol id="sm-8e6">
         <name>__mspabi_slli_3</name>
         <value>0x76c8</value>
         <object_component_ref idref="oc-163"/>
      </symbol>
      <symbol id="sm-8e7">
         <name>__mspabi_slli_2</name>
         <value>0x76ca</value>
         <object_component_ref idref="oc-163"/>
      </symbol>
      <symbol id="sm-8e8">
         <name>__mspabi_slli_1</name>
         <value>0x76cc</value>
         <object_component_ref idref="oc-163"/>
      </symbol>
      <symbol id="sm-8e9">
         <name>__mspabi_slli_15</name>
         <value>0x76b0</value>
         <object_component_ref idref="oc-163"/>
      </symbol>
      <symbol id="sm-8ea">
         <name>__mspabi_slli_14</name>
         <value>0x76b2</value>
         <object_component_ref idref="oc-163"/>
      </symbol>
      <symbol id="sm-8eb">
         <name>__mspabi_slli_13</name>
         <value>0x76b4</value>
         <object_component_ref idref="oc-163"/>
      </symbol>
      <symbol id="sm-8ec">
         <name>__mspabi_slli_12</name>
         <value>0x76b6</value>
         <object_component_ref idref="oc-163"/>
      </symbol>
      <symbol id="sm-8ed">
         <name>__mspabi_slli_11</name>
         <value>0x76b8</value>
         <object_component_ref idref="oc-163"/>
      </symbol>
      <symbol id="sm-8ee">
         <name>__mspabi_slli_10</name>
         <value>0x76ba</value>
         <object_component_ref idref="oc-163"/>
      </symbol>
      <symbol id="sm-8f6">
         <name>__mspabi_slll_9</name>
         <value>0x749e</value>
         <object_component_ref idref="oc-5e5"/>
      </symbol>
      <symbol id="sm-8f7">
         <name>__mspabi_slll_8</name>
         <value>0x74a2</value>
         <object_component_ref idref="oc-5e5"/>
      </symbol>
      <symbol id="sm-8f8">
         <name>__mspabi_slll_7</name>
         <value>0x74a6</value>
         <object_component_ref idref="oc-5e5"/>
      </symbol>
      <symbol id="sm-8f9">
         <name>__mspabi_slll_6</name>
         <value>0x74aa</value>
         <object_component_ref idref="oc-5e5"/>
      </symbol>
      <symbol id="sm-8fa">
         <name>__mspabi_slll_5</name>
         <value>0x74ae</value>
         <object_component_ref idref="oc-5e5"/>
      </symbol>
      <symbol id="sm-8fb">
         <name>__mspabi_slll_4</name>
         <value>0x74b2</value>
         <object_component_ref idref="oc-5e5"/>
      </symbol>
      <symbol id="sm-8fc">
         <name>__mspabi_slll_3</name>
         <value>0x74b6</value>
         <object_component_ref idref="oc-5e5"/>
      </symbol>
      <symbol id="sm-8fd">
         <name>__mspabi_slll_2</name>
         <value>0x74ba</value>
         <object_component_ref idref="oc-5e5"/>
      </symbol>
      <symbol id="sm-8fe">
         <name>__mspabi_slll_1</name>
         <value>0x74be</value>
         <object_component_ref idref="oc-5e5"/>
      </symbol>
      <symbol id="sm-8ff">
         <name>__mspabi_slll_15</name>
         <value>0x7486</value>
         <object_component_ref idref="oc-5e5"/>
      </symbol>
      <symbol id="sm-900">
         <name>__mspabi_slll_14</name>
         <value>0x748a</value>
         <object_component_ref idref="oc-5e5"/>
      </symbol>
      <symbol id="sm-901">
         <name>__mspabi_slll_13</name>
         <value>0x748e</value>
         <object_component_ref idref="oc-5e5"/>
      </symbol>
      <symbol id="sm-902">
         <name>__mspabi_slll_12</name>
         <value>0x7492</value>
         <object_component_ref idref="oc-5e5"/>
      </symbol>
      <symbol id="sm-903">
         <name>__mspabi_slll_11</name>
         <value>0x7496</value>
         <object_component_ref idref="oc-5e5"/>
      </symbol>
      <symbol id="sm-904">
         <name>__mspabi_slll_10</name>
         <value>0x749a</value>
         <object_component_ref idref="oc-5e5"/>
      </symbol>
      <symbol id="sm-914">
         <name>__mspabi_srll_8</name>
         <value>0x6fb2</value>
         <object_component_ref idref="oc-69b"/>
      </symbol>
      <symbol id="sm-915">
         <name>__mspabi_srll_9</name>
         <value>0x6fac</value>
         <object_component_ref idref="oc-69b"/>
      </symbol>
      <symbol id="sm-916">
         <name>__mspabi_srll_6</name>
         <value>0x6fbe</value>
         <object_component_ref idref="oc-69b"/>
      </symbol>
      <symbol id="sm-917">
         <name>__mspabi_srll_7</name>
         <value>0x6fb8</value>
         <object_component_ref idref="oc-69b"/>
      </symbol>
      <symbol id="sm-918">
         <name>__mspabi_srll_4</name>
         <value>0x6fca</value>
         <object_component_ref idref="oc-69b"/>
      </symbol>
      <symbol id="sm-919">
         <name>__mspabi_srll_5</name>
         <value>0x6fc4</value>
         <object_component_ref idref="oc-69b"/>
      </symbol>
      <symbol id="sm-91a">
         <name>__mspabi_srll_2</name>
         <value>0x6fd6</value>
         <object_component_ref idref="oc-69b"/>
      </symbol>
      <symbol id="sm-91b">
         <name>__mspabi_srll_3</name>
         <value>0x6fd0</value>
         <object_component_ref idref="oc-69b"/>
      </symbol>
      <symbol id="sm-91c">
         <name>__mspabi_srll_1</name>
         <value>0x6fdc</value>
         <object_component_ref idref="oc-69b"/>
      </symbol>
      <symbol id="sm-91d">
         <name>__mspabi_srll_15</name>
         <value>0x6f88</value>
         <object_component_ref idref="oc-69b"/>
      </symbol>
      <symbol id="sm-91e">
         <name>__mspabi_srll_14</name>
         <value>0x6f8e</value>
         <object_component_ref idref="oc-69b"/>
      </symbol>
      <symbol id="sm-91f">
         <name>__mspabi_srll_13</name>
         <value>0x6f94</value>
         <object_component_ref idref="oc-69b"/>
      </symbol>
      <symbol id="sm-920">
         <name>__mspabi_srll_12</name>
         <value>0x6f9a</value>
         <object_component_ref idref="oc-69b"/>
      </symbol>
      <symbol id="sm-921">
         <name>__mspabi_srll_11</name>
         <value>0x6fa0</value>
         <object_component_ref idref="oc-69b"/>
      </symbol>
      <symbol id="sm-922">
         <name>__mspabi_srll_10</name>
         <value>0x6fa6</value>
         <object_component_ref idref="oc-69b"/>
      </symbol>
      <symbol id="sm-923">
         <name>__mspabi_srll</name>
         <value>0x794a</value>
         <object_component_ref idref="oc-603"/>
      </symbol>
      <symbol id="sm-931">
         <name>__mspabi_sllll</name>
         <value>0x7340</value>
         <object_component_ref idref="oc-5fd"/>
      </symbol>
      <symbol id="sm-96b">
         <name>__mspabi_addd</name>
         <value>0x3100</value>
         <object_component_ref idref="oc-6a2"/>
      </symbol>
      <symbol id="sm-976">
         <name>__TI_frcmpyd</name>
         <value>0x573a</value>
         <object_component_ref idref="oc-63c"/>
      </symbol>
      <symbol id="sm-982">
         <name>HOSTclose</name>
         <value>0x72fc</value>
         <object_component_ref idref="oc-517"/>
      </symbol>
      <symbol id="sm-98e">
         <name>HOSTlseek</name>
         <value>0x695c</value>
         <object_component_ref idref="oc-529"/>
      </symbol>
      <symbol id="sm-99c">
         <name>parmbuf</name>
         <value>0x14f2</value>
      </symbol>
      <symbol id="sm-99d">
         <name>HOSTopen</name>
         <value>0x6dfe</value>
         <object_component_ref idref="oc-511"/>
      </symbol>
      <symbol id="sm-9aa">
         <name>HOSTread</name>
         <value>0x6f28</value>
         <object_component_ref idref="oc-51d"/>
      </symbol>
      <symbol id="sm-9b6">
         <name>HOSTrename</name>
         <value>0x6d2c</value>
         <object_component_ref idref="oc-535"/>
      </symbol>
      <symbol id="sm-9c2">
         <name>HOSTunlink</name>
         <value>0x73c8</value>
         <object_component_ref idref="oc-52f"/>
      </symbol>
      <symbol id="sm-9cf">
         <name>HOSTwrite</name>
         <value>0x6e64</value>
         <object_component_ref idref="oc-523"/>
      </symbol>
      <symbol id="sm-9ed">
         <name>__TI_readmsg</name>
         <value>0x764c</value>
         <object_component_ref idref="oc-5d8"/>
      </symbol>
      <symbol id="sm-9ee">
         <name>C$$IO$$</name>
         <value>0x7592</value>
         <object_component_ref idref="oc-5d2"/>
      </symbol>
      <symbol id="sm-9ef">
         <name>_CIOBUF_</name>
         <value>0x122c</value>
         <object_component_ref idref="oc-679"/>
      </symbol>
      <symbol id="sm-9f0">
         <name>__TI_writemsg</name>
         <value>0x7568</value>
         <object_component_ref idref="oc-5d2"/>
      </symbol>
      <symbol id="sm-9fe">
         <name>lseek</name>
         <value>0x779e</value>
         <object_component_ref idref="oc-44d"/>
      </symbol>
      <symbol id="sm-a07">
         <name>copysign</name>
         <value>0x75c4</value>
         <object_component_ref idref="oc-6cd"/>
      </symbol>
      <symbol id="sm-a08">
         <name>copysignl</name>
         <value>0x75c4</value>
         <object_component_ref idref="oc-6cd"/>
      </symbol>
      <symbol id="sm-a18">
         <name>__TI_closefile</name>
         <value>0x6bd8</value>
         <object_component_ref idref="oc-505"/>
      </symbol>
      <symbol id="sm-a3b">
         <name>finddevice</name>
         <value>0x7534</value>
         <object_component_ref idref="oc-6e0"/>
      </symbol>
      <symbol id="sm-a3c">
         <name>getdevice</name>
         <value>0x703c</value>
         <object_component_ref idref="oc-66d"/>
      </symbol>
      <symbol id="sm-a4b">
         <name>__mspabi_srall</name>
         <value>0x7222</value>
         <object_component_ref idref="oc-6fb"/>
      </symbol>
      <symbol id="sm-a59">
         <name>strcmp</name>
         <value>0x787e</value>
         <object_component_ref idref="oc-710"/>
      </symbol>
      <symbol id="sm-a66">
         <name>strcpy</name>
         <value>0x797e</value>
         <object_component_ref idref="oc-5ee"/>
      </symbol>
      <symbol id="sm-a76">
         <name>strncpy</name>
         <value>0x76d0</value>
         <object_component_ref idref="oc-6da"/>
      </symbol>
      <symbol id="sm-a89">
         <name>close</name>
         <value>0x726c</value>
         <object_component_ref idref="oc-5be"/>
      </symbol>
      <symbol id="sm-a96">
         <name>unlink</name>
         <value>0x7776</value>
         <object_component_ref idref="oc-5c5"/>
      </symbol>
      <symbol id="sm-a99">
         <name>remove</name>
         <value>0x7776</value>
      </symbol>
   </symbol_table>
   <title>Link successful</title>
</link_info>
