<?xml version="1.0" encoding="ISO-8859-1" ?>
<link_info>
   <banner>MSP430 Linker PC v21.6.0.LTS</banner>
   <copyright>Copyright (c) 2003-2018 Texas Instruments Incorporated</copyright>
   <link_time>0x64ac6772</link_time>
   <link_errors>0x0</link_errors>
   <output_file>Lab07_P1.out</output_file>
   <entry_point>
      <name>_c_int00_noargs</name>
      <address>0x778c</address>
   </entry_point>
   <input_file_list>
      <input_file id="fl-2">
         <path>.\</path>
         <kind>object</kind>
         <file>Lab07_P1.obj</file>
         <name>Lab07_P1.obj</name>
      </input_file>
      <input_file id="fl-7">
         <kind>object</kind>
         <file>&lt;internal&gt;</file>
         <name>&lt;internal&gt;</name>
      </input_file>
      <input_file id="fl-1d">
         <path>C:\ti\ccs1200\ccs\tools\compiler\ti-cgt-msp430_21.6.0.LTS\lib\</path>
         <kind>archive</kind>
         <file>rts430_eabi.lib</file>
         <name>printf.c.obj</name>
      </input_file>
      <input_file id="fl-1e">
         <path>C:\ti\ccs1200\ccs\tools\compiler\ti-cgt-msp430_21.6.0.LTS\lib\</path>
         <kind>archive</kind>
         <file>rts430_eabi.lib</file>
         <name>_printfi.c.obj</name>
      </input_file>
      <input_file id="fl-1f">
         <path>C:\ti\ccs1200\ccs\tools\compiler\ti-cgt-msp430_21.6.0.LTS\lib\</path>
         <kind>archive</kind>
         <file>rts430_eabi.lib</file>
         <name>fputc.c.obj</name>
      </input_file>
      <input_file id="fl-20">
         <path>C:\ti\ccs1200\ccs\tools\compiler\ti-cgt-msp430_21.6.0.LTS\lib\</path>
         <kind>archive</kind>
         <file>rts430_eabi.lib</file>
         <name>fputs.c.obj</name>
      </input_file>
      <input_file id="fl-21">
         <path>C:\ti\ccs1200\ccs\tools\compiler\ti-cgt-msp430_21.6.0.LTS\lib\</path>
         <kind>archive</kind>
         <file>rts430_eabi.lib</file>
         <name>_io_perm.c.obj</name>
      </input_file>
      <input_file id="fl-22">
         <path>C:\ti\ccs1200\ccs\tools\compiler\ti-cgt-msp430_21.6.0.LTS\lib\</path>
         <kind>archive</kind>
         <file>rts430_eabi.lib</file>
         <name>setvbuf.c.obj</name>
      </input_file>
      <input_file id="fl-23">
         <path>C:\ti\ccs1200\ccs\tools\compiler\ti-cgt-msp430_21.6.0.LTS\lib\</path>
         <kind>archive</kind>
         <file>rts430_eabi.lib</file>
         <name>div16u.asm.obj</name>
      </input_file>
      <input_file id="fl-24">
         <path>C:\ti\ccs1200\ccs\tools\compiler\ti-cgt-msp430_21.6.0.LTS\lib\</path>
         <kind>archive</kind>
         <file>rts430_eabi.lib</file>
         <name>div32u.asm.obj</name>
      </input_file>
      <input_file id="fl-25">
         <path>C:\ti\ccs1200\ccs\tools\compiler\ti-cgt-msp430_21.6.0.LTS\lib\</path>
         <kind>archive</kind>
         <file>rts430_eabi.lib</file>
         <name>epilog.asm.obj</name>
      </input_file>
      <input_file id="fl-26">
         <path>C:\ti\ccs1200\ccs\tools\compiler\ti-cgt-msp430_21.6.0.LTS\lib\</path>
         <kind>archive</kind>
         <file>rts430_eabi.lib</file>
         <name>int14.asm.obj</name>
      </input_file>
      <input_file id="fl-27">
         <path>C:\ti\ccs1200\ccs\tools\compiler\ti-cgt-msp430_21.6.0.LTS\lib\</path>
         <kind>archive</kind>
         <file>rts430_eabi.lib</file>
         <name>int15.asm.obj</name>
      </input_file>
      <input_file id="fl-28">
         <path>C:\ti\ccs1200\ccs\tools\compiler\ti-cgt-msp430_21.6.0.LTS\lib\</path>
         <kind>archive</kind>
         <file>rts430_eabi.lib</file>
         <name>int16.asm.obj</name>
      </input_file>
      <input_file id="fl-29">
         <path>C:\ti\ccs1200\ccs\tools\compiler\ti-cgt-msp430_21.6.0.LTS\lib\</path>
         <kind>archive</kind>
         <file>rts430_eabi.lib</file>
         <name>int17.asm.obj</name>
      </input_file>
      <input_file id="fl-2a">
         <path>C:\ti\ccs1200\ccs\tools\compiler\ti-cgt-msp430_21.6.0.LTS\lib\</path>
         <kind>archive</kind>
         <file>rts430_eabi.lib</file>
         <name>int18.asm.obj</name>
      </input_file>
      <input_file id="fl-2b">
         <path>C:\ti\ccs1200\ccs\tools\compiler\ti-cgt-msp430_21.6.0.LTS\lib\</path>
         <kind>archive</kind>
         <file>rts430_eabi.lib</file>
         <name>int19.asm.obj</name>
      </input_file>
      <input_file id="fl-2c">
         <path>C:\ti\ccs1200\ccs\tools\compiler\ti-cgt-msp430_21.6.0.LTS\lib\</path>
         <kind>archive</kind>
         <file>rts430_eabi.lib</file>
         <name>int21.asm.obj</name>
      </input_file>
      <input_file id="fl-2d">
         <path>C:\ti\ccs1200\ccs\tools\compiler\ti-cgt-msp430_21.6.0.LTS\lib\</path>
         <kind>archive</kind>
         <file>rts430_eabi.lib</file>
         <name>int22.asm.obj</name>
      </input_file>
      <input_file id="fl-2e">
         <path>C:\ti\ccs1200\ccs\tools\compiler\ti-cgt-msp430_21.6.0.LTS\lib\</path>
         <kind>archive</kind>
         <file>rts430_eabi.lib</file>
         <name>int23.asm.obj</name>
      </input_file>
      <input_file id="fl-2f">
         <path>C:\ti\ccs1200\ccs\tools\compiler\ti-cgt-msp430_21.6.0.LTS\lib\</path>
         <kind>archive</kind>
         <file>rts430_eabi.lib</file>
         <name>int24.asm.obj</name>
      </input_file>
      <input_file id="fl-30">
         <path>C:\ti\ccs1200\ccs\tools\compiler\ti-cgt-msp430_21.6.0.LTS\lib\</path>
         <kind>archive</kind>
         <file>rts430_eabi.lib</file>
         <name>int25.asm.obj</name>
      </input_file>
      <input_file id="fl-31">
         <path>C:\ti\ccs1200\ccs\tools\compiler\ti-cgt-msp430_21.6.0.LTS\lib\</path>
         <kind>archive</kind>
         <file>rts430_eabi.lib</file>
         <name>int26.asm.obj</name>
      </input_file>
      <input_file id="fl-32">
         <path>C:\ti\ccs1200\ccs\tools\compiler\ti-cgt-msp430_21.6.0.LTS\lib\</path>
         <kind>archive</kind>
         <file>rts430_eabi.lib</file>
         <name>int27.asm.obj</name>
      </input_file>
      <input_file id="fl-33">
         <path>C:\ti\ccs1200\ccs\tools\compiler\ti-cgt-msp430_21.6.0.LTS\lib\</path>
         <kind>archive</kind>
         <file>rts430_eabi.lib</file>
         <name>int28.asm.obj</name>
      </input_file>
      <input_file id="fl-34">
         <path>C:\ti\ccs1200\ccs\tools\compiler\ti-cgt-msp430_21.6.0.LTS\lib\</path>
         <kind>archive</kind>
         <file>rts430_eabi.lib</file>
         <name>int29.asm.obj</name>
      </input_file>
      <input_file id="fl-35">
         <path>C:\ti\ccs1200\ccs\tools\compiler\ti-cgt-msp430_21.6.0.LTS\lib\</path>
         <kind>archive</kind>
         <file>rts430_eabi.lib</file>
         <name>int30.asm.obj</name>
      </input_file>
      <input_file id="fl-36">
         <path>C:\ti\ccs1200\ccs\tools\compiler\ti-cgt-msp430_21.6.0.LTS\lib\</path>
         <kind>archive</kind>
         <file>rts430_eabi.lib</file>
         <name>isr_trap.asm.obj</name>
      </input_file>
      <input_file id="fl-37">
         <path>C:\ti\ccs1200\ccs\tools\compiler\ti-cgt-msp430_21.6.0.LTS\lib\</path>
         <kind>archive</kind>
         <file>rts430_eabi.lib</file>
         <name>lsr16.asm.obj</name>
      </input_file>
      <input_file id="fl-38">
         <path>C:\ti\ccs1200\ccs\tools\compiler\ti-cgt-msp430_21.6.0.LTS\lib\</path>
         <kind>archive</kind>
         <file>rts430_eabi.lib</file>
         <name>mult16.asm.obj</name>
      </input_file>
      <input_file id="fl-39">
         <path>C:\ti\ccs1200\ccs\tools\compiler\ti-cgt-msp430_21.6.0.LTS\lib\</path>
         <kind>archive</kind>
         <file>rts430_eabi.lib</file>
         <name>mult16_hw.asm.obj</name>
      </input_file>
      <input_file id="fl-3a">
         <path>C:\ti\ccs1200\ccs\tools\compiler\ti-cgt-msp430_21.6.0.LTS\lib\</path>
         <kind>archive</kind>
         <file>rts430_eabi.lib</file>
         <name>mult1632_hw.asm.obj</name>
      </input_file>
      <input_file id="fl-3b">
         <path>C:\ti\ccs1200\ccs\tools\compiler\ti-cgt-msp430_21.6.0.LTS\lib\</path>
         <kind>archive</kind>
         <file>rts430_eabi.lib</file>
         <name>mult32_hw.asm.obj</name>
      </input_file>
      <input_file id="fl-3c">
         <path>C:\ti\ccs1200\ccs\tools\compiler\ti-cgt-msp430_21.6.0.LTS\lib\</path>
         <kind>archive</kind>
         <file>rts430_eabi.lib</file>
         <name>mult3264_hw.asm.obj</name>
      </input_file>
      <input_file id="fl-3d">
         <path>C:\ti\ccs1200\ccs\tools\compiler\ti-cgt-msp430_21.6.0.LTS\lib\</path>
         <kind>archive</kind>
         <file>rts430_eabi.lib</file>
         <name>mult64_hw.asm.obj</name>
      </input_file>
      <input_file id="fl-3e">
         <path>C:\ti\ccs1200\ccs\tools\compiler\ti-cgt-msp430_21.6.0.LTS\lib\</path>
         <kind>archive</kind>
         <file>rts430_eabi.lib</file>
         <name>boot.c.obj</name>
      </input_file>
      <input_file id="fl-3f">
         <path>C:\ti\ccs1200\ccs\tools\compiler\ti-cgt-msp430_21.6.0.LTS\lib\</path>
         <kind>archive</kind>
         <file>rts430_eabi.lib</file>
         <name>autoinit.c.obj</name>
      </input_file>
      <input_file id="fl-40">
         <path>C:\ti\ccs1200\ccs\tools\compiler\ti-cgt-msp430_21.6.0.LTS\lib\</path>
         <kind>archive</kind>
         <file>rts430_eabi.lib</file>
         <name>copy_zero_init.c.obj</name>
      </input_file>
      <input_file id="fl-41">
         <path>C:\ti\ccs1200\ccs\tools\compiler\ti-cgt-msp430_21.6.0.LTS\lib\</path>
         <kind>archive</kind>
         <file>rts430_eabi.lib</file>
         <name>exit_gvars.c.obj</name>
      </input_file>
      <input_file id="fl-42">
         <path>C:\ti\ccs1200\ccs\tools\compiler\ti-cgt-msp430_21.6.0.LTS\lib\</path>
         <kind>archive</kind>
         <file>rts430_eabi.lib</file>
         <name>cpy_tbl.c.obj</name>
      </input_file>
      <input_file id="fl-43">
         <path>C:\ti\ccs1200\ccs\tools\compiler\ti-cgt-msp430_21.6.0.LTS\lib\</path>
         <kind>archive</kind>
         <file>rts430_eabi.lib</file>
         <name>mpu_init.c.obj</name>
      </input_file>
      <input_file id="fl-44">
         <path>C:\ti\ccs1200\ccs\tools\compiler\ti-cgt-msp430_21.6.0.LTS\lib\</path>
         <kind>archive</kind>
         <file>rts430_eabi.lib</file>
         <name>lsr64.c.obj</name>
      </input_file>
      <input_file id="fl-45">
         <path>C:\ti\ccs1200\ccs\tools\compiler\ti-cgt-msp430_21.6.0.LTS\lib\</path>
         <kind>archive</kind>
         <file>rts430_eabi.lib</file>
         <name>div64u.c.obj</name>
      </input_file>
      <input_file id="fl-46">
         <path>C:\ti\ccs1200\ccs\tools\compiler\ti-cgt-msp430_21.6.0.LTS\lib\</path>
         <kind>archive</kind>
         <file>rts430_eabi.lib</file>
         <name>pre_init.c.obj</name>
      </input_file>
      <input_file id="fl-47">
         <path>C:\ti\ccs1200\ccs\tools\compiler\ti-cgt-msp430_21.6.0.LTS\lib\</path>
         <kind>archive</kind>
         <file>rts430_eabi.lib</file>
         <name>startup.c.obj</name>
      </input_file>
      <input_file id="fl-48">
         <path>C:\ti\ccs1200\ccs\tools\compiler\ti-cgt-msp430_21.6.0.LTS\lib\</path>
         <kind>archive</kind>
         <file>rts430_eabi.lib</file>
         <name>copy_decompress_none.c.obj</name>
      </input_file>
      <input_file id="fl-49">
         <path>C:\ti\ccs1200\ccs\tools\compiler\ti-cgt-msp430_21.6.0.LTS\lib\</path>
         <kind>archive</kind>
         <file>rts430_eabi.lib</file>
         <name>copy_decompress_lzss.c.obj</name>
      </input_file>
      <input_file id="fl-4a">
         <path>C:\ti\ccs1200\ccs\tools\compiler\ti-cgt-msp430_21.6.0.LTS\lib\</path>
         <kind>archive</kind>
         <file>rts430_eabi.lib</file>
         <name>cmpd.c.obj</name>
      </input_file>
      <input_file id="fl-4b">
         <path>C:\ti\ccs1200\ccs\tools\compiler\ti-cgt-msp430_21.6.0.LTS\lib\</path>
         <kind>archive</kind>
         <file>rts430_eabi.lib</file>
         <name>divd.c.obj</name>
      </input_file>
      <input_file id="fl-4c">
         <path>C:\ti\ccs1200\ccs\tools\compiler\ti-cgt-msp430_21.6.0.LTS\lib\</path>
         <kind>archive</kind>
         <file>rts430_eabi.lib</file>
         <name>fixdi.c.obj</name>
      </input_file>
      <input_file id="fl-4d">
         <path>C:\ti\ccs1200\ccs\tools\compiler\ti-cgt-msp430_21.6.0.LTS\lib\</path>
         <kind>archive</kind>
         <file>rts430_eabi.lib</file>
         <name>fixdli.c.obj</name>
      </input_file>
      <input_file id="fl-4e">
         <path>C:\ti\ccs1200\ccs\tools\compiler\ti-cgt-msp430_21.6.0.LTS\lib\</path>
         <kind>archive</kind>
         <file>rts430_eabi.lib</file>
         <name>fltid.c.obj</name>
      </input_file>
      <input_file id="fl-4f">
         <path>C:\ti\ccs1200\ccs\tools\compiler\ti-cgt-msp430_21.6.0.LTS\lib\</path>
         <kind>archive</kind>
         <file>rts430_eabi.lib</file>
         <name>fltlid.c.obj</name>
      </input_file>
      <input_file id="fl-50">
         <path>C:\ti\ccs1200\ccs\tools\compiler\ti-cgt-msp430_21.6.0.LTS\lib\</path>
         <kind>archive</kind>
         <file>rts430_eabi.lib</file>
         <name>frcdivd.c.obj</name>
      </input_file>
      <input_file id="fl-51">
         <path>C:\ti\ccs1200\ccs\tools\compiler\ti-cgt-msp430_21.6.0.LTS\lib\</path>
         <kind>archive</kind>
         <file>rts430_eabi.lib</file>
         <name>mpyd.c.obj</name>
      </input_file>
      <input_file id="fl-52">
         <path>C:\ti\ccs1200\ccs\tools\compiler\ti-cgt-msp430_21.6.0.LTS\lib\</path>
         <kind>archive</kind>
         <file>rts430_eabi.lib</file>
         <name>negd.c.obj</name>
      </input_file>
      <input_file id="fl-53">
         <path>C:\ti\ccs1200\ccs\tools\compiler\ti-cgt-msp430_21.6.0.LTS\lib\</path>
         <kind>archive</kind>
         <file>rts430_eabi.lib</file>
         <name>subd.c.obj</name>
      </input_file>
      <input_file id="fl-54">
         <path>C:\ti\ccs1200\ccs\tools\compiler\ti-cgt-msp430_21.6.0.LTS\lib\</path>
         <kind>archive</kind>
         <file>rts430_eabi.lib</file>
         <name>exit.c.obj</name>
      </input_file>
      <input_file id="fl-55">
         <path>C:\ti\ccs1200\ccs\tools\compiler\ti-cgt-msp430_21.6.0.LTS\lib\</path>
         <kind>archive</kind>
         <file>rts430_eabi.lib</file>
         <name>_lock.c.obj</name>
      </input_file>
      <input_file id="fl-56">
         <path>C:\ti\ccs1200\ccs\tools\compiler\ti-cgt-msp430_21.6.0.LTS\lib\</path>
         <kind>archive</kind>
         <file>rts430_eabi.lib</file>
         <name>_ltoa.c.obj</name>
      </input_file>
      <input_file id="fl-57">
         <path>C:\ti\ccs1200\ccs\tools\compiler\ti-cgt-msp430_21.6.0.LTS\lib\</path>
         <kind>archive</kind>
         <file>rts430_eabi.lib</file>
         <name>args_main.c.obj</name>
      </input_file>
      <input_file id="fl-58">
         <path>C:\ti\ccs1200\ccs\tools\compiler\ti-cgt-msp430_21.6.0.LTS\lib\</path>
         <kind>archive</kind>
         <file>rts430_eabi.lib</file>
         <name>atoi.c.obj</name>
      </input_file>
      <input_file id="fl-59">
         <path>C:\ti\ccs1200\ccs\tools\compiler\ti-cgt-msp430_21.6.0.LTS\lib\</path>
         <kind>archive</kind>
         <file>rts430_eabi.lib</file>
         <name>ctype.c.obj</name>
      </input_file>
      <input_file id="fl-5a">
         <path>C:\ti\ccs1200\ccs\tools\compiler\ti-cgt-msp430_21.6.0.LTS\lib\</path>
         <kind>archive</kind>
         <file>rts430_eabi.lib</file>
         <name>defs.c.obj</name>
      </input_file>
      <input_file id="fl-5b">
         <path>C:\ti\ccs1200\ccs\tools\compiler\ti-cgt-msp430_21.6.0.LTS\lib\</path>
         <kind>archive</kind>
         <file>rts430_eabi.lib</file>
         <name>memccpy.c.obj</name>
      </input_file>
      <input_file id="fl-5c">
         <path>C:\ti\ccs1200\ccs\tools\compiler\ti-cgt-msp430_21.6.0.LTS\lib\</path>
         <kind>archive</kind>
         <file>rts430_eabi.lib</file>
         <name>memchr.c.obj</name>
      </input_file>
      <input_file id="fl-5d">
         <path>C:\ti\ccs1200\ccs\tools\compiler\ti-cgt-msp430_21.6.0.LTS\lib\</path>
         <kind>archive</kind>
         <file>rts430_eabi.lib</file>
         <name>memcpy.c.obj</name>
      </input_file>
      <input_file id="fl-5e">
         <path>C:\ti\ccs1200\ccs\tools\compiler\ti-cgt-msp430_21.6.0.LTS\lib\</path>
         <kind>archive</kind>
         <file>rts430_eabi.lib</file>
         <name>memory.c.obj</name>
      </input_file>
      <input_file id="fl-5f">
         <path>C:\ti\ccs1200\ccs\tools\compiler\ti-cgt-msp430_21.6.0.LTS\lib\</path>
         <kind>archive</kind>
         <file>rts430_eabi.lib</file>
         <name>memset.c.obj</name>
      </input_file>
      <input_file id="fl-60">
         <path>C:\ti\ccs1200\ccs\tools\compiler\ti-cgt-msp430_21.6.0.LTS\lib\</path>
         <kind>archive</kind>
         <file>rts430_eabi.lib</file>
         <name>strchr.c.obj</name>
      </input_file>
      <input_file id="fl-61">
         <path>C:\ti\ccs1200\ccs\tools\compiler\ti-cgt-msp430_21.6.0.LTS\lib\</path>
         <kind>archive</kind>
         <file>rts430_eabi.lib</file>
         <name>strlen.c.obj</name>
      </input_file>
      <input_file id="fl-62">
         <path>C:\ti\ccs1200\ccs\tools\compiler\ti-cgt-msp430_21.6.0.LTS\lib\</path>
         <kind>archive</kind>
         <file>rts430_eabi.lib</file>
         <name>toupper.c.obj</name>
      </input_file>
      <input_file id="fl-63">
         <path>C:\ti\ccs1200\ccs\tools\compiler\ti-cgt-msp430_21.6.0.LTS\lib\</path>
         <kind>archive</kind>
         <file>rts430_eabi.lib</file>
         <name>write.c.obj</name>
      </input_file>
      <input_file id="fl-64">
         <path>C:\ti\ccs1200\ccs\tools\compiler\ti-cgt-msp430_21.6.0.LTS\lib\</path>
         <kind>archive</kind>
         <file>rts430_eabi.lib</file>
         <name>host_device.c.obj</name>
      </input_file>
      <input_file id="fl-65">
         <path>C:\ti\ccs1200\ccs\tools\compiler\ti-cgt-msp430_21.6.0.LTS\lib\</path>
         <kind>archive</kind>
         <file>rts430_eabi.lib</file>
         <name>errno.c.obj</name>
      </input_file>
      <input_file id="fl-66">
         <path>C:\ti\ccs1200\ccs\tools\compiler\ti-cgt-msp430_21.6.0.LTS\lib\</path>
         <kind>archive</kind>
         <file>rts430_eabi.lib</file>
         <name>abs.c.obj</name>
      </input_file>
      <input_file id="fl-67">
         <path>C:\ti\ccs1200\ccs\tools\compiler\ti-cgt-msp430_21.6.0.LTS\lib\</path>
         <kind>archive</kind>
         <file>rts430_eabi.lib</file>
         <name>wcslen.c.obj</name>
      </input_file>
      <input_file id="fl-68">
         <path>C:\ti\ccs1200\ccs\tools\compiler\ti-cgt-msp430_21.6.0.LTS\lib\</path>
         <kind>archive</kind>
         <file>rts430_eabi.lib</file>
         <name>s_frexp.c.obj</name>
      </input_file>
      <input_file id="fl-69">
         <path>C:\ti\ccs1200\ccs\tools\compiler\ti-cgt-msp430_21.6.0.LTS\lib\</path>
         <kind>archive</kind>
         <file>rts430_eabi.lib</file>
         <name>s_scalbn.c.obj</name>
      </input_file>
      <input_file id="fl-6a">
         <path>C:\ti\ccs1200\ccs\tools\compiler\ti-cgt-msp430_21.6.0.LTS\lib\</path>
         <kind>archive</kind>
         <file>rts430_eabi.lib</file>
         <name>fflush.c.obj</name>
      </input_file>
      <input_file id="fl-6b">
         <path>C:\ti\ccs1200\ccs\tools\compiler\ti-cgt-msp430_21.6.0.LTS\lib\</path>
         <kind>archive</kind>
         <file>rts430_eabi.lib</file>
         <name>fopen.c.obj</name>
      </input_file>
      <input_file id="fl-6c">
         <path>C:\ti\ccs1200\ccs\tools\compiler\ti-cgt-msp430_21.6.0.LTS\lib\</path>
         <kind>archive</kind>
         <file>rts430_eabi.lib</file>
         <name>fseek.c.obj</name>
      </input_file>
      <input_file id="fl-6d">
         <path>C:\ti\ccs1200\ccs\tools\compiler\ti-cgt-msp430_21.6.0.LTS\lib\</path>
         <kind>archive</kind>
         <file>rts430_eabi.lib</file>
         <name>asr16.asm.obj</name>
      </input_file>
      <input_file id="fl-6e">
         <path>C:\ti\ccs1200\ccs\tools\compiler\ti-cgt-msp430_21.6.0.LTS\lib\</path>
         <kind>archive</kind>
         <file>rts430_eabi.lib</file>
         <name>asr32.asm.obj</name>
      </input_file>
      <input_file id="fl-6f">
         <path>C:\ti\ccs1200\ccs\tools\compiler\ti-cgt-msp430_21.6.0.LTS\lib\</path>
         <kind>archive</kind>
         <file>rts430_eabi.lib</file>
         <name>div32s.asm.obj</name>
      </input_file>
      <input_file id="fl-70">
         <path>C:\ti\ccs1200\ccs\tools\compiler\ti-cgt-msp430_21.6.0.LTS\lib\</path>
         <kind>archive</kind>
         <file>rts430_eabi.lib</file>
         <name>lsl16.asm.obj</name>
      </input_file>
      <input_file id="fl-71">
         <path>C:\ti\ccs1200\ccs\tools\compiler\ti-cgt-msp430_21.6.0.LTS\lib\</path>
         <kind>archive</kind>
         <file>rts430_eabi.lib</file>
         <name>lsl32.asm.obj</name>
      </input_file>
      <input_file id="fl-72">
         <path>C:\ti\ccs1200\ccs\tools\compiler\ti-cgt-msp430_21.6.0.LTS\lib\</path>
         <kind>archive</kind>
         <file>rts430_eabi.lib</file>
         <name>lsr32.asm.obj</name>
      </input_file>
      <input_file id="fl-73">
         <path>C:\ti\ccs1200\ccs\tools\compiler\ti-cgt-msp430_21.6.0.LTS\lib\</path>
         <kind>archive</kind>
         <file>rts430_eabi.lib</file>
         <name>mult32.asm.obj</name>
      </input_file>
      <input_file id="fl-74">
         <path>C:\ti\ccs1200\ccs\tools\compiler\ti-cgt-msp430_21.6.0.LTS\lib\</path>
         <kind>archive</kind>
         <file>rts430_eabi.lib</file>
         <name>lsl64.c.obj</name>
      </input_file>
      <input_file id="fl-75">
         <path>C:\ti\ccs1200\ccs\tools\compiler\ti-cgt-msp430_21.6.0.LTS\lib\</path>
         <kind>archive</kind>
         <file>rts430_eabi.lib</file>
         <name>addd.c.obj</name>
      </input_file>
      <input_file id="fl-76">
         <path>C:\ti\ccs1200\ccs\tools\compiler\ti-cgt-msp430_21.6.0.LTS\lib\</path>
         <kind>archive</kind>
         <file>rts430_eabi.lib</file>
         <name>frcmpyd.c.obj</name>
      </input_file>
      <input_file id="fl-77">
         <path>C:\ti\ccs1200\ccs\tools\compiler\ti-cgt-msp430_21.6.0.LTS\lib\</path>
         <kind>archive</kind>
         <file>rts430_eabi.lib</file>
         <name>hostclose.c.obj</name>
      </input_file>
      <input_file id="fl-78">
         <path>C:\ti\ccs1200\ccs\tools\compiler\ti-cgt-msp430_21.6.0.LTS\lib\</path>
         <kind>archive</kind>
         <file>rts430_eabi.lib</file>
         <name>hostlseek.c.obj</name>
      </input_file>
      <input_file id="fl-79">
         <path>C:\ti\ccs1200\ccs\tools\compiler\ti-cgt-msp430_21.6.0.LTS\lib\</path>
         <kind>archive</kind>
         <file>rts430_eabi.lib</file>
         <name>hostopen.c.obj</name>
      </input_file>
      <input_file id="fl-7a">
         <path>C:\ti\ccs1200\ccs\tools\compiler\ti-cgt-msp430_21.6.0.LTS\lib\</path>
         <kind>archive</kind>
         <file>rts430_eabi.lib</file>
         <name>hostread.c.obj</name>
      </input_file>
      <input_file id="fl-7b">
         <path>C:\ti\ccs1200\ccs\tools\compiler\ti-cgt-msp430_21.6.0.LTS\lib\</path>
         <kind>archive</kind>
         <file>rts430_eabi.lib</file>
         <name>hostrename.c.obj</name>
      </input_file>
      <input_file id="fl-7c">
         <path>C:\ti\ccs1200\ccs\tools\compiler\ti-cgt-msp430_21.6.0.LTS\lib\</path>
         <kind>archive</kind>
         <file>rts430_eabi.lib</file>
         <name>hostunlink.c.obj</name>
      </input_file>
      <input_file id="fl-7d">
         <path>C:\ti\ccs1200\ccs\tools\compiler\ti-cgt-msp430_21.6.0.LTS\lib\</path>
         <kind>archive</kind>
         <file>rts430_eabi.lib</file>
         <name>hostwrite.c.obj</name>
      </input_file>
      <input_file id="fl-7e">
         <path>C:\ti\ccs1200\ccs\tools\compiler\ti-cgt-msp430_21.6.0.LTS\lib\</path>
         <kind>archive</kind>
         <file>rts430_eabi.lib</file>
         <name>trgmsg.c.obj</name>
      </input_file>
      <input_file id="fl-7f">
         <path>C:\ti\ccs1200\ccs\tools\compiler\ti-cgt-msp430_21.6.0.LTS\lib\</path>
         <kind>archive</kind>
         <file>rts430_eabi.lib</file>
         <name>open.c.obj</name>
      </input_file>
      <input_file id="fl-80">
         <path>C:\ti\ccs1200\ccs\tools\compiler\ti-cgt-msp430_21.6.0.LTS\lib\</path>
         <kind>archive</kind>
         <file>rts430_eabi.lib</file>
         <name>lseek.c.obj</name>
      </input_file>
      <input_file id="fl-81">
         <path>C:\ti\ccs1200\ccs\tools\compiler\ti-cgt-msp430_21.6.0.LTS\lib\</path>
         <kind>archive</kind>
         <file>rts430_eabi.lib</file>
         <name>s_copysign.c.obj</name>
      </input_file>
      <input_file id="fl-82">
         <path>C:\ti\ccs1200\ccs\tools\compiler\ti-cgt-msp430_21.6.0.LTS\lib\</path>
         <kind>archive</kind>
         <file>rts430_eabi.lib</file>
         <name>fclose.c.obj</name>
      </input_file>
      <input_file id="fl-83">
         <path>C:\ti\ccs1200\ccs\tools\compiler\ti-cgt-msp430_21.6.0.LTS\lib\</path>
         <kind>archive</kind>
         <file>rts430_eabi.lib</file>
         <name>getdevice.c.obj</name>
      </input_file>
      <input_file id="fl-84">
         <path>C:\ti\ccs1200\ccs\tools\compiler\ti-cgt-msp430_21.6.0.LTS\lib\</path>
         <kind>archive</kind>
         <file>rts430_eabi.lib</file>
         <name>mult3264.asm.obj</name>
      </input_file>
      <input_file id="fl-85">
         <path>C:\ti\ccs1200\ccs\tools\compiler\ti-cgt-msp430_21.6.0.LTS\lib\</path>
         <kind>archive</kind>
         <file>rts430_eabi.lib</file>
         <name>mult64.asm.obj</name>
      </input_file>
      <input_file id="fl-86">
         <path>C:\ti\ccs1200\ccs\tools\compiler\ti-cgt-msp430_21.6.0.LTS\lib\</path>
         <kind>archive</kind>
         <file>rts430_eabi.lib</file>
         <name>asr64.c.obj</name>
      </input_file>
      <input_file id="fl-87">
         <path>C:\ti\ccs1200\ccs\tools\compiler\ti-cgt-msp430_21.6.0.LTS\lib\</path>
         <kind>archive</kind>
         <file>rts430_eabi.lib</file>
         <name>strcmp.c.obj</name>
      </input_file>
      <input_file id="fl-88">
         <path>C:\ti\ccs1200\ccs\tools\compiler\ti-cgt-msp430_21.6.0.LTS\lib\</path>
         <kind>archive</kind>
         <file>rts430_eabi.lib</file>
         <name>strcpy.c.obj</name>
      </input_file>
      <input_file id="fl-89">
         <path>C:\ti\ccs1200\ccs\tools\compiler\ti-cgt-msp430_21.6.0.LTS\lib\</path>
         <kind>archive</kind>
         <file>rts430_eabi.lib</file>
         <name>strncpy.c.obj</name>
      </input_file>
      <input_file id="fl-8a">
         <path>C:\ti\ccs1200\ccs\tools\compiler\ti-cgt-msp430_21.6.0.LTS\lib\</path>
         <kind>archive</kind>
         <file>rts430_eabi.lib</file>
         <name>remove.c.obj</name>
      </input_file>
      <input_file id="fl-8b">
         <path>C:\ti\ccs1200\ccs\tools\compiler\ti-cgt-msp430_21.6.0.LTS\lib\</path>
         <kind>archive</kind>
         <file>rts430_eabi.lib</file>
         <name>close.c.obj</name>
      </input_file>
      <input_file id="fl-8c">
         <path>C:\ti\ccs1200\ccs\tools\compiler\ti-cgt-msp430_21.6.0.LTS\lib\</path>
         <kind>archive</kind>
         <file>rts430_eabi.lib</file>
         <name>mult1632.asm.obj</name>
      </input_file>
      <input_file id="fl-8d">
         <path>C:\ti\ccs1200\ccs\tools\compiler\ti-cgt-msp430_21.6.0.LTS\lib\</path>
         <kind>archive</kind>
         <file>rts430_eabi.lib</file>
         <name>unlink.c.obj</name>
      </input_file>
   </input_file_list>
   <object_component_list>
      <object_component id="oc-561">
         <name>.bss</name>
         <uninitialized>true</uninitialized>
         <run_address>0x14f2</run_address>
         <size>0x2</size>
         <input_file_ref idref="fl-5e"/>
      </object_component>
      <object_component id="oc-576">
         <name>.common:__TI_tmpnams</name>
         <uninitialized>true</uninitialized>
         <run_address>0x144a</run_address>
         <size>0xa0</size>
      </object_component>
      <object_component id="oc-581">
         <name>.common:parmbuf</name>
         <uninitialized>true</uninitialized>
         <run_address>0x14ea</run_address>
         <size>0x8</size>
      </object_component>
      <object_component id="oc-2d2">
         <name>.data:__TI_cleanup_ptr</name>
         <load_address>0x143a</load_address>
         <run_address>0x143a</run_address>
         <size>0x2</size>
         <input_file_ref idref="fl-41"/>
      </object_component>
      <object_component id="oc-2cf">
         <name>.data:__TI_dtors_ptr</name>
         <load_address>0x143c</load_address>
         <run_address>0x143c</run_address>
         <size>0x2</size>
         <input_file_ref idref="fl-41"/>
      </object_component>
      <object_component id="oc-2cc">
         <name>.data</name>
         <load_address>0x1446</load_address>
         <run_address>0x1446</run_address>
         <size>0x2</size>
         <input_file_ref idref="fl-54"/>
      </object_component>
      <object_component id="oc-235">
         <name>.data:_lock</name>
         <load_address>0x143e</load_address>
         <run_address>0x143e</run_address>
         <size>0x2</size>
         <input_file_ref idref="fl-55"/>
      </object_component>
      <object_component id="oc-248">
         <name>.data:_unlock</name>
         <load_address>0x1440</load_address>
         <run_address>0x1440</run_address>
         <size>0x2</size>
         <input_file_ref idref="fl-55"/>
      </object_component>
      <object_component id="oc-238">
         <name>.data:_ftable</name>
         <load_address>0x134c</load_address>
         <run_address>0x134c</run_address>
         <size>0x78</size>
         <input_file_ref idref="fl-5a"/>
      </object_component>
      <object_component id="oc-4bd">
         <name>.data</name>
         <load_address>0x1442</load_address>
         <run_address>0x1442</run_address>
         <size>0x2</size>
         <input_file_ref idref="fl-5a"/>
      </object_component>
      <object_component id="oc-566">
         <name>.data</name>
         <load_address>0x1448</load_address>
         <run_address>0x1448</run_address>
         <size>0x2</size>
         <input_file_ref idref="fl-5e"/>
      </object_component>
      <object_component id="oc-424">
         <name>.data:_device</name>
         <load_address>0x13c4</load_address>
         <run_address>0x13c4</run_address>
         <size>0x4e</size>
         <input_file_ref idref="fl-64"/>
      </object_component>
      <object_component id="oc-399">
         <name>.data:_stream</name>
         <load_address>0x1412</load_address>
         <run_address>0x1412</run_address>
         <size>0x28</size>
         <input_file_ref idref="fl-64"/>
      </object_component>
      <object_component id="oc-3d7">
         <name>.data</name>
         <load_address>0x1444</load_address>
         <run_address>0x1444</run_address>
         <size>0x2</size>
         <input_file_ref idref="fl-65"/>
      </object_component>
      <object_component id="oc-160">
         <name>.sysmem</name>
         <uninitialized>true</uninitialized>
         <run_address>0x1100</run_address>
         <size>0x8</size>
         <input_file_ref idref="fl-5e"/>
      </object_component>
      <object_component id="oc-72e">
         <name>.sysmem</name>
         <uninitialized>true</uninitialized>
         <run_address>0x1100</run_address>
         <size>0x0</size>
      </object_component>
      <object_component id="oc-15c">
         <name>.stack</name>
         <uninitialized>true</uninitialized>
         <run_address>0x30b0</run_address>
         <size>0x2</size>
         <input_file_ref idref="fl-3e"/>
      </object_component>
      <object_component id="oc-72d">
         <name>.stack</name>
         <uninitialized>true</uninitialized>
         <run_address>0x30b0</run_address>
         <size>0x0</size>
      </object_component>
      <object_component id="oc-654">
         <name>.text:__mspabi_addd</name>
         <load_address>0x3100</load_address>
         <run_address>0x3100</run_address>
         <size>0x736</size>
         <input_file_ref idref="fl-75"/>
      </object_component>
      <object_component id="oc-5f6">
         <name>.text:__TI_frcdivd</name>
         <load_address>0x3836</load_address>
         <run_address>0x3836</run_address>
         <size>0x478</size>
         <input_file_ref idref="fl-50"/>
      </object_component>
      <object_component id="oc-501">
         <name>.text:__mspabi_divull</name>
         <load_address>0x3cae</load_address>
         <run_address>0x3cae</run_address>
         <size>0x360</size>
         <input_file_ref idref="fl-45"/>
      </object_component>
      <object_component id="oc-53f">
         <name>.text:__mspabi_mpyd</name>
         <load_address>0x400e</load_address>
         <run_address>0x400e</run_address>
         <size>0x2c0</size>
         <input_file_ref idref="fl-51"/>
      </object_component>
      <object_component id="oc-2b7">
         <name>.text:__TI_printfi:__TI_printfi</name>
         <load_address>0x42ce</load_address>
         <run_address>0x42ce</run_address>
         <size>0x288</size>
         <input_file_ref idref="fl-1e"/>
      </object_component>
      <object_component id="oc-3e2">
         <name>.text:_pproc_fgea</name>
         <load_address>0x4556</load_address>
         <run_address>0x4556</run_address>
         <size>0x26e</size>
         <input_file_ref idref="fl-1e"/>
      </object_component>
      <object_component id="oc-34b">
         <name>.text:__TI_printfi:_setfield___TI_printfi</name>
         <load_address>0x47c4</load_address>
         <run_address>0x47c4</run_address>
         <size>0x252</size>
         <input_file_ref idref="fl-1e"/>
      </object_component>
      <object_component id="oc-552">
         <name>.text:acvt</name>
         <load_address>0x4a16</load_address>
         <run_address>0x4a16</run_address>
         <size>0x244</size>
         <input_file_ref idref="fl-1e"/>
      </object_component>
      <object_component id="oc-545">
         <name>.text:__mspabi_divd</name>
         <load_address>0x4c5a</load_address>
         <run_address>0x4c5a</run_address>
         <size>0x238</size>
         <input_file_ref idref="fl-4b"/>
      </object_component>
      <object_component id="oc-460">
         <name>.text:__TI_printfi:_getarg_diouxp___TI_printfi</name>
         <load_address>0x4e92</load_address>
         <run_address>0x4e92</run_address>
         <size>0x1ec</size>
         <input_file_ref idref="fl-1e"/>
      </object_component>
      <object_component id="oc-51f">
         <name>.text:ecvt</name>
         <load_address>0x507e</load_address>
         <run_address>0x507e</run_address>
         <size>0x1de</size>
         <input_file_ref idref="fl-1e"/>
      </object_component>
      <object_component id="oc-532">
         <name>.text:fcvt</name>
         <load_address>0x525c</load_address>
         <run_address>0x525c</run_address>
         <size>0x1c4</size>
         <input_file_ref idref="fl-1e"/>
      </object_component>
      <object_component id="oc-485">
         <name>.text:_pconv_e</name>
         <load_address>0x5420</load_address>
         <run_address>0x5420</run_address>
         <size>0x1a6</size>
         <input_file_ref idref="fl-1e"/>
      </object_component>
      <object_component id="oc-48b">
         <name>.text:_pconv_a</name>
         <load_address>0x55c6</load_address>
         <run_address>0x55c6</run_address>
         <size>0x174</size>
         <input_file_ref idref="fl-1e"/>
      </object_component>
      <object_component id="oc-5ee">
         <name>.text:__TI_frcmpyd</name>
         <load_address>0x573a</load_address>
         <run_address>0x573a</run_address>
         <size>0x172</size>
         <input_file_ref idref="fl-76"/>
      </object_component>
      <object_component id="oc-605">
         <name>.text:scalbn</name>
         <load_address>0x58ac</load_address>
         <run_address>0x58ac</run_address>
         <size>0x16a</size>
         <input_file_ref idref="fl-69"/>
      </object_component>
      <object_component id="oc-3dc">
         <name>.text:__TI_printfi:_pproc_diouxp___TI_printfi</name>
         <load_address>0x5a16</load_address>
         <run_address>0x5a16</run_address>
         <size>0x14c</size>
         <input_file_ref idref="fl-1e"/>
      </object_component>
      <object_component id="oc-466">
         <name>.text:__TI_printfi:_ltostr___TI_printfi</name>
         <load_address>0x5b62</load_address>
         <run_address>0x5b62</run_address>
         <size>0x12e</size>
         <input_file_ref idref="fl-1e"/>
      </object_component>
      <object_component id="oc-479">
         <name>.text:_pconv_g</name>
         <load_address>0x5c90</load_address>
         <run_address>0x5c90</run_address>
         <size>0xf8</size>
         <input_file_ref idref="fl-1e"/>
      </object_component>
      <object_component id="oc-4b0">
         <name>.text:aligned_alloc</name>
         <load_address>0x5d88</load_address>
         <run_address>0x5d88</run_address>
         <size>0xf6</size>
         <input_file_ref idref="fl-5e"/>
      </object_component>
      <object_component id="oc-18f">
         <name>.text:Port1_ISR</name>
         <load_address>0x5e7e</load_address>
         <run_address>0x5e7e</run_address>
         <size>0xee</size>
         <input_file_ref idref="fl-2"/>
      </object_component>
      <object_component id="oc-29d">
         <name>.text:fputs</name>
         <load_address>0x5f6c</load_address>
         <run_address>0x5f6c</run_address>
         <size>0xea</size>
         <input_file_ref idref="fl-20"/>
      </object_component>
      <object_component id="oc-345">
         <name>.text:__TI_printfi:_pproc_fwp___TI_printfi</name>
         <load_address>0x6056</load_address>
         <run_address>0x6056</run_address>
         <size>0xe0</size>
         <input_file_ref idref="fl-1e"/>
      </object_component>
      <object_component id="oc-491">
         <name>.text:__mspabi_cmpd</name>
         <load_address>0x6136</load_address>
         <run_address>0x6136</run_address>
         <size>0xdc</size>
         <input_file_ref idref="fl-4a"/>
      </object_component>
      <object_component id="oc-403">
         <name>.text:free</name>
         <load_address>0x6212</load_address>
         <run_address>0x6212</run_address>
         <size>0xd2</size>
         <input_file_ref idref="fl-5e"/>
      </object_component>
      <object_component id="oc-38b">
         <name>.text:setvbuf</name>
         <load_address>0x62e4</load_address>
         <run_address>0x62e4</run_address>
         <size>0xd0</size>
         <input_file_ref idref="fl-22"/>
      </object_component>
      <object_component id="oc-357">
         <name>.text:__TI_printfi:_pproc_wstr___TI_printfi</name>
         <load_address>0x63b4</load_address>
         <run_address>0x63b4</run_address>
         <size>0xc4</size>
         <input_file_ref idref="fl-1e"/>
      </object_component>
      <object_component id="oc-54c">
         <name>.text:frexp</name>
         <load_address>0x6478</load_address>
         <run_address>0x6478</run_address>
         <size>0xb0</size>
         <input_file_ref idref="fl-68"/>
      </object_component>
      <object_component id="oc-351">
         <name>.text:__TI_printfi:_pproc_str___TI_printfi</name>
         <load_address>0x6528</load_address>
         <run_address>0x6528</run_address>
         <size>0xac</size>
         <input_file_ref idref="fl-1e"/>
      </object_component>
      <object_component id="oc-5d1">
         <name>.text:__mspabi_fltlid</name>
         <load_address>0x65d4</load_address>
         <run_address>0x65d4</run_address>
         <size>0xac</size>
         <input_file_ref idref="fl-4f"/>
      </object_component>
      <object_component id="oc-65d">
         <name>.text:__mpyll</name>
         <load_address>0x6680</load_address>
         <run_address>0x6680</run_address>
         <size>0x96</size>
         <input_file_ref idref="fl-3d"/>
      </object_component>
      <object_component id="oc-52b">
         <name>.text:_mcpy</name>
         <load_address>0x6716</load_address>
         <run_address>0x6716</run_address>
         <size>0x92</size>
         <input_file_ref idref="fl-1e"/>
      </object_component>
      <object_component id="oc-2a4">
         <name>.text:fputc</name>
         <load_address>0x67a8</load_address>
         <run_address>0x67a8</run_address>
         <size>0x90</size>
         <input_file_ref idref="fl-1f"/>
      </object_component>
      <object_component id="oc-525">
         <name>.text:_ecpy</name>
         <load_address>0x6838</load_address>
         <run_address>0x6838</run_address>
         <size>0x8e</size>
         <input_file_ref idref="fl-1e"/>
      </object_component>
      <object_component id="oc-4db">
         <name>.text:HOSTlseek</name>
         <load_address>0x68c6</load_address>
         <run_address>0x68c6</run_address>
         <size>0x88</size>
         <input_file_ref idref="fl-78"/>
      </object_component>
      <object_component id="oc-5cb">
         <name>.text:__TI_ltoa</name>
         <load_address>0x694e</load_address>
         <run_address>0x694e</run_address>
         <size>0x84</size>
         <input_file_ref idref="fl-56"/>
      </object_component>
      <object_component id="oc-47">
         <name>.text:decompress:lzss:__TI_decompress_lzss</name>
         <load_address>0x69d2</load_address>
         <run_address>0x69d2</run_address>
         <size>0x7c</size>
         <input_file_ref idref="fl-49"/>
      </object_component>
      <object_component id="oc-2fd">
         <name>.text:__TI_wrt_ok</name>
         <load_address>0x6a4e</load_address>
         <run_address>0x6a4e</run_address>
         <size>0x7a</size>
         <input_file_ref idref="fl-21"/>
      </object_component>
      <object_component id="oc-47f">
         <name>.text:_pconv_f</name>
         <load_address>0x6ac8</load_address>
         <run_address>0x6ac8</run_address>
         <size>0x7a</size>
         <input_file_ref idref="fl-1e"/>
      </object_component>
      <object_component id="oc-4b7">
         <name>.text:__TI_closefile</name>
         <load_address>0x6b42</load_address>
         <run_address>0x6b42</run_address>
         <size>0x72</size>
         <input_file_ref idref="fl-82"/>
      </object_component>
      <object_component id="oc-5c5">
         <name>.text:__mspabi_fixdli</name>
         <load_address>0x6bb4</load_address>
         <run_address>0x6bb4</run_address>
         <size>0x72</size>
         <input_file_ref idref="fl-4d"/>
      </object_component>
      <object_component id="oc-385">
         <name>.text:fseeko</name>
         <load_address>0x6c26</load_address>
         <run_address>0x6c26</run_address>
         <size>0x70</size>
         <input_file_ref idref="fl-6c"/>
      </object_component>
      <object_component id="oc-4e7">
         <name>.text:HOSTrename</name>
         <load_address>0x6c96</load_address>
         <run_address>0x6c96</run_address>
         <size>0x6a</size>
         <input_file_ref idref="fl-7b"/>
      </object_component>
      <object_component id="oc-569">
         <name>.text:split</name>
         <load_address>0x6d00</load_address>
         <run_address>0x6d00</run_address>
         <size>0x68</size>
         <input_file_ref idref="fl-5e"/>
      </object_component>
      <object_component id="oc-4c3">
         <name>.text:HOSTopen</name>
         <load_address>0x6d68</load_address>
         <run_address>0x6d68</run_address>
         <size>0x66</size>
         <input_file_ref idref="fl-79"/>
      </object_component>
      <object_component id="oc-4d5">
         <name>.text:HOSTwrite</name>
         <load_address>0x6dce</load_address>
         <run_address>0x6dce</run_address>
         <size>0x62</size>
         <input_file_ref idref="fl-7d"/>
      </object_component>
      <object_component id="oc-30f">
         <name>.text:__TI_doflush</name>
         <load_address>0x6e30</load_address>
         <run_address>0x6e30</run_address>
         <size>0x62</size>
         <input_file_ref idref="fl-6a"/>
      </object_component>
      <object_component id="oc-4cf">
         <name>.text:HOSTread</name>
         <load_address>0x6e92</load_address>
         <run_address>0x6e92</run_address>
         <size>0x60</size>
         <input_file_ref idref="fl-7a"/>
      </object_component>
      <object_component id="oc-64d">
         <name>.text:l_lsr_const</name>
         <load_address>0x6ef2</load_address>
         <run_address>0x6ef2</run_address>
         <size>0x5c</size>
         <input_file_ref idref="fl-72"/>
      </object_component>
      <object_component id="oc-275">
         <name>.text:__TI_auto_init_nobinit_nopinit_hold_wdt:__TI_auto_init_nobinit_nopinit_hold_wdt</name>
         <load_address>0x6f4e</load_address>
         <run_address>0x6f4e</run_address>
         <size>0x58</size>
         <input_file_ref idref="fl-3f"/>
      </object_component>
      <object_component id="oc-61f">
         <name>.text:getdevice</name>
         <load_address>0x6fa6</load_address>
         <run_address>0x6fa6</run_address>
         <size>0x58</size>
         <input_file_ref idref="fl-83"/>
      </object_component>
      <object_component id="oc-507">
         <name>.text</name>
         <load_address>0x6ffe</load_address>
         <run_address>0x6ffe</run_address>
         <size>0x58</size>
         <input_file_ref idref="fl-24"/>
      </object_component>
      <object_component id="oc-3c2">
         <name>.text:atoi</name>
         <load_address>0x7056</load_address>
         <run_address>0x7056</run_address>
         <size>0x52</size>
         <input_file_ref idref="fl-58"/>
      </object_component>
      <object_component id="oc-538">
         <name>.text:_fcpy</name>
         <load_address>0x70a8</load_address>
         <run_address>0x70a8</run_address>
         <size>0x4e</size>
         <input_file_ref idref="fl-1e"/>
      </object_component>
      <object_component id="oc-168">
         <name>.text</name>
         <load_address>0x70f6</load_address>
         <run_address>0x70f6</run_address>
         <size>0x4c</size>
         <input_file_ref idref="fl-37"/>
      </object_component>
      <object_component id="oc-662">
         <name>.text:__mpyull</name>
         <load_address>0x7142</load_address>
         <run_address>0x7142</run_address>
         <size>0x4a</size>
         <input_file_ref idref="fl-3c"/>
      </object_component>
      <object_component id="oc-6ad">
         <name>.text:__mspabi_srall</name>
         <load_address>0x718c</load_address>
         <run_address>0x718c</run_address>
         <size>0x4a</size>
         <input_file_ref idref="fl-86"/>
      </object_component>
      <object_component id="oc-570">
         <name>.text:close</name>
         <load_address>0x71d6</load_address>
         <run_address>0x71d6</run_address>
         <size>0x4a</size>
         <input_file_ref idref="fl-8b"/>
      </object_component>
      <object_component id="oc-50c">
         <name>.text:__mspabi_srlll</name>
         <load_address>0x7220</load_address>
         <run_address>0x7220</run_address>
         <size>0x46</size>
         <input_file_ref idref="fl-44"/>
      </object_component>
      <object_component id="oc-4c9">
         <name>.text:HOSTclose</name>
         <load_address>0x7266</load_address>
         <run_address>0x7266</run_address>
         <size>0x44</size>
         <input_file_ref idref="fl-77"/>
      </object_component>
      <object_component id="oc-5af">
         <name>.text:__mspabi_sllll</name>
         <load_address>0x72aa</load_address>
         <run_address>0x72aa</run_address>
         <size>0x44</size>
         <input_file_ref idref="fl-74"/>
      </object_component>
      <object_component id="oc-257">
         <name>.text:exit</name>
         <load_address>0x72ee</load_address>
         <run_address>0x72ee</run_address>
         <size>0x44</size>
         <input_file_ref idref="fl-54"/>
      </object_component>
      <object_component id="oc-204">
         <name>.text:main</name>
         <load_address>0x7332</load_address>
         <run_address>0x7332</run_address>
         <size>0x44</size>
         <input_file_ref idref="fl-2"/>
      </object_component>
      <object_component id="oc-4e1">
         <name>.text:HOSTunlink</name>
         <load_address>0x7376</load_address>
         <run_address>0x7376</run_address>
         <size>0x40</size>
         <input_file_ref idref="fl-7c"/>
      </object_component>
      <object_component id="oc-646">
         <name>.text</name>
         <load_address>0x73b6</load_address>
         <run_address>0x73b6</run_address>
         <size>0x40</size>
         <input_file_ref idref="fl-6f"/>
      </object_component>
      <object_component id="oc-66f">
         <name>.text:l_asr_const</name>
         <load_address>0x73f6</load_address>
         <run_address>0x73f6</run_address>
         <size>0x3e</size>
         <input_file_ref idref="fl-6e"/>
      </object_component>
      <object_component id="oc-597">
         <name>.text:l_lsl_const</name>
         <load_address>0x7434</load_address>
         <run_address>0x7434</run_address>
         <size>0x3e</size>
         <input_file_ref idref="fl-71"/>
      </object_component>
      <object_component id="oc-1ef">
         <name>.text:printf</name>
         <load_address>0x7472</load_address>
         <run_address>0x7472</run_address>
         <size>0x3c</size>
         <input_file_ref idref="fl-1d"/>
      </object_component>
      <object_component id="oc-40f">
         <name>.text:__TI_cleanup</name>
         <load_address>0x74ae</load_address>
         <run_address>0x74ae</run_address>
         <size>0x34</size>
         <input_file_ref idref="fl-6b"/>
      </object_component>
      <object_component id="oc-692">
         <name>.text:finddevice</name>
         <load_address>0x74e2</load_address>
         <run_address>0x74e2</run_address>
         <size>0x34</size>
         <input_file_ref idref="fl-83"/>
      </object_component>
      <object_component id="oc-584">
         <name>.text:__TI_writemsg</name>
         <load_address>0x7516</load_address>
         <run_address>0x7516</run_address>
         <size>0x2e</size>
         <input_file_ref idref="fl-7e"/>
      </object_component>
      <object_component id="oc-5d7">
         <name>.text:__mspabi_subd</name>
         <load_address>0x7544</load_address>
         <run_address>0x7544</run_address>
         <size>0x2e</size>
         <input_file_ref idref="fl-53"/>
      </object_component>
      <object_component id="oc-67f">
         <name>.text:copysign</name>
         <load_address>0x7572</load_address>
         <run_address>0x7572</run_address>
         <size>0x2e</size>
         <input_file_ref idref="fl-81"/>
      </object_component>
      <object_component id="oc-66a">
         <name>.text</name>
         <load_address>0x75a0</load_address>
         <run_address>0x75a0</run_address>
         <size>0x2e</size>
         <input_file_ref idref="fl-3b"/>
      </object_component>
      <object_component id="oc-58a">
         <name>.text:__TI_readmsg</name>
         <load_address>0x75ce</load_address>
         <run_address>0x75ce</run_address>
         <size>0x2c</size>
         <input_file_ref idref="fl-7e"/>
      </object_component>
      <object_component id="oc-5bd">
         <name>.text</name>
         <load_address>0x75fa</load_address>
         <run_address>0x75fa</run_address>
         <size>0x2c</size>
         <input_file_ref idref="fl-6d"/>
      </object_component>
      <object_component id="oc-163">
         <name>.text</name>
         <load_address>0x7626</load_address>
         <run_address>0x7626</run_address>
         <size>0x2c</size>
         <input_file_ref idref="fl-70"/>
      </object_component>
      <object_component id="oc-68c">
         <name>.text:strncpy</name>
         <load_address>0x7652</load_address>
         <run_address>0x7652</run_address>
         <size>0x2c</size>
         <input_file_ref idref="fl-89"/>
      </object_component>
      <object_component id="oc-473">
         <name>.text:__mspabi_negd</name>
         <load_address>0x767e</load_address>
         <run_address>0x767e</run_address>
         <size>0x2a</size>
         <input_file_ref idref="fl-52"/>
      </object_component>
      <object_component id="oc-5dd">
         <name>.text:__mspabi_fixdi</name>
         <load_address>0x76a8</load_address>
         <run_address>0x76a8</run_address>
         <size>0x28</size>
         <input_file_ref idref="fl-4c"/>
      </object_component>
      <object_component id="oc-4a9">
         <name>.text:free_list_insert</name>
         <load_address>0x76d0</load_address>
         <run_address>0x76d0</run_address>
         <size>0x28</size>
         <input_file_ref idref="fl-5e"/>
      </object_component>
      <object_component id="oc-577">
         <name>.text:unlink</name>
         <load_address>0x76f8</load_address>
         <run_address>0x76f8</run_address>
         <size>0x28</size>
         <input_file_ref idref="fl-8d"/>
      </object_component>
      <object_component id="oc-3f6">
         <name>.text:lseek</name>
         <load_address>0x7720</load_address>
         <run_address>0x7720</run_address>
         <size>0x26</size>
         <input_file_ref idref="fl-80"/>
      </object_component>
      <object_component id="oc-315">
         <name>.text:write</name>
         <load_address>0x7746</load_address>
         <run_address>0x7746</run_address>
         <size>0x24</size>
         <input_file_ref idref="fl-63"/>
      </object_component>
      <object_component id="oc-3af">
         <name>.text:memccpy</name>
         <load_address>0x776a</load_address>
         <run_address>0x776a</run_address>
         <size>0x22</size>
         <input_file_ref idref="fl-5b"/>
      </object_component>
      <object_component id="oc-1a7">
         <name>.text:_c_int00_noargs</name>
         <load_address>0x778c</load_address>
         <run_address>0x778c</run_address>
         <size>0x1c</size>
         <input_file_ref idref="fl-3e"/>
      </object_component>
      <object_component id="oc-4a3">
         <name>.text:free_list_remove</name>
         <load_address>0x77a8</load_address>
         <run_address>0x77a8</run_address>
         <size>0x1c</size>
         <input_file_ref idref="fl-5e"/>
      </object_component>
      <object_component id="oc-60b">
         <name>.text:strchr</name>
         <load_address>0x77c4</load_address>
         <run_address>0x77c4</run_address>
         <size>0x1a</size>
         <input_file_ref idref="fl-60"/>
      </object_component>
      <object_component id="oc-6c2">
         <name>.text:strcmp</name>
         <load_address>0x77de</load_address>
         <run_address>0x77de</run_address>
         <size>0x18</size>
         <input_file_ref idref="fl-87"/>
      </object_component>
      <object_component id="oc-438">
         <name>.text</name>
         <load_address>0x77f6</load_address>
         <run_address>0x77f6</run_address>
         <size>0x16</size>
         <input_file_ref idref="fl-23"/>
      </object_component>
      <object_component id="oc-195">
         <name>.text:decompress:ZI:__TI_zero_init_nomemset:__TI_zero_init_nomemset</name>
         <load_address>0x780c</load_address>
         <run_address>0x780c</run_address>
         <size>0x14</size>
         <input_file_ref idref="fl-40"/>
      </object_component>
      <object_component id="oc-309">
         <name>.text:memchr</name>
         <load_address>0x7820</load_address>
         <run_address>0x7820</run_address>
         <size>0x14</size>
         <input_file_ref idref="fl-5c"/>
      </object_component>
      <object_component id="oc-3a2">
         <name>.text:memset</name>
         <load_address>0x7834</load_address>
         <run_address>0x7834</run_address>
         <size>0x14</size>
         <input_file_ref idref="fl-5f"/>
      </object_component>
      <object_component id="oc-379">
         <name>.text</name>
         <load_address>0x7848</load_address>
         <run_address>0x7848</run_address>
         <size>0x14</size>
         <input_file_ref idref="fl-39"/>
      </object_component>
      <object_component id="oc-3d1">
         <name>.text:wcslen</name>
         <load_address>0x785c</load_address>
         <run_address>0x785c</run_address>
         <size>0x14</size>
         <input_file_ref idref="fl-67"/>
      </object_component>
      <object_component id="oc-4d">
         <name>.text:decompress:none:__TI_decompress_none</name>
         <load_address>0x7870</load_address>
         <run_address>0x7870</run_address>
         <size>0x12</size>
         <input_file_ref idref="fl-48"/>
      </object_component>
      <object_component id="oc-5b5">
         <name>.text:l_lsr</name>
         <load_address>0x7882</load_address>
         <run_address>0x7882</run_address>
         <size>0x12</size>
         <input_file_ref idref="fl-72"/>
      </object_component>
      <object_component id="oc-17d">
         <name>.text:memcpy</name>
         <load_address>0x7894</load_address>
         <run_address>0x7894</run_address>
         <size>0x12</size>
         <input_file_ref idref="fl-5d"/>
      </object_component>
      <object_component id="oc-16d">
         <name>.text</name>
         <load_address>0x78a6</load_address>
         <run_address>0x78a6</run_address>
         <size>0x10</size>
         <input_file_ref idref="fl-25"/>
      </object_component>
      <object_component id="oc-5a0">
         <name>.text:strcpy</name>
         <load_address>0x78b6</load_address>
         <run_address>0x78b6</run_address>
         <size>0x10</size>
         <input_file_ref idref="fl-88"/>
      </object_component>
      <object_component id="oc-303">
         <name>.text:strlen</name>
         <load_address>0x78c6</load_address>
         <run_address>0x78c6</run_address>
         <size>0xe</size>
         <input_file_ref idref="fl-61"/>
      </object_component>
      <object_component id="oc-611">
         <name>.text:__mspabi_fltid</name>
         <load_address>0x78d4</load_address>
         <run_address>0x78d4</run_address>
         <size>0xc</size>
         <input_file_ref idref="fl-4e"/>
      </object_component>
      <object_component id="oc-46d">
         <name>.text:toupper</name>
         <load_address>0x78e0</load_address>
         <run_address>0x78e0</run_address>
         <size>0xc</size>
         <input_file_ref idref="fl-62"/>
      </object_component>
      <object_component id="oc-5e4">
         <name>.text:abs</name>
         <load_address>0x78ec</load_address>
         <run_address>0x78ec</run_address>
         <size>0xa</size>
         <input_file_ref idref="fl-66"/>
      </object_component>
      <object_component id="oc-409">
         <name>.text:malloc</name>
         <load_address>0x78f6</load_address>
         <run_address>0x78f6</run_address>
         <size>0x8</size>
         <input_file_ref idref="fl-5e"/>
      </object_component>
      <object_component id="oc-241">
         <name>.text:_outc</name>
         <load_address>0x78fe</load_address>
         <run_address>0x78fe</run_address>
         <size>0x6</size>
         <input_file_ref idref="fl-1d"/>
      </object_component>
      <object_component id="oc-251">
         <name>.text:abort</name>
         <load_address>0x7904</load_address>
         <run_address>0x7904</run_address>
         <size>0x6</size>
         <input_file_ref idref="fl-54"/>
      </object_component>
      <object_component id="oc-23b">
         <name>.text:_outs</name>
         <load_address>0x790a</load_address>
         <run_address>0x790a</run_address>
         <size>0x4</size>
         <input_file_ref idref="fl-1d"/>
      </object_component>
      <object_component id="oc-1fe">
         <name>.text:_system_pre_init</name>
         <load_address>0x790e</load_address>
         <run_address>0x790e</run_address>
         <size>0x4</size>
         <input_file_ref idref="fl-46"/>
      </object_component>
      <object_component id="oc-290">
         <name>.text:_nop</name>
         <load_address>0x7912</load_address>
         <run_address>0x7912</run_address>
         <size>0x2</size>
         <input_file_ref idref="fl-55"/>
      </object_component>
      <object_component id="oc-2d7">
         <name>.text:_system_post_cinit</name>
         <load_address>0x7914</load_address>
         <run_address>0x7914</run_address>
         <size>0x2</size>
         <input_file_ref idref="fl-47"/>
      </object_component>
      <object_component id="oc-18a">
         <name>.text:_isr:__TI_ISR_TRAP</name>
         <load_address>0x7a6c</load_address>
         <run_address>0x7a6c</run_address>
         <size>0x8</size>
         <input_file_ref idref="fl-36"/>
      </object_component>
      <object_component id="oc-72c">
         <name>.cinit..data.load</name>
         <load_address>0x7a74</load_address>
         <run_address>0x7a74</run_address>
         <size>0x44</size>
      </object_component>
      <object_component id="oc-729">
         <name>__TI_handler_table</name>
         <load_address>0x7ab8</load_address>
         <run_address>0x7ab8</run_address>
         <size>0x6</size>
      </object_component>
      <object_component id="oc-72b">
         <name>.cinit..bss.load</name>
         <load_address>0x7abe</load_address>
         <run_address>0x7abe</run_address>
         <size>0x4</size>
      </object_component>
      <object_component id="oc-72a">
         <name>__TI_cinit_table</name>
         <load_address>0x7ac2</load_address>
         <run_address>0x7ac2</run_address>
         <size>0x8</size>
      </object_component>
      <object_component id="oc-445">
         <name>.const:.string:_ctypes_</name>
         <load_address>0x7916</load_address>
         <run_address>0x7916</run_address>
         <size>0x101</size>
         <input_file_ref idref="fl-59"/>
      </object_component>
      <object_component id="oc-1ee">
         <name>.const:.string</name>
         <load_address>0x7a18</load_address>
         <run_address>0x7a18</run_address>
         <size>0x2e</size>
         <input_file_ref idref="fl-2"/>
      </object_component>
      <object_component id="oc-3a8">
         <name>.const:.string</name>
         <load_address>0x7a46</load_address>
         <run_address>0x7a46</run_address>
         <size>0x26</size>
         <input_file_ref idref="fl-1e"/>
      </object_component>
      <object_component id="oc-62b">
         <name>.cio</name>
         <uninitialized>true</uninitialized>
         <run_address>0x122c</run_address>
         <size>0x120</size>
         <input_file_ref idref="fl-7e"/>
      </object_component>
      <object_component id="oc-6da">
         <name>.binit</name>
         <load_address>0x3100</load_address>
         <run_address>0x3100</run_address>
         <size>0x0</size>
      </object_component>
      <object_component id="oc-53">
         <name>.int14</name>
         <load_address>0xffdc</load_address>
         <run_address>0xffdc</run_address>
         <size>0x2</size>
         <input_file_ref idref="fl-26"/>
      </object_component>
      <object_component id="oc-54">
         <name>.int15</name>
         <load_address>0xffde</load_address>
         <run_address>0xffde</run_address>
         <size>0x2</size>
         <input_file_ref idref="fl-27"/>
      </object_component>
      <object_component id="oc-55">
         <name>.int16</name>
         <load_address>0xffe0</load_address>
         <run_address>0xffe0</run_address>
         <size>0x2</size>
         <input_file_ref idref="fl-28"/>
      </object_component>
      <object_component id="oc-56">
         <name>.int17</name>
         <load_address>0xffe2</load_address>
         <run_address>0xffe2</run_address>
         <size>0x2</size>
         <input_file_ref idref="fl-29"/>
      </object_component>
      <object_component id="oc-57">
         <name>.int18</name>
         <load_address>0xffe4</load_address>
         <run_address>0xffe4</run_address>
         <size>0x2</size>
         <input_file_ref idref="fl-2a"/>
      </object_component>
      <object_component id="oc-58">
         <name>.int19</name>
         <load_address>0xffe6</load_address>
         <run_address>0xffe6</run_address>
         <size>0x2</size>
         <input_file_ref idref="fl-2b"/>
      </object_component>
      <object_component id="oc-59">
         <name>.int20</name>
         <load_address>0xffe8</load_address>
         <run_address>0xffe8</run_address>
         <size>0x2</size>
         <input_file_ref idref="fl-2"/>
      </object_component>
      <object_component id="oc-5a">
         <name>.int21</name>
         <load_address>0xffea</load_address>
         <run_address>0xffea</run_address>
         <size>0x2</size>
         <input_file_ref idref="fl-2c"/>
      </object_component>
      <object_component id="oc-5b">
         <name>.int22</name>
         <load_address>0xffec</load_address>
         <run_address>0xffec</run_address>
         <size>0x2</size>
         <input_file_ref idref="fl-2d"/>
      </object_component>
      <object_component id="oc-5c">
         <name>.int23</name>
         <load_address>0xffee</load_address>
         <run_address>0xffee</run_address>
         <size>0x2</size>
         <input_file_ref idref="fl-2e"/>
      </object_component>
      <object_component id="oc-5d">
         <name>.int24</name>
         <load_address>0xfff0</load_address>
         <run_address>0xfff0</run_address>
         <size>0x2</size>
         <input_file_ref idref="fl-2f"/>
      </object_component>
      <object_component id="oc-5e">
         <name>.int25</name>
         <load_address>0xfff2</load_address>
         <run_address>0xfff2</run_address>
         <size>0x2</size>
         <input_file_ref idref="fl-30"/>
      </object_component>
      <object_component id="oc-5f">
         <name>.int26</name>
         <load_address>0xfff4</load_address>
         <run_address>0xfff4</run_address>
         <size>0x2</size>
         <input_file_ref idref="fl-31"/>
      </object_component>
      <object_component id="oc-60">
         <name>.int27</name>
         <load_address>0xfff6</load_address>
         <run_address>0xfff6</run_address>
         <size>0x2</size>
         <input_file_ref idref="fl-32"/>
      </object_component>
      <object_component id="oc-61">
         <name>.int28</name>
         <load_address>0xfff8</load_address>
         <run_address>0xfff8</run_address>
         <size>0x2</size>
         <input_file_ref idref="fl-33"/>
      </object_component>
      <object_component id="oc-62">
         <name>.int29</name>
         <load_address>0xfffa</load_address>
         <run_address>0xfffa</run_address>
         <size>0x2</size>
         <input_file_ref idref="fl-34"/>
      </object_component>
      <object_component id="oc-63">
         <name>.int30</name>
         <load_address>0xfffc</load_address>
         <run_address>0xfffc</run_address>
         <size>0x2</size>
         <input_file_ref idref="fl-35"/>
      </object_component>
      <object_component id="oc-15f">
         <name>.reset</name>
         <load_address>0xfffe</load_address>
         <run_address>0xfffe</run_address>
         <size>0x2</size>
         <input_file_ref idref="fl-3e"/>
      </object_component>
      <object_component id="oc-3eb">
         <name>.debug_info</name>
         <load_address>0x0</load_address>
         <run_address>0x0</run_address>
         <size>0x2a6</size>
         <input_file_ref idref="fl-2"/>
      </object_component>
      <object_component id="oc-206">
         <name>.debug_info</name>
         <load_address>0x2a6</load_address>
         <run_address>0x2a6</run_address>
         <size>0x10b</size>
         <input_file_ref idref="fl-2"/>
      </object_component>
      <object_component id="oc-192">
         <name>.debug_info</name>
         <load_address>0x3b1</load_address>
         <run_address>0x3b1</run_address>
         <size>0x139</size>
         <input_file_ref idref="fl-2"/>
      </object_component>
      <object_component id="oc-49a">
         <name>.debug_info</name>
         <load_address>0x4ea</load_address>
         <run_address>0x4ea</run_address>
         <size>0x26b</size>
         <input_file_ref idref="fl-2"/>
      </object_component>
      <object_component id="oc-178">
         <name>.debug_info</name>
         <load_address>0x755</load_address>
         <run_address>0x755</run_address>
         <size>0x84</size>
         <input_file_ref idref="fl-2"/>
      </object_component>
      <object_component id="oc-35e">
         <name>.debug_info</name>
         <load_address>0x7d9</load_address>
         <run_address>0x7d9</run_address>
         <size>0x282</size>
         <input_file_ref idref="fl-2"/>
      </object_component>
      <object_component id="oc-2c6">
         <name>.debug_info</name>
         <load_address>0xa5b</load_address>
         <run_address>0xa5b</run_address>
         <size>0x2c</size>
         <input_file_ref idref="fl-2"/>
      </object_component>
      <object_component id="oc-24c">
         <name>.debug_info</name>
         <load_address>0xa87</load_address>
         <run_address>0xa87</run_address>
         <size>0x2bd</size>
         <input_file_ref idref="fl-1d"/>
      </object_component>
      <object_component id="oc-245">
         <name>.debug_info</name>
         <load_address>0xd44</load_address>
         <run_address>0xd44</run_address>
         <size>0x162</size>
         <input_file_ref idref="fl-1d"/>
      </object_component>
      <object_component id="oc-23f">
         <name>.debug_info</name>
         <load_address>0xea6</load_address>
         <run_address>0xea6</run_address>
         <size>0x166</size>
         <input_file_ref idref="fl-1d"/>
      </object_component>
      <object_component id="oc-1f0">
         <name>.debug_info</name>
         <load_address>0x100c</load_address>
         <run_address>0x100c</run_address>
         <size>0x184</size>
         <input_file_ref idref="fl-1d"/>
      </object_component>
      <object_component id="oc-2c1">
         <name>.debug_info</name>
         <load_address>0x1190</load_address>
         <run_address>0x1190</run_address>
         <size>0xb2</size>
         <input_file_ref idref="fl-1d"/>
      </object_component>
      <object_component id="oc-326">
         <name>.debug_info</name>
         <load_address>0x1242</load_address>
         <run_address>0x1242</run_address>
         <size>0x439</size>
         <input_file_ref idref="fl-1e"/>
      </object_component>
      <object_component id="oc-346">
         <name>.debug_info</name>
         <load_address>0x167b</load_address>
         <run_address>0x167b</run_address>
         <size>0x25a</size>
         <input_file_ref idref="fl-1e"/>
      </object_component>
      <object_component id="oc-461">
         <name>.debug_info</name>
         <load_address>0x18d5</load_address>
         <run_address>0x18d5</run_address>
         <size>0x1df</size>
         <input_file_ref idref="fl-1e"/>
      </object_component>
      <object_component id="oc-467">
         <name>.debug_info</name>
         <load_address>0x1ab4</load_address>
         <run_address>0x1ab4</run_address>
         <size>0x2b3</size>
         <input_file_ref idref="fl-1e"/>
      </object_component>
      <object_component id="oc-3dd">
         <name>.debug_info</name>
         <load_address>0x1d67</load_address>
         <run_address>0x1d67</run_address>
         <size>0x291</size>
         <input_file_ref idref="fl-1e"/>
      </object_component>
      <object_component id="oc-520">
         <name>.debug_info</name>
         <load_address>0x1ff8</load_address>
         <run_address>0x1ff8</run_address>
         <size>0x3e2</size>
         <input_file_ref idref="fl-1e"/>
      </object_component>
      <object_component id="oc-526">
         <name>.debug_info</name>
         <load_address>0x23da</load_address>
         <run_address>0x23da</run_address>
         <size>0x1dc</size>
         <input_file_ref idref="fl-1e"/>
      </object_component>
      <object_component id="oc-52c">
         <name>.debug_info</name>
         <load_address>0x25b6</load_address>
         <run_address>0x25b6</run_address>
         <size>0x22d</size>
         <input_file_ref idref="fl-1e"/>
      </object_component>
      <object_component id="oc-47a">
         <name>.debug_info</name>
         <load_address>0x27e3</load_address>
         <run_address>0x27e3</run_address>
         <size>0x27f</size>
         <input_file_ref idref="fl-1e"/>
      </object_component>
      <object_component id="oc-533">
         <name>.debug_info</name>
         <load_address>0x2a62</load_address>
         <run_address>0x2a62</run_address>
         <size>0x3fe</size>
         <input_file_ref idref="fl-1e"/>
      </object_component>
      <object_component id="oc-539">
         <name>.debug_info</name>
         <load_address>0x2e60</load_address>
         <run_address>0x2e60</run_address>
         <size>0x218</size>
         <input_file_ref idref="fl-1e"/>
      </object_component>
      <object_component id="oc-480">
         <name>.debug_info</name>
         <load_address>0x3078</load_address>
         <run_address>0x3078</run_address>
         <size>0x244</size>
         <input_file_ref idref="fl-1e"/>
      </object_component>
      <object_component id="oc-486">
         <name>.debug_info</name>
         <load_address>0x32bc</load_address>
         <run_address>0x32bc</run_address>
         <size>0x38b</size>
         <input_file_ref idref="fl-1e"/>
      </object_component>
      <object_component id="oc-553">
         <name>.debug_info</name>
         <load_address>0x3647</load_address>
         <run_address>0x3647</run_address>
         <size>0x470</size>
         <input_file_ref idref="fl-1e"/>
      </object_component>
      <object_component id="oc-48c">
         <name>.debug_info</name>
         <load_address>0x3ab7</load_address>
         <run_address>0x3ab7</run_address>
         <size>0x292</size>
         <input_file_ref idref="fl-1e"/>
      </object_component>
      <object_component id="oc-3e3">
         <name>.debug_info</name>
         <load_address>0x3d49</load_address>
         <run_address>0x3d49</run_address>
         <size>0x3a7</size>
         <input_file_ref idref="fl-1e"/>
      </object_component>
      <object_component id="oc-34c">
         <name>.debug_info</name>
         <load_address>0x40f0</load_address>
         <run_address>0x40f0</run_address>
         <size>0x33e</size>
         <input_file_ref idref="fl-1e"/>
      </object_component>
      <object_component id="oc-352">
         <name>.debug_info</name>
         <load_address>0x442e</load_address>
         <run_address>0x442e</run_address>
         <size>0x299</size>
         <input_file_ref idref="fl-1e"/>
      </object_component>
      <object_component id="oc-358">
         <name>.debug_info</name>
         <load_address>0x46c7</load_address>
         <run_address>0x46c7</run_address>
         <size>0x296</size>
         <input_file_ref idref="fl-1e"/>
      </object_component>
      <object_component id="oc-2b8">
         <name>.debug_info</name>
         <load_address>0x495d</load_address>
         <run_address>0x495d</run_address>
         <size>0x38d</size>
         <input_file_ref idref="fl-1e"/>
      </object_component>
      <object_component id="oc-327">
         <name>.debug_info</name>
         <load_address>0x4cea</load_address>
         <run_address>0x4cea</run_address>
         <size>0x86</size>
         <input_file_ref idref="fl-1e"/>
      </object_component>
      <object_component id="oc-43e">
         <name>.debug_info</name>
         <load_address>0x4d70</load_address>
         <run_address>0x4d70</run_address>
         <size>0xa1</size>
         <input_file_ref idref="fl-1e"/>
      </object_component>
      <object_component id="oc-3bd">
         <name>.debug_info</name>
         <load_address>0x4e11</load_address>
         <run_address>0x4e11</run_address>
         <size>0x39</size>
         <input_file_ref idref="fl-1e"/>
      </object_component>
      <object_component id="oc-5a8">
         <name>.debug_info</name>
         <load_address>0x4e4a</load_address>
         <run_address>0x4e4a</run_address>
         <size>0x7a</size>
         <input_file_ref idref="fl-1e"/>
      </object_component>
      <object_component id="oc-4f4">
         <name>.debug_info</name>
         <load_address>0x4ec4</load_address>
         <run_address>0x4ec4</run_address>
         <size>0x46</size>
         <input_file_ref idref="fl-1e"/>
      </object_component>
      <object_component id="oc-3b8">
         <name>.debug_info</name>
         <load_address>0x4f0a</load_address>
         <run_address>0x4f0a</run_address>
         <size>0x2c</size>
         <input_file_ref idref="fl-1e"/>
      </object_component>
      <object_component id="oc-31e">
         <name>.debug_info</name>
         <load_address>0x4f36</load_address>
         <run_address>0x4f36</run_address>
         <size>0x25b</size>
         <input_file_ref idref="fl-1f"/>
      </object_component>
      <object_component id="oc-2a6">
         <name>.debug_info</name>
         <load_address>0x5191</load_address>
         <run_address>0x5191</run_address>
         <size>0x1d0</size>
         <input_file_ref idref="fl-1f"/>
      </object_component>
[...]
      <symbol id="sm-79e">
         <name>_stream</name>
         <value>0x1412</value>
         <object_component_ref idref="oc-399"/>
      </symbol>
      <symbol id="sm-79f">
         <name>_device</name>
         <value>0x13c4</value>
         <object_component_ref idref="oc-424"/>
      </symbol>
      <symbol id="sm-7a6">
         <name>errno</name>
         <value>0x1444</value>
         <object_component_ref idref="oc-3d7"/>
      </symbol>
      <symbol id="sm-7b0">
         <name>abs</name>
         <value>0x78ec</value>
         <object_component_ref idref="oc-5e4"/>
      </symbol>
      <symbol id="sm-7c8">
         <name>wcslen</name>
         <value>0x785c</value>
         <object_component_ref idref="oc-3d1"/>
      </symbol>
      <symbol id="sm-7e4">
         <name>frexpl</name>
         <value>0x6478</value>
         <object_component_ref idref="oc-54c"/>
      </symbol>
      <symbol id="sm-7e5">
         <name>frexp</name>
         <value>0x6478</value>
         <object_component_ref idref="oc-54c"/>
      </symbol>
      <symbol id="sm-7fd">
         <name>scalbn</name>
         <value>0x58ac</value>
         <object_component_ref idref="oc-605"/>
      </symbol>
      <symbol id="sm-7fe">
         <name>scalbnl</name>
         <value>0x58ac</value>
         <object_component_ref idref="oc-605"/>
      </symbol>
      <symbol id="sm-7ff">
         <name>ldexpl</name>
         <value>0x58ac</value>
         <object_component_ref idref="oc-605"/>
      </symbol>
      <symbol id="sm-800">
         <name>ldexp</name>
         <value>0x58ac</value>
         <object_component_ref idref="oc-605"/>
      </symbol>
      <symbol id="sm-811">
         <name>__TI_doflush</name>
         <value>0x6e30</value>
         <object_component_ref idref="oc-30f"/>
      </symbol>
      <symbol id="sm-81d">
         <name>__TI_cleanup</name>
         <value>0x74ae</value>
         <object_component_ref idref="oc-40f"/>
      </symbol>
      <symbol id="sm-832">
         <name>fseeko</name>
         <value>0x6c26</value>
         <object_component_ref idref="oc-385"/>
      </symbol>
      <symbol id="sm-833">
         <name>fseek</name>
         <value>0x6c26</value>
         <object_component_ref idref="oc-385"/>
      </symbol>
      <symbol id="sm-83b">
         <name>__mspabi_srai</name>
         <value>0x75fa</value>
         <object_component_ref idref="oc-5bd"/>
      </symbol>
      <symbol id="sm-83c">
         <name>__mspabi_srai_8</name>
         <value>0x7614</value>
         <object_component_ref idref="oc-5bd"/>
      </symbol>
      <symbol id="sm-83d">
         <name>__mspabi_srai_9</name>
         <value>0x7612</value>
         <object_component_ref idref="oc-5bd"/>
      </symbol>
      <symbol id="sm-83e">
         <name>__mspabi_srai_6</name>
         <value>0x7618</value>
         <object_component_ref idref="oc-5bd"/>
      </symbol>
      <symbol id="sm-83f">
         <name>__mspabi_srai_7</name>
         <value>0x7616</value>
         <object_component_ref idref="oc-5bd"/>
      </symbol>
      <symbol id="sm-840">
         <name>__mspabi_srai_4</name>
         <value>0x761c</value>
         <object_component_ref idref="oc-5bd"/>
      </symbol>
      <symbol id="sm-841">
         <name>__mspabi_srai_5</name>
         <value>0x761a</value>
         <object_component_ref idref="oc-5bd"/>
      </symbol>
      <symbol id="sm-842">
         <name>__mspabi_srai_2</name>
         <value>0x7620</value>
         <object_component_ref idref="oc-5bd"/>
      </symbol>
      <symbol id="sm-843">
         <name>__mspabi_srai_3</name>
         <value>0x761e</value>
         <object_component_ref idref="oc-5bd"/>
      </symbol>
      <symbol id="sm-844">
         <name>__mspabi_srai_1</name>
         <value>0x7622</value>
         <object_component_ref idref="oc-5bd"/>
      </symbol>
      <symbol id="sm-845">
         <name>__mspabi_srai_15</name>
         <value>0x7606</value>
         <object_component_ref idref="oc-5bd"/>
      </symbol>
      <symbol id="sm-846">
         <name>__mspabi_srai_14</name>
         <value>0x7608</value>
         <object_component_ref idref="oc-5bd"/>
      </symbol>
      <symbol id="sm-847">
         <name>__mspabi_srai_13</name>
         <value>0x760a</value>
         <object_component_ref idref="oc-5bd"/>
      </symbol>
      <symbol id="sm-848">
         <name>__mspabi_srai_12</name>
         <value>0x760c</value>
         <object_component_ref idref="oc-5bd"/>
      </symbol>
      <symbol id="sm-849">
         <name>__mspabi_srai_11</name>
         <value>0x760e</value>
         <object_component_ref idref="oc-5bd"/>
      </symbol>
      <symbol id="sm-84a">
         <name>__mspabi_srai_10</name>
         <value>0x7610</value>
         <object_component_ref idref="oc-5bd"/>
      </symbol>
      <symbol id="sm-852">
         <name>__mspabi_sral_15</name>
         <value>0x73f6</value>
         <object_component_ref idref="oc-66f"/>
      </symbol>
      <symbol id="sm-853">
         <name>__mspabi_sral_14</name>
         <value>0x73fa</value>
         <object_component_ref idref="oc-66f"/>
      </symbol>
      <symbol id="sm-854">
         <name>__mspabi_sral_13</name>
         <value>0x73fe</value>
         <object_component_ref idref="oc-66f"/>
      </symbol>
      <symbol id="sm-855">
         <name>__mspabi_sral_12</name>
         <value>0x7402</value>
         <object_component_ref idref="oc-66f"/>
      </symbol>
      <symbol id="sm-856">
         <name>__mspabi_sral_11</name>
         <value>0x7406</value>
         <object_component_ref idref="oc-66f"/>
      </symbol>
      <symbol id="sm-857">
         <name>__mspabi_sral_10</name>
         <value>0x740a</value>
         <object_component_ref idref="oc-66f"/>
      </symbol>
      <symbol id="sm-858">
         <name>__mspabi_sral_8</name>
         <value>0x7412</value>
         <object_component_ref idref="oc-66f"/>
      </symbol>
      <symbol id="sm-859">
         <name>__mspabi_sral_9</name>
         <value>0x740e</value>
         <object_component_ref idref="oc-66f"/>
      </symbol>
      <symbol id="sm-85a">
         <name>__mspabi_sral_6</name>
         <value>0x741a</value>
         <object_component_ref idref="oc-66f"/>
      </symbol>
      <symbol id="sm-85b">
         <name>__mspabi_sral_7</name>
         <value>0x7416</value>
         <object_component_ref idref="oc-66f"/>
      </symbol>
      <symbol id="sm-85c">
         <name>__mspabi_sral_4</name>
         <value>0x7422</value>
         <object_component_ref idref="oc-66f"/>
      </symbol>
      <symbol id="sm-85d">
         <name>__mspabi_sral_5</name>
         <value>0x741e</value>
         <object_component_ref idref="oc-66f"/>
      </symbol>
      <symbol id="sm-85e">
         <name>__mspabi_sral_2</name>
         <value>0x742a</value>
         <object_component_ref idref="oc-66f"/>
      </symbol>
      <symbol id="sm-85f">
         <name>__mspabi_sral_3</name>
         <value>0x7426</value>
         <object_component_ref idref="oc-66f"/>
      </symbol>
      <symbol id="sm-860">
         <name>__mspabi_sral_1</name>
         <value>0x742e</value>
         <object_component_ref idref="oc-66f"/>
      </symbol>
      <symbol id="sm-86c">
         <name>__mspabi_remli</name>
         <value>0x73b6</value>
         <object_component_ref idref="oc-646"/>
      </symbol>
      <symbol id="sm-86d">
         <name>__mspabi_divli</name>
         <value>0x73b6</value>
         <object_component_ref idref="oc-646"/>
      </symbol>
      <symbol id="sm-875">
         <name>__mspabi_slli</name>
         <value>0x7626</value>
         <object_component_ref idref="oc-163"/>
      </symbol>
      <symbol id="sm-876">
         <name>__mspabi_slli_9</name>
         <value>0x763e</value>
         <object_component_ref idref="oc-163"/>
      </symbol>
      <symbol id="sm-877">
         <name>__mspabi_slli_8</name>
         <value>0x7640</value>
         <object_component_ref idref="oc-163"/>
      </symbol>
      <symbol id="sm-878">
         <name>__mspabi_slli_7</name>
         <value>0x7642</value>
         <object_component_ref idref="oc-163"/>
      </symbol>
      <symbol id="sm-879">
         <name>__mspabi_slli_6</name>
         <value>0x7644</value>
         <object_component_ref idref="oc-163"/>
      </symbol>
      <symbol id="sm-87a">
         <name>__mspabi_slli_5</name>
         <value>0x7646</value>
         <object_component_ref idref="oc-163"/>
      </symbol>
      <symbol id="sm-87b">
         <name>__mspabi_slli_4</name>
         <value>0x7648</value>
         <object_component_ref idref="oc-163"/>
      </symbol>
      <symbol id="sm-87c">
         <name>__mspabi_slli_3</name>
         <value>0x764a</value>
         <object_component_ref idref="oc-163"/>
      </symbol>
      <symbol id="sm-87d">
         <name>__mspabi_slli_2</name>
         <value>0x764c</value>
         <object_component_ref idref="oc-163"/>
      </symbol>
      <symbol id="sm-87e">
         <name>__mspabi_slli_1</name>
         <value>0x764e</value>
         <object_component_ref idref="oc-163"/>
      </symbol>
      <symbol id="sm-87f">
         <name>__mspabi_slli_15</name>
         <value>0x7632</value>
         <object_component_ref idref="oc-163"/>
      </symbol>
      <symbol id="sm-880">
         <name>__mspabi_slli_14</name>
         <value>0x7634</value>
         <object_component_ref idref="oc-163"/>
      </symbol>
      <symbol id="sm-881">
         <name>__mspabi_slli_13</name>
         <value>0x7636</value>
         <object_component_ref idref="oc-163"/>
      </symbol>
      <symbol id="sm-882">
         <name>__mspabi_slli_12</name>
         <value>0x7638</value>
         <object_component_ref idref="oc-163"/>
      </symbol>
      <symbol id="sm-883">
         <name>__mspabi_slli_11</name>
         <value>0x763a</value>
         <object_component_ref idref="oc-163"/>
      </symbol>
      <symbol id="sm-884">
         <name>__mspabi_slli_10</name>
         <value>0x763c</value>
         <object_component_ref idref="oc-163"/>
      </symbol>
      <symbol id="sm-88c">
         <name>__mspabi_slll_9</name>
         <value>0x744c</value>
         <object_component_ref idref="oc-597"/>
      </symbol>
      <symbol id="sm-88d">
         <name>__mspabi_slll_8</name>
         <value>0x7450</value>
         <object_component_ref idref="oc-597"/>
      </symbol>
      <symbol id="sm-88e">
         <name>__mspabi_slll_7</name>
         <value>0x7454</value>
         <object_component_ref idref="oc-597"/>
      </symbol>
      <symbol id="sm-88f">
         <name>__mspabi_slll_6</name>
         <value>0x7458</value>
         <object_component_ref idref="oc-597"/>
      </symbol>
      <symbol id="sm-890">
         <name>__mspabi_slll_5</name>
         <value>0x745c</value>
         <object_component_ref idref="oc-597"/>
      </symbol>
      <symbol id="sm-891">
         <name>__mspabi_slll_4</name>
         <value>0x7460</value>
         <object_component_ref idref="oc-597"/>
      </symbol>
      <symbol id="sm-892">
         <name>__mspabi_slll_3</name>
         <value>0x7464</value>
         <object_component_ref idref="oc-597"/>
      </symbol>
      <symbol id="sm-893">
         <name>__mspabi_slll_2</name>
         <value>0x7468</value>
         <object_component_ref idref="oc-597"/>
      </symbol>
      <symbol id="sm-894">
         <name>__mspabi_slll_1</name>
         <value>0x746c</value>
         <object_component_ref idref="oc-597"/>
      </symbol>
      <symbol id="sm-895">
         <name>__mspabi_slll_15</name>
         <value>0x7434</value>
         <object_component_ref idref="oc-597"/>
      </symbol>
      <symbol id="sm-896">
         <name>__mspabi_slll_14</name>
         <value>0x7438</value>
         <object_component_ref idref="oc-597"/>
      </symbol>
      <symbol id="sm-897">
         <name>__mspabi_slll_13</name>
         <value>0x743c</value>
         <object_component_ref idref="oc-597"/>
      </symbol>
      <symbol id="sm-898">
         <name>__mspabi_slll_12</name>
         <value>0x7440</value>
         <object_component_ref idref="oc-597"/>
      </symbol>
      <symbol id="sm-899">
         <name>__mspabi_slll_11</name>
         <value>0x7444</value>
         <object_component_ref idref="oc-597"/>
      </symbol>
      <symbol id="sm-89a">
         <name>__mspabi_slll_10</name>
         <value>0x7448</value>
         <object_component_ref idref="oc-597"/>
      </symbol>
      <symbol id="sm-8aa">
         <name>__mspabi_srll_8</name>
         <value>0x6f1c</value>
         <object_component_ref idref="oc-64d"/>
      </symbol>
      <symbol id="sm-8ab">
         <name>__mspabi_srll_9</name>
         <value>0x6f16</value>
         <object_component_ref idref="oc-64d"/>
      </symbol>
      <symbol id="sm-8ac">
         <name>__mspabi_srll_6</name>
         <value>0x6f28</value>
         <object_component_ref idref="oc-64d"/>
      </symbol>
      <symbol id="sm-8ad">
         <name>__mspabi_srll_7</name>
         <value>0x6f22</value>
         <object_component_ref idref="oc-64d"/>
      </symbol>
      <symbol id="sm-8ae">
         <name>__mspabi_srll_4</name>
         <value>0x6f34</value>
         <object_component_ref idref="oc-64d"/>
      </symbol>
      <symbol id="sm-8af">
         <name>__mspabi_srll_5</name>
         <value>0x6f2e</value>
         <object_component_ref idref="oc-64d"/>
      </symbol>
      <symbol id="sm-8b0">
         <name>__mspabi_srll_2</name>
         <value>0x6f40</value>
         <object_component_ref idref="oc-64d"/>
      </symbol>
      <symbol id="sm-8b1">
         <name>__mspabi_srll_3</name>
         <value>0x6f3a</value>
         <object_component_ref idref="oc-64d"/>
      </symbol>
      <symbol id="sm-8b2">
         <name>__mspabi_srll_1</name>
         <value>0x6f46</value>
         <object_component_ref idref="oc-64d"/>
      </symbol>
      <symbol id="sm-8b3">
         <name>__mspabi_srll_15</name>
         <value>0x6ef2</value>
         <object_component_ref idref="oc-64d"/>
      </symbol>
      <symbol id="sm-8b4">
         <name>__mspabi_srll_14</name>
         <value>0x6ef8</value>
         <object_component_ref idref="oc-64d"/>
      </symbol>
      <symbol id="sm-8b5">
         <name>__mspabi_srll_13</name>
         <value>0x6efe</value>
         <object_component_ref idref="oc-64d"/>
      </symbol>
      <symbol id="sm-8b6">
         <name>__mspabi_srll_12</name>
         <value>0x6f04</value>
         <object_component_ref idref="oc-64d"/>
      </symbol>
      <symbol id="sm-8b7">
         <name>__mspabi_srll_11</name>
         <value>0x6f0a</value>
         <object_component_ref idref="oc-64d"/>
      </symbol>
      <symbol id="sm-8b8">
         <name>__mspabi_srll_10</name>
         <value>0x6f10</value>
         <object_component_ref idref="oc-64d"/>
      </symbol>
      <symbol id="sm-8b9">
         <name>__mspabi_srll</name>
         <value>0x7882</value>
         <object_component_ref idref="oc-5b5"/>
      </symbol>
      <symbol id="sm-8c7">
         <name>__mspabi_sllll</name>
         <value>0x72aa</value>
         <object_component_ref idref="oc-5af"/>
      </symbol>
      <symbol id="sm-901">
         <name>__mspabi_addd</name>
         <value>0x3100</value>
         <object_component_ref idref="oc-654"/>
      </symbol>
      <symbol id="sm-90c">
         <name>__TI_frcmpyd</name>
         <value>0x573a</value>
         <object_component_ref idref="oc-5ee"/>
      </symbol>
      <symbol id="sm-918">
         <name>HOSTclose</name>
         <value>0x7266</value>
         <object_component_ref idref="oc-4c9"/>
      </symbol>
      <symbol id="sm-924">
         <name>HOSTlseek</name>
         <value>0x68c6</value>
         <object_component_ref idref="oc-4db"/>
      </symbol>
      <symbol id="sm-932">
         <name>parmbuf</name>
         <value>0x14ea</value>
      </symbol>
      <symbol id="sm-933">
         <name>HOSTopen</name>
         <value>0x6d68</value>
         <object_component_ref idref="oc-4c3"/>
      </symbol>
      <symbol id="sm-940">
         <name>HOSTread</name>
         <value>0x6e92</value>
         <object_component_ref idref="oc-4cf"/>
      </symbol>
      <symbol id="sm-94c">
         <name>HOSTrename</name>
         <value>0x6c96</value>
         <object_component_ref idref="oc-4e7"/>
      </symbol>
      <symbol id="sm-958">
         <name>HOSTunlink</name>
         <value>0x7376</value>
         <object_component_ref idref="oc-4e1"/>
      </symbol>
      <symbol id="sm-965">
         <name>HOSTwrite</name>
         <value>0x6dce</value>
         <object_component_ref idref="oc-4d5"/>
      </symbol>
      <symbol id="sm-983">
         <name>__TI_readmsg</name>
         <value>0x75ce</value>
         <object_component_ref idref="oc-58a"/>
      </symbol>
      <symbol id="sm-984">
         <name>C$$IO$$</name>
         <value>0x7540</value>
         <object_component_ref idref="oc-584"/>
      </symbol>
      <symbol id="sm-985">
         <name>_CIOBUF_</name>
         <value>0x122c</value>
         <object_component_ref idref="oc-62b"/>
      </symbol>
      <symbol id="sm-986">
         <name>__TI_writemsg</name>
         <value>0x7516</value>
         <object_component_ref idref="oc-584"/>
      </symbol>
      <symbol id="sm-994">
         <name>lseek</name>
         <value>0x7720</value>
         <object_component_ref idref="oc-3f6"/>
      </symbol>
      <symbol id="sm-99d">
         <name>copysign</name>
         <value>0x7572</value>
         <object_component_ref idref="oc-67f"/>
      </symbol>
      <symbol id="sm-99e">
         <name>copysignl</name>
         <value>0x7572</value>
         <object_component_ref idref="oc-67f"/>
      </symbol>
      <symbol id="sm-9ae">
         <name>__TI_closefile</name>
         <value>0x6b42</value>
         <object_component_ref idref="oc-4b7"/>
      </symbol>
      <symbol id="sm-9d1">
         <name>finddevice</name>
         <value>0x74e2</value>
         <object_component_ref idref="oc-692"/>
      </symbol>
      <symbol id="sm-9d2">
         <name>getdevice</name>
         <value>0x6fa6</value>
         <object_component_ref idref="oc-61f"/>
      </symbol>
      <symbol id="sm-9e1">
         <name>__mspabi_srall</name>
         <value>0x718c</value>
         <object_component_ref idref="oc-6ad"/>
      </symbol>
      <symbol id="sm-9ef">
         <name>strcmp</name>
         <value>0x77de</value>
         <object_component_ref idref="oc-6c2"/>
      </symbol>
      <symbol id="sm-9fc">
         <name>strcpy</name>
         <value>0x78b6</value>
         <object_component_ref idref="oc-5a0"/>
      </symbol>
      <symbol id="sm-a0c">
         <name>strncpy</name>
         <value>0x7652</value>
         <object_component_ref idref="oc-68c"/>
      </symbol>
      <symbol id="sm-a1f">
         <name>close</name>
         <value>0x71d6</value>
         <object_component_ref idref="oc-570"/>
      </symbol>
      <symbol id="sm-a2c">
         <name>unlink</name>
         <value>0x76f8</value>
         <object_component_ref idref="oc-577"/>
      </symbol>
      <symbol id="sm-a2f">
         <name>remove</name>
         <value>0x76f8</value>
      </symbol>
   </symbol_table>
   <title>Link successful</title>
</link_info>
