------------------------------------------------------------
Timing Analyzer Summary
------------------------------------------------------------

Type  : Slow 1200mV 85C Model Setup 'CLK'
Slack : -13.214
TNS   : -584.635

Type  : Slow 1200mV 85C Model Setup 'increment'
Slack : -5.503
TNS   : -204.020

Type  : Slow 1200mV 85C Model Setup 'fiftyM_to_one_clk:one_hz_clk|clk_out'
Slack : -3.699
TNS   : -83.733

Type  : Slow 1200mV 85C Model Setup 'set_time'
Slack : -1.300
TNS   : -27.995

Type  : Slow 1200mV 85C Model Hold 'CLK'
Slack : 0.402
TNS   : 0.000

Type  : Slow 1200mV 85C Model Hold 'increment'
Slack : 0.457
TNS   : 0.000

Type  : Slow 1200mV 85C Model Hold 'fiftyM_to_one_clk:one_hz_clk|clk_out'
Slack : 0.532
TNS   : 0.000

Type  : Slow 1200mV 85C Model Hold 'set_time'
Slack : 0.813
TNS   : 0.000

Type  : Slow 1200mV 85C Model Recovery 'fiftyM_to_one_clk:one_hz_clk|clk_out'
Slack : -0.286
TNS   : -6.533

Type  : Slow 1200mV 85C Model Removal 'fiftyM_to_one_clk:one_hz_clk|clk_out'
Slack : 0.219
TNS   : 0.000

Type  : Slow 1200mV 85C Model Minimum Pulse Width 'CLK'
Slack : -3.000
TNS   : -182.728

Type  : Slow 1200mV 85C Model Minimum Pulse Width 'increment'
Slack : -3.000
TNS   : -64.680

Type  : Slow 1200mV 85C Model Minimum Pulse Width 'fiftyM_to_one_clk:one_hz_clk|clk_out'
Slack : -1.285
TNS   : -30.840

Type  : Slow 1200mV 85C Model Minimum Pulse Width 'set_time'
Slack : 0.440
TNS   : 0.000

Type  : Slow 1200mV 0C Model Setup 'CLK'
Slack : -11.908
TNS   : -524.221

Type  : Slow 1200mV 0C Model Setup 'increment'
Slack : -4.807
TNS   : -177.205

Type  : Slow 1200mV 0C Model Setup 'fiftyM_to_one_clk:one_hz_clk|clk_out'
Slack : -3.342
TNS   : -75.340

Type  : Slow 1200mV 0C Model Setup 'set_time'
Slack : -1.248
TNS   : -26.893

Type  : Slow 1200mV 0C Model Hold 'increment'
Slack : 0.322
TNS   : 0.000

Type  : Slow 1200mV 0C Model Hold 'CLK'
Slack : 0.354
TNS   : 0.000

Type  : Slow 1200mV 0C Model Hold 'fiftyM_to_one_clk:one_hz_clk|clk_out'
Slack : 0.489
TNS   : 0.000

Type  : Slow 1200mV 0C Model Hold 'set_time'
Slack : 0.828
TNS   : 0.000

Type  : Slow 1200mV 0C Model Recovery 'fiftyM_to_one_clk:one_hz_clk|clk_out'
Slack : -0.185
TNS   : -4.159

Type  : Slow 1200mV 0C Model Removal 'fiftyM_to_one_clk:one_hz_clk|clk_out'
Slack : 0.200
TNS   : 0.000

Type  : Slow 1200mV 0C Model Minimum Pulse Width 'CLK'
Slack : -3.000
TNS   : -182.024

Type  : Slow 1200mV 0C Model Minimum Pulse Width 'increment'
Slack : -3.000
TNS   : -64.680

Type  : Slow 1200mV 0C Model Minimum Pulse Width 'fiftyM_to_one_clk:one_hz_clk|clk_out'
Slack : -1.285
TNS   : -30.840

Type  : Slow 1200mV 0C Model Minimum Pulse Width 'set_time'
Slack : 0.466
TNS   : 0.000

Type  : Fast 1200mV 0C Model Setup 'CLK'
Slack : -5.693
TNS   : -226.628

Type  : Fast 1200mV 0C Model Setup 'increment'
Slack : -2.417
TNS   : -85.794

Type  : Fast 1200mV 0C Model Setup 'fiftyM_to_one_clk:one_hz_clk|clk_out'
Slack : -1.447
TNS   : -30.096

Type  : Fast 1200mV 0C Model Setup 'set_time'
Slack : -0.038
TNS   : -0.075

Type  : Fast 1200mV 0C Model Hold 'fiftyM_to_one_clk:one_hz_clk|clk_out'
Slack : 0.058
TNS   : 0.000

Type  : Fast 1200mV 0C Model Hold 'increment'
Slack : 0.163
TNS   : 0.000

Type  : Fast 1200mV 0C Model Hold 'set_time'
Slack : 0.180
TNS   : 0.000

Type  : Fast 1200mV 0C Model Hold 'CLK'
Slack : 0.181
TNS   : 0.000

Type  : Fast 1200mV 0C Model Recovery 'fiftyM_to_one_clk:one_hz_clk|clk_out'
Slack : 0.029
TNS   : 0.000

Type  : Fast 1200mV 0C Model Removal 'fiftyM_to_one_clk:one_hz_clk|clk_out'
Slack : 0.098
TNS   : 0.000

Type  : Fast 1200mV 0C Model Minimum Pulse Width 'CLK'
Slack : -3.000
TNS   : -132.751

Type  : Fast 1200mV 0C Model Minimum Pulse Width 'increment'
Slack : -3.000
TNS   : -57.814

Type  : Fast 1200mV 0C Model Minimum Pulse Width 'fiftyM_to_one_clk:one_hz_clk|clk_out'
Slack : -1.000
TNS   : -24.000

Type  : Fast 1200mV 0C Model Minimum Pulse Width 'set_time'
Slack : 0.403
TNS   : 0.000

------------------------------------------------------------
